Component: ARM Compiler 5.06 update 5 (build 528) Tool: armlink [4d35e2]

==============================================================================

Section Cross References

    main.o(i.main) refers to boards.o(i.bsp_board_leds_init) for bsp_board_leds_init
    main.o(i.main) refers to nrf_drv_spi.o(i.nrf_drv_spi_init) for nrf_drv_spi_init
    main.o(i.main) refers to app_error.o(i.app_error_handler_bare) for app_error_handler_bare
    main.o(i.main) refers to nrf_drv_spi.o(i.nrf_drv_spi_transfer) for nrf_drv_spi_transfer
    main.o(i.main) refers to boards.o(i.bsp_board_led_invert) for bsp_board_led_invert
    main.o(i.main) refers to main.o(.constdata) for .constdata
    main.o(i.main) refers to main.o(i.spi_event_handler) for spi_event_handler
    main.o(i.main) refers to main.o(.data) for m_rx_buf
    main.o(i.main) refers to system_nrf51.o(.data) for SystemCoreClock
    main.o(i.spi_event_handler) refers to main.o(.data) for spi_xfer_done
    boards.o(i.bsp_board_button_idx_to_pin) refers to boards.o(.constdata) for m_board_btn_list
    boards.o(i.bsp_board_button_state_get) refers to boards.o(.constdata) for m_board_btn_list
    boards.o(i.bsp_board_buttons_init) refers to boards.o(i.nrf_gpio_cfg) for nrf_gpio_cfg
    boards.o(i.bsp_board_buttons_init) refers to boards.o(.constdata) for m_board_btn_list
    boards.o(i.bsp_board_led_idx_to_pin) refers to boards.o(.constdata) for m_board_led_list
    boards.o(i.bsp_board_led_invert) refers to boards.o(.constdata) for m_board_led_list
    boards.o(i.bsp_board_led_off) refers to boards.o(i.nrf_gpio_pin_write) for nrf_gpio_pin_write
    boards.o(i.bsp_board_led_off) refers to boards.o(.constdata) for m_board_led_list
    boards.o(i.bsp_board_led_on) refers to boards.o(i.nrf_gpio_pin_write) for nrf_gpio_pin_write
    boards.o(i.bsp_board_led_on) refers to boards.o(.constdata) for m_board_led_list
    boards.o(i.bsp_board_led_state_get) refers to boards.o(.constdata) for m_board_led_list
    boards.o(i.bsp_board_leds_init) refers to boards.o(i.nrf_gpio_cfg) for nrf_gpio_cfg
    boards.o(i.bsp_board_leds_init) refers to boards.o(i.bsp_board_leds_off) for bsp_board_leds_off
    boards.o(i.bsp_board_leds_init) refers to boards.o(.constdata) for m_board_led_list
    boards.o(i.bsp_board_leds_off) refers to boards.o(i.bsp_board_led_off) for bsp_board_led_off
    boards.o(i.bsp_board_leds_on) refers to boards.o(i.bsp_board_led_on) for bsp_board_led_on
    boards.o(i.bsp_board_pin_to_button_idx) refers to boards.o(.constdata) for m_board_btn_list
    boards.o(i.bsp_board_pin_to_led_idx) refers to boards.o(.constdata) for m_board_led_list
    bsp.o(i.alert_timer_handler) refers to boards.o(i.bsp_board_led_invert) for bsp_board_led_invert
    bsp.o(i.bsp_button_event_handler) refers to boards.o(i.bsp_board_pin_to_button_idx) for bsp_board_pin_to_button_idx
    bsp.o(i.bsp_button_event_handler) refers to app_timer.o(i.app_timer_start) for app_timer_start
    bsp.o(i.bsp_button_event_handler) refers to app_timer.o(i.app_timer_stop) for app_timer_stop
    bsp.o(i.bsp_button_event_handler) refers to bsp.o(.bss) for m_events_list
    bsp.o(i.bsp_button_event_handler) refers to bsp.o(.data) for m_app_ticks_per_100ms
    bsp.o(i.bsp_button_event_handler) refers to bsp.o(.constdata) for m_button_timer_id
    bsp.o(i.bsp_button_is_pressed) refers to boards.o(i.bsp_board_button_state_get) for bsp_board_button_state_get
    bsp.o(i.bsp_buttons_disable) refers to app_button.o(i.app_button_disable) for app_button_disable
    bsp.o(i.bsp_buttons_enable) refers to app_button.o(i.app_button_enable) for app_button_enable
    bsp.o(i.bsp_event_to_button_action_assign) refers to bsp.o(.bss) for m_events_list
    bsp.o(i.bsp_indication_set) refers to bsp.o(i.bsp_led_indication) for bsp_led_indication
    bsp.o(i.bsp_indication_set) refers to bsp.o(.data) for m_indication_type
    bsp.o(i.bsp_init) refers to bsp.o(i.bsp_event_to_button_action_assign) for bsp_event_to_button_action_assign
    bsp.o(i.bsp_init) refers to app_button.o(i.app_button_init) for app_button_init
    bsp.o(i.bsp_init) refers to app_button.o(i.app_button_enable) for app_button_enable
    bsp.o(i.bsp_init) refers to app_timer.o(i.app_timer_create) for app_timer_create
    bsp.o(i.bsp_init) refers to boards.o(i.bsp_board_leds_init) for bsp_board_leds_init
    bsp.o(i.bsp_init) refers to bsp.o(.data) for m_app_ticks_per_100ms
    bsp.o(i.bsp_init) refers to bsp.o(.constdata) for app_buttons
    bsp.o(i.bsp_init) refers to bsp.o(i.button_timer_handler) for button_timer_handler
    bsp.o(i.bsp_init) refers to bsp.o(i.leds_timer_handler) for leds_timer_handler
    bsp.o(i.bsp_init) refers to bsp.o(i.alert_timer_handler) for alert_timer_handler
    bsp.o(i.bsp_led_indication) refers to boards.o(i.bsp_board_leds_off) for bsp_board_leds_off
    bsp.o(i.bsp_led_indication) refers to bsp.o(i.__ARM_common_switch8) for __ARM_common_switch8
[...]
    app_timer.o(i.timer_timeouts_check) refers to app_timer.o(.data) for mp_timer_id_head
    app_timer.o(i.timer_timeouts_check_sched) refers to app_timer.o(i.__NVIC_SetPendingIRQ) for __NVIC_SetPendingIRQ
    app_timer.o(i.user_op_alloc) refers to app_timer.o(.data) for m_op_queue
    app_timer.o(i.user_op_enque) refers to app_timer.o(.data) for m_op_queue
    app_util_platform.o(i.app_util_critical_region_enter) refers to app_util_platform.o(i.app_util_disable_irq) for app_util_disable_irq
    app_util_platform.o(i.app_util_critical_region_exit) refers to app_util_platform.o(i.app_util_enable_irq) for app_util_enable_irq
    app_util_platform.o(i.app_util_disable_irq) refers to app_util_platform.o(.data) for m_in_critical_region
    app_util_platform.o(i.app_util_enable_irq) refers to app_util_platform.o(.data) for m_in_critical_region
    nrf_assert.o(i.assert_nrf_callback) refers to app_error_weak.o(i.app_error_fault_handler) for app_error_fault_handler
    arm_startup_nrf51.o(STACK) refers (Special) to heapauxi.o(.text) for __use_two_region_memory
    arm_startup_nrf51.o(HEAP) refers (Special) to heapauxi.o(.text) for __use_two_region_memory
    arm_startup_nrf51.o(RESET) refers (Special) to heapauxi.o(.text) for __use_two_region_memory
    arm_startup_nrf51.o(RESET) refers to arm_startup_nrf51.o(STACK) for __initial_sp
    arm_startup_nrf51.o(RESET) refers to arm_startup_nrf51.o(.text) for Reset_Handler
    arm_startup_nrf51.o(RESET) refers to nrf_drv_uart.o(i.UART0_IRQHandler) for UART0_IRQHandler
    arm_startup_nrf51.o(RESET) refers to nrf_drv_spi.o(i.SPI0_TWI0_IRQHandler) for SPI0_TWI0_IRQHandler
    arm_startup_nrf51.o(RESET) refers to nrf_drv_gpiote.o(i.GPIOTE_IRQHandler) for GPIOTE_IRQHandler
    arm_startup_nrf51.o(RESET) refers to app_timer.o(i.RTC1_IRQHandler) for RTC1_IRQHandler
    arm_startup_nrf51.o(RESET) refers to app_timer.o(i.SWI0_IRQHandler) for SWI0_IRQHandler
    arm_startup_nrf51.o(.text) refers (Special) to heapauxi.o(.text) for __use_two_region_memory
    arm_startup_nrf51.o(.text) refers to system_nrf51.o(i.SystemInit) for SystemInit
    arm_startup_nrf51.o(.text) refers to __main.o(!!!main) for __main
    arm_startup_nrf51.o(.text) refers to arm_startup_nrf51.o(HEAP) for Heap_Mem
    arm_startup_nrf51.o(.text) refers to arm_startup_nrf51.o(STACK) for Stack_Mem
    system_nrf51.o(i.SystemCoreClockUpdate) refers to system_nrf51.o(.data) for SystemCoreClock
    system_nrf51.o(i.SystemInit) refers to system_nrf51.o(i.is_manual_peripheral_setup_needed) for is_manual_peripheral_setup_needed
    system_nrf51.o(i.SystemInit) refers to system_nrf51.o(i.is_disabled_in_debug_needed) for is_disabled_in_debug_needed
    system_nrf51.o(i.SystemInit) refers to system_nrf51.o(i.is_peripheral_domain_setup_needed) for is_peripheral_domain_setup_needed
    __main.o(!!!main) refers to __rtentry.o(.ARM.Collect$$rtentry$$00000000) for __rt_entry
    __rtentry.o(.ARM.Collect$$rtentry$$00000000) refers (Special) to __rtentry2.o(.ARM.Collect$$rtentry$$0000000A) for __rt_entry_li
    __rtentry.o(.ARM.Collect$$rtentry$$00000000) refers (Special) to __rtentry2.o(.ARM.Collect$$rtentry$$0000000D) for __rt_entry_main
    __rtentry.o(.ARM.Collect$$rtentry$$00000000) refers (Special) to __rtentry2.o(.ARM.Collect$$rtentry$$0000000C) for __rt_entry_postli_1
    __rtentry.o(.ARM.Collect$$rtentry$$00000000) refers (Special) to __rtentry2.o(.ARM.Collect$$rtentry$$00000009) for __rt_entry_postsh_1
    __rtentry.o(.ARM.Collect$$rtentry$$00000000) refers (Special) to __rtentry2.o(.ARM.Collect$$rtentry$$00000002) for __rt_entry_presh_1
    __rtentry.o(.ARM.Collect$$rtentry$$00000000) refers (Special) to __rtentry4.o(.ARM.Collect$$rtentry$$00000004) for __rt_entry_sh
    aeabi_idiv0_sigfpe.o(.text) refers to rt_div0.o(.text) for __rt_div0
    __rtentry2.o(.ARM.Collect$$rtentry$$00000008) refers to boardinit2.o(.text) for _platform_post_stackheap_init
    __rtentry2.o(.ARM.Collect$$rtentry$$0000000A) refers to libinit.o(.ARM.Collect$$libinit$$00000000) for __rt_lib_init
    __rtentry2.o(.ARM.Collect$$rtentry$$0000000B) refers to boardinit3.o(.text) for _platform_post_lib_init
    __rtentry2.o(.ARM.Collect$$rtentry$$0000000D) refers to main.o(i.main) for main
    __rtentry2.o(.ARM.Collect$$rtentry$$0000000D) refers to exit.o(.text) for exit
    __rtentry2.o(.ARM.exidx) refers to __rtentry2.o(.ARM.Collect$$rtentry$$00000001) for .ARM.Collect$$rtentry$$00000001
    __rtentry2.o(.ARM.exidx) refers to __rtentry2.o(.ARM.Collect$$rtentry$$00000008) for .ARM.Collect$$rtentry$$00000008
    __rtentry2.o(.ARM.exidx) refers to __rtentry2.o(.ARM.Collect$$rtentry$$0000000A) for .ARM.Collect$$rtentry$$0000000A
    __rtentry2.o(.ARM.exidx) refers to __rtentry2.o(.ARM.Collect$$rtentry$$0000000B) for .ARM.Collect$$rtentry$$0000000B
    __rtentry2.o(.ARM.exidx) refers to __rtentry2.o(.ARM.Collect$$rtentry$$0000000D) for .ARM.Collect$$rtentry$$0000000D
    __rtentry4.o(.ARM.Collect$$rtentry$$00000004) refers to sys_stackheap_outer.o(.text) for __user_setup_stackheap
    __rtentry4.o(.ARM.exidx) refers to __rtentry4.o(.ARM.Collect$$rtentry$$00000004) for .ARM.Collect$$rtentry$$00000004
    rt_div0.o(.text) refers to defsig_fpe_outer.o(.text) for __rt_SIGFPE
    sys_stackheap_outer.o(.text) refers to libspace.o(.text) for __user_perproc_libspace
    sys_stackheap_outer.o(.text) refers to arm_startup_nrf51.o(.text) for __user_initial_stackheap
    sys_stackheap_outer.o(__vectab_stack_and_reset_area) refers to tempstk.o(.text) for __temporary_stack_top
    sys_stackheap_outer.o(__vectab_stack_and_reset_area) refers to __main.o(!!!main) for __main
    exit.o(.text) refers to rtexit.o(.ARM.Collect$$rtexit$$00000000) for __rt_exit
    defsig_fpe_outer.o(.text) refers to defsig_fpe_inner.o(.text) for __rt_SIGFPE_inner
    defsig_fpe_outer.o(.text) refers to defsig_exit.o(.text) for __sig_exit
    defsig_fpe_formal.o(.text) refers to rt_raise.o(.text) for __rt_raise
    libinit.o(.ARM.Collect$$libinit$$00000000) refers (Special) to libinit2.o(.ARM.Collect$$libinit$$0000002E) for __rt_lib_init_alloca_1
    libinit.o(.ARM.Collect$$libinit$$00000000) refers (Special) to libinit2.o(.ARM.Collect$$libinit$$0000002C) for __rt_lib_init_argv_1
    libinit.o(.ARM.Collect$$libinit$$00000000) refers (Special) to libinit2.o(.ARM.Collect$$libinit$$0000001B) for __rt_lib_init_atexit_1
    libinit.o(.ARM.Collect$$libinit$$00000000) refers (Special) to libinit2.o(.ARM.Collect$$libinit$$00000021) for __rt_lib_init_clock_1
    libinit.o(.ARM.Collect$$libinit$$00000000) refers (Special) to libinit2.o(.ARM.Collect$$libinit$$00000032) for __rt_lib_init_cpp_1
    libinit.o(.ARM.Collect$$libinit$$00000000) refers (Special) to libinit2.o(.ARM.Collect$$libinit$$00000030) for __rt_lib_init_exceptions_1
    libinit.o(.ARM.Collect$$libinit$$00000000) refers (Special) to libinit2.o(.ARM.Collect$$libinit$$00000002) for __rt_lib_init_fp_1
    libinit.o(.ARM.Collect$$libinit$$00000000) refers (Special) to libinit2.o(.ARM.Collect$$libinit$$0000001F) for __rt_lib_init_fp_trap_1
    libinit.o(.ARM.Collect$$libinit$$00000000) refers (Special) to libinit2.o(.ARM.Collect$$libinit$$00000023) for __rt_lib_init_getenv_1
    libinit.o(.ARM.Collect$$libinit$$00000000) refers (Special) to libinit2.o(.ARM.Collect$$libinit$$0000000A) for __rt_lib_init_heap_1
    libinit.o(.ARM.Collect$$libinit$$00000000) refers (Special) to libinit2.o(.ARM.Collect$$libinit$$00000011) for __rt_lib_init_lc_collate_1
    libinit.o(.ARM.Collect$$libinit$$00000000) refers (Special) to libinit2.o(.ARM.Collect$$libinit$$00000013) for __rt_lib_init_lc_ctype_1
    libinit.o(.ARM.Collect$$libinit$$00000000) refers (Special) to libinit2.o(.ARM.Collect$$libinit$$00000015) for __rt_lib_init_lc_monetary_1
    libinit.o(.ARM.Collect$$libinit$$00000000) refers (Special) to libinit2.o(.ARM.Collect$$libinit$$00000017) for __rt_lib_init_lc_numeric_1
    libinit.o(.ARM.Collect$$libinit$$00000000) refers (Special) to libinit2.o(.ARM.Collect$$libinit$$00000019) for __rt_lib_init_lc_time_1
    libinit.o(.ARM.Collect$$libinit$$00000000) refers (Special) to libinit2.o(.ARM.Collect$$libinit$$00000004) for __rt_lib_init_preinit_1
    libinit.o(.ARM.Collect$$libinit$$00000000) refers (Special) to libinit2.o(.ARM.Collect$$libinit$$0000000E) for __rt_lib_init_rand_1
    libinit.o(.ARM.Collect$$libinit$$00000000) refers (Special) to libinit2.o(.ARM.Collect$$libinit$$00000033) for __rt_lib_init_return
    libinit.o(.ARM.Collect$$libinit$$00000000) refers (Special) to libinit2.o(.ARM.Collect$$libinit$$0000001D) for __rt_lib_init_signal_1
    libinit.o(.ARM.Collect$$libinit$$00000000) refers (Special) to libinit2.o(.ARM.Collect$$libinit$$00000025) for __rt_lib_init_stdio_1
    libinit.o(.ARM.Collect$$libinit$$00000000) refers (Special) to libinit2.o(.ARM.Collect$$libinit$$0000000C) for __rt_lib_init_user_alloc_1
    libspace.o(.text) refers to libspace.o(.bss) for __libspace_start
    rtexit.o(.ARM.Collect$$rtexit$$00000000) refers (Special) to rtexit2.o(.ARM.Collect$$rtexit$$00000004) for __rt_exit_exit
    rtexit.o(.ARM.Collect$$rtexit$$00000000) refers (Special) to rtexit2.o(.ARM.Collect$$rtexit$$00000003) for __rt_exit_ls
    rtexit.o(.ARM.Collect$$rtexit$$00000000) refers (Special) to rtexit2.o(.ARM.Collect$$rtexit$$00000002) for __rt_exit_prels_1
    rtexit.o(.ARM.exidx) refers (Special) to rtexit2.o(.ARM.Collect$$rtexit$$00000004) for __rt_exit_exit
    rtexit.o(.ARM.exidx) refers (Special) to rtexit2.o(.ARM.Collect$$rtexit$$00000003) for __rt_exit_ls
    rtexit.o(.ARM.exidx) refers (Special) to rtexit2.o(.ARM.Collect$$rtexit$$00000002) for __rt_exit_prels_1
    rtexit.o(.ARM.exidx) refers to rtexit.o(.ARM.Collect$$rtexit$$00000000) for .ARM.Collect$$rtexit$$00000000
    rt_raise.o(.text) refers to __raise.o(.text) for __raise
    rt_raise.o(.text) refers to sys_exit.o(.text) for _sys_exit
    defsig_exit.o(.text) refers to sys_exit.o(.text) for _sys_exit
    defsig_fpe_inner.o(.text) refers to defsig_general.o(.text) for __default_signal_display
    libinit2.o(.ARM.Collect$$libinit$$00000010) refers to libinit2.o(.ARM.Collect$$libinit$$0000000F) for .ARM.Collect$$libinit$$0000000F
    libinit2.o(.ARM.Collect$$libinit$$00000012) refers to libinit2.o(.ARM.Collect$$libinit$$0000000F) for .ARM.Collect$$libinit$$0000000F
    libinit2.o(.ARM.Collect$$libinit$$00000014) refers to libinit2.o(.ARM.Collect$$libinit$$0000000F) for .ARM.Collect$$libinit$$0000000F
    libinit2.o(.ARM.Collect$$libinit$$00000016) refers to libinit2.o(.ARM.Collect$$libinit$$0000000F) for .ARM.Collect$$libinit$$0000000F
    libinit2.o(.ARM.Collect$$libinit$$00000018) refers to libinit2.o(.ARM.Collect$$libinit$$0000000F) for .ARM.Collect$$libinit$$0000000F
    libinit2.o(.ARM.Collect$$libinit$$00000026) refers to argv_veneer.o(.text) for __ARM_argv_veneer
    libinit2.o(.ARM.Collect$$libinit$$00000027) refers to argv_veneer.o(.text) for __ARM_argv_veneer
    sys_exit.o(.text) refers (Special) to use_no_semi.o(.text) for __I$use$semihosting
    sys_exit.o(.text) refers (Special) to indicate_semi.o(.text) for __semihosting_library_function
    rtexit2.o(.ARM.Collect$$rtexit$$00000003) refers to libshutdown.o(.ARM.Collect$$libshutdown$$00000000) for __rt_lib_shutdown
    rtexit2.o(.ARM.Collect$$rtexit$$00000004) refers to sys_exit.o(.text) for _sys_exit
    rtexit2.o(.ARM.exidx) refers to rtexit2.o(.ARM.Collect$$rtexit$$00000001) for .ARM.Collect$$rtexit$$00000001
    rtexit2.o(.ARM.exidx) refers to rtexit2.o(.ARM.Collect$$rtexit$$00000003) for .ARM.Collect$$rtexit$$00000003
    rtexit2.o(.ARM.exidx) refers to rtexit2.o(.ARM.Collect$$rtexit$$00000004) for .ARM.Collect$$rtexit$$00000004
    __raise.o(.text) refers to defsig.o(CL$$defsig) for __default_signal_handler
    defsig_general.o(.text) refers to sys_wrch.o(.text) for _ttywrch
    sys_wrch.o(.text) refers (Special) to use_no_semi.o(.text) for __I$use$semihosting
    sys_wrch.o(.text) refers (Special) to indicate_semi.o(.text) for __semihosting_library_function
    defsig.o(CL$$defsig) refers to defsig_fpe_inner.o(.text) for __rt_SIGFPE_inner
    defsig.o(CL$$defsig) refers to defsig_rtmem_inner.o(.text) for __rt_SIGRTMEM_inner
    _get_argv_nomalloc.o(.text) refers (Special) to hrguard.o(.text) for __heap_region$guard
    _get_argv_nomalloc.o(.text) refers to defsig_rtmem_outer.o(.text) for __rt_SIGRTMEM
    _get_argv_nomalloc.o(.text) refers to sys_command.o(.text) for _sys_command_string
    libshutdown.o(.ARM.Collect$$libshutdown$$00000000) refers (Special) to libshutdown2.o(.ARM.Collect$$libshutdown$$00000002) for __rt_lib_shutdown_cpp_1
    libshutdown.o(.ARM.Collect$$libshutdown$$00000000) refers (Special) to libshutdown2.o(.ARM.Collect$$libshutdown$$00000007) for __rt_lib_shutdown_fp_trap_1
    libshutdown.o(.ARM.Collect$$libshutdown$$00000000) refers (Special) to libshutdown2.o(.ARM.Collect$$libshutdown$$0000000F) for __rt_lib_shutdown_heap_1
    libshutdown.o(.ARM.Collect$$libshutdown$$00000000) refers (Special) to libshutdown2.o(.ARM.Collect$$libshutdown$$00000010) for __rt_lib_shutdown_return
    libshutdown.o(.ARM.Collect$$libshutdown$$00000000) refers (Special) to libshutdown2.o(.ARM.Collect$$libshutdown$$0000000A) for __rt_lib_shutdown_signal_1
    libshutdown.o(.ARM.Collect$$libshutdown$$00000000) refers (Special) to libshutdown2.o(.ARM.Collect$$libshutdown$$00000004) for __rt_lib_shutdown_stdio_1
    libshutdown.o(.ARM.Collect$$libshutdown$$00000000) refers (Special) to libshutdown2.o(.ARM.Collect$$libshutdown$$0000000C) for __rt_lib_shutdown_user_alloc_1
    sys_command.o(.text) refers (Special) to use_no_semi.o(.text) for __I$use$semihosting
    sys_command.o(.text) refers (Special) to indicate_semi.o(.text) for __semihosting_library_function
    defsig_abrt_inner.o(.text) refers to defsig_general.o(.text) for __default_signal_display
    defsig_rtred_inner.o(.text) refers to defsig_general.o(.text) for __default_signal_display
    defsig_rtmem_inner.o(.text) refers to defsig_general.o(.text) for __default_signal_display
    defsig_rtmem_outer.o(.text) refers to defsig_rtmem_inner.o(.text) for __rt_SIGRTMEM_inner
    defsig_rtmem_outer.o(.text) refers to defsig_exit.o(.text) for __sig_exit
    defsig_rtmem_formal.o(.text) refers to rt_raise.o(.text) for __rt_raise
    defsig_stak_inner.o(.text) refers to defsig_general.o(.text) for __default_signal_display
    defsig_pvfn_inner.o(.text) refers to defsig_general.o(.text) for __default_signal_display
    defsig_cppl_inner.o(.text) refers to defsig_general.o(.text) for __default_signal_display
    defsig_segv_inner.o(.text) refers to defsig_general.o(.text) for __default_signal_display
    defsig_other.o(.text) refers to defsig_general.o(.text) for __default_signal_display


==============================================================================

Removing Unused input sections from the image.

    Removing main.o(.rev16_text), (4 bytes).
    Removing main.o(.revsh_text), (4 bytes).
    Removing boards.o(.rev16_text), (4 bytes).
    Removing boards.o(.revsh_text), (4 bytes).
    Removing boards.o(i.bsp_board_button_idx_to_pin), (12 bytes).
    Removing boards.o(i.bsp_board_button_state_get), (52 bytes).
    Removing boards.o(i.bsp_board_buttons_init), (44 bytes).
    Removing boards.o(i.bsp_board_led_idx_to_pin), (12 bytes).
    Removing boards.o(i.bsp_board_led_on), (20 bytes).
    Removing boards.o(i.bsp_board_led_state_get), (52 bytes).
    Removing boards.o(i.bsp_board_leds_on), (20 bytes).
    Removing boards.o(i.bsp_board_pin_to_button_idx), (36 bytes).
    Removing boards.o(i.bsp_board_pin_to_led_idx), (36 bytes).
    Removing bsp.o(.rev16_text), (4 bytes).
    Removing bsp.o(.revsh_text), (4 bytes).
    Removing bsp.o(i.alert_timer_handler), (12 bytes).
    Removing bsp.o(i.bsp_button_event_handler), (204 bytes).
    Removing bsp.o(i.bsp_button_is_pressed), (12 bytes).
    Removing bsp.o(i.bsp_buttons_disable), (8 bytes).
    Removing bsp.o(i.bsp_buttons_enable), (8 bytes).
    Removing bsp.o(i.bsp_event_to_button_action_assign), (92 bytes).
    Removing bsp.o(i.bsp_indication_set), (36 bytes).
    Removing bsp.o(i.bsp_init), (188 bytes).
    Removing bsp.o(i.bsp_led_indication), (820 bytes).
    Removing bsp.o(i.bsp_wakeup_button_disable), (22 bytes).
    Removing bsp.o(i.bsp_wakeup_button_enable), (22 bytes).
    Removing bsp.o(i.button_timer_handler), (14 bytes).
    Removing bsp.o(i.leds_timer_handler), (36 bytes).
    Removing bsp.o(i.nrf_gpio_cfg_sense_set), (64 bytes).
    Removing bsp.o(.bss), (108 bytes).
    Removing bsp.o(.constdata), (44 bytes).
    Removing bsp.o(.data), (21 bytes).
    Removing bsp_nfc.o(.rev16_text), (4 bytes).
    Removing bsp_nfc.o(.revsh_text), (4 bytes).
    Removing bsp_nfc.o(i.bsp_nfc_btn_deinit), (20 bytes).
    Removing bsp_nfc.o(i.bsp_nfc_btn_init), (20 bytes).
    Removing bsp_nfc.o(i.bsp_nfc_sleep_mode_prepare), (4 bytes).
    Removing nrf_drv_common.o(.rev16_text), (4 bytes).
    Removing nrf_drv_common.o(.revsh_text), (4 bytes).
    Removing nrf_drv_gpiote.o(.rev16_text), (4 bytes).
    Removing nrf_drv_gpiote.o(.revsh_text), (4 bytes).
    Removing nrf_drv_gpiote.o(i.channel_free), (32 bytes).
    Removing nrf_drv_gpiote.o(i.channel_port_alloc), (120 bytes).
    Removing nrf_drv_gpiote.o(i.nrf_drv_gpiote_in_event_addr_get), (40 bytes).
    Removing nrf_drv_gpiote.o(i.nrf_drv_gpiote_in_event_disable), (96 bytes).
    Removing nrf_drv_gpiote.o(i.nrf_drv_gpiote_in_event_enable), (188 bytes).
    Removing nrf_drv_gpiote.o(i.nrf_drv_gpiote_in_init), (248 bytes).
    Removing nrf_drv_gpiote.o(i.nrf_drv_gpiote_in_is_set), (22 bytes).
    Removing nrf_drv_gpiote.o(i.nrf_drv_gpiote_in_uninit), (60 bytes).
    Removing nrf_drv_gpiote.o(i.nrf_drv_gpiote_init), (92 bytes).
    Removing nrf_drv_gpiote.o(i.nrf_drv_gpiote_is_init), (20 bytes).
    Removing nrf_drv_gpiote.o(i.nrf_drv_gpiote_out_clear), (12 bytes).
    Removing nrf_drv_gpiote.o(i.nrf_drv_gpiote_out_init), (244 bytes).
    Removing nrf_drv_gpiote.o(i.nrf_drv_gpiote_out_set), (12 bytes).
    Removing nrf_drv_gpiote.o(i.nrf_drv_gpiote_out_task_addr_get), (28 bytes).
    Removing nrf_drv_gpiote.o(i.nrf_drv_gpiote_out_task_disable), (48 bytes).
    Removing nrf_drv_gpiote.o(i.nrf_drv_gpiote_out_task_enable), (76 bytes).
    Removing nrf_drv_gpiote.o(i.nrf_drv_gpiote_out_task_force), (76 bytes).
    Removing nrf_drv_gpiote.o(i.nrf_drv_gpiote_out_task_trigger), (32 bytes).
    Removing nrf_drv_gpiote.o(i.nrf_drv_gpiote_out_toggle), (50 bytes).
    Removing nrf_drv_gpiote.o(i.nrf_drv_gpiote_out_uninit), (54 bytes).
    Removing nrf_drv_gpiote.o(i.nrf_drv_gpiote_uninit), (72 bytes).
    Removing nrf_drv_gpiote.o(i.nrf_gpio_cfg), (42 bytes).
    Removing nrf_drv_gpiote.o(i.nrf_gpio_cfg_default), (24 bytes).
    Removing nrf_drv_gpiote.o(i.nrf_gpio_pin_clear), (24 bytes).
    Removing nrf_drv_gpiote.o(i.nrf_gpio_pin_read), (26 bytes).
    Removing nrf_drv_gpiote.o(i.nrf_gpio_pin_set), (24 bytes).
    Removing nrf_drv_gpiote.o(i.nrf_gpiote_int_enable), (12 bytes).
    Removing nrf_drv_gpiote.o(i.nrf_gpiote_te_default), (20 bytes).
    Removing nrf_drv_gpiote.o(i.pin_in_use_by_gpiote), (28 bytes).
    Removing nrf_drv_gpiote.o(i.pin_in_use_by_port), (24 bytes).
    Removing nrf_drv_gpiote.o(i.pin_in_use_by_te), (32 bytes).
    Removing nrf_drv_gpiote.o(i.pin_in_use_clear), (16 bytes).
    Removing nrf_drv_spi.o(.rev16_text), (4 bytes).
    Removing nrf_drv_spi.o(.revsh_text), (4 bytes).
    Removing nrf_drv_spi.o(i.nrf_drv_spi_uninit), (124 bytes).
    Removing nrf_drv_spi.o(.constdata), (34 bytes).
    Removing nrf_drv_uart.o(.rev16_text), (4 bytes).
    Removing nrf_drv_uart.o(.revsh_text), (4 bytes).
    Removing nrf_drv_uart.o(i.apply_config), (140 bytes).
    Removing nrf_drv_uart.o(i.nrf_drv_get_IRQn), (10 bytes).
    Removing nrf_drv_uart.o(i.nrf_drv_uart_errorsrc_get), (26 bytes).
    Removing nrf_drv_uart.o(i.nrf_drv_uart_init), (152 bytes).
    Removing nrf_drv_uart.o(i.nrf_drv_uart_rx), (116 bytes).
    Removing nrf_drv_uart.o(i.nrf_drv_uart_rx_abort), (24 bytes).
    Removing nrf_drv_uart.o(i.nrf_drv_uart_rx_disable), (32 bytes).
    Removing nrf_drv_uart.o(i.nrf_drv_uart_rx_enable), (48 bytes).
    Removing nrf_drv_uart.o(i.nrf_drv_uart_rx_for_uart), (212 bytes).
    Removing nrf_drv_uart.o(i.nrf_drv_uart_tx), (56 bytes).
    Removing nrf_drv_uart.o(i.nrf_drv_uart_tx_abort), (52 bytes).
    Removing nrf_drv_uart.o(i.nrf_drv_uart_tx_for_uart), (152 bytes).
    Removing nrf_drv_uart.o(i.nrf_drv_uart_tx_in_progress), (32 bytes).
    Removing nrf_drv_uart.o(i.nrf_drv_uart_uninit), (140 bytes).
    Removing nrf_drv_uart.o(i.nrf_gpio_cfg), (42 bytes).
    Removing nrf_drv_uart.o(i.nrf_gpio_cfg_default), (24 bytes).
    Removing nrf_drv_uart.o(i.nrf_gpio_cfg_input), (26 bytes).
    Removing nrf_drv_uart.o(i.nrf_gpio_cfg_output), (24 bytes).
    Removing nrf_drv_uart.o(i.nrf_gpio_pin_set), (24 bytes).
    Removing nrf_drv_uart.o(i.nrf_uart_hwfc_pins_set), (18 bytes).
    Removing nrf_drv_uart.o(i.nrf_uart_int_enable), (10 bytes).
    Removing nrf_drv_uart.o(i.nrf_uart_txrx_pins_set), (18 bytes).
    Removing nrf_drv_uart.o(i.pins_to_default), (138 bytes).
    Removing nrf_drv_uart.o(i.rx_enable), (34 bytes).
    Removing nrf_drv_uart.o(.constdata), (100 bytes).
    Removing app_button.o(.rev16_text), (4 bytes).
    Removing app_button.o(.revsh_text), (4 bytes).
    Removing app_button.o(i.app_button_disable), (52 bytes).
    Removing app_button.o(i.app_button_enable), (44 bytes).
    Removing app_button.o(i.app_button_init), (172 bytes).
    Removing app_button.o(i.app_button_is_pushed), (44 bytes).
    Removing app_button.o(i.detection_delay_timeout_handler), (140 bytes).
    Removing app_button.o(i.gpiote_event_handler), (128 bytes).
    Removing app_button.o(.bss), (32 bytes).
    Removing app_button.o(.constdata), (8 bytes).
    Removing app_button.o(.data), (20 bytes).
    Removing app_error.o(.rev16_text), (4 bytes).
    Removing app_error.o(.revsh_text), (4 bytes).
    Removing app_error.o(i.app_error_handler), (32 bytes).
    Removing app_error.o(i.app_error_save_and_stop), (140 bytes).
    Removing app_error.o(.bss), (32 bytes).
    Removing app_error_weak.o(.rev16_text), (4 bytes).
    Removing app_error_weak.o(.revsh_text), (4 bytes).
    Removing app_timer.o(.rev16_text), (4 bytes).
    Removing app_timer.o(.revsh_text), (4 bytes).
    Removing app_timer.o(i.__NVIC_SetPriority), (120 bytes).
    Removing app_timer.o(i.app_timer_cnt_diff_compute), (22 bytes).
    Removing app_timer.o(i.app_timer_cnt_get), (8 bytes).
    Removing app_timer.o(i.app_timer_create), (68 bytes).
    Removing app_timer.o(i.app_timer_init), (140 bytes).
    Removing app_timer.o(i.app_timer_start), (84 bytes).
    Removing app_timer.o(i.app_timer_stop), (56 bytes).
    Removing app_timer.o(i.app_timer_stop_all), (32 bytes).
    Removing app_timer.o(i.rtc1_init), (24 bytes).
    Removing app_timer.o(i.timer_start_op_schedule), (86 bytes).
    Removing app_timer.o(i.timer_stop_op_schedule), (60 bytes).
    Removing app_timer.o(i.user_op_alloc), (56 bytes).
    Removing app_timer.o(i.user_op_enque), (12 bytes).
    Removing app_util_platform.o(.rev16_text), (4 bytes).
    Removing app_util_platform.o(.revsh_text), (4 bytes).
    Removing app_util_platform.o(i.app_util_critical_region_enter), (10 bytes).
    Removing app_util_platform.o(i.app_util_critical_region_exit), (10 bytes).
    Removing app_util_platform.o(i.app_util_disable_irq), (20 bytes).
    Removing app_util_platform.o(i.app_util_enable_irq), (28 bytes).
    Removing app_util_platform.o(.data), (4 bytes).
    Removing nrf_assert.o(.rev16_text), (4 bytes).
    Removing nrf_assert.o(.revsh_text), (4 bytes).
    Removing nrf_assert.o(i.assert_nrf_callback), (28 bytes).
    Removing nrf_log_frontend.o(.rev16_text), (4 bytes).
    Removing nrf_log_frontend.o(.revsh_text), (4 bytes).
    Removing nrf_log_backend_serial.o(.rev16_text), (4 bytes).
    Removing nrf_log_backend_serial.o(.revsh_text), (4 bytes).
    Removing system_nrf51.o(.rev16_text), (4 bytes).
    Removing system_nrf51.o(.revsh_text), (4 bytes).
    Removing system_nrf51.o(i.SystemCoreClockUpdate), (16 bytes).
    Removing bsp.o(i.__ARM_common_switch8), (28 bytes).

155 unused section(s) (total 7633 bytes) removed from the image.

==============================================================================

Image Symbol Table

    Local Symbols

    Symbol Name                              Value     Ov Type        Size  Object(Section)

    RESET                                    0x00000000   Section      192  arm_startup_nrf51.o(RESET)
    ../clib/angel/boardlib.s                 0x00000000   Number         0  boardinit2.o ABSOLUTE
    ../clib/angel/boardlib.s                 0x00000000   Number         0  boardshut.o ABSOLUTE
    ../clib/angel/boardlib.s                 0x00000000   Number         0  boardinit1.o ABSOLUTE
    ../clib/angel/boardlib.s                 0x00000000   Number         0  boardinit3.o ABSOLUTE
    ../clib/angel/handlers.s                 0x00000000   Number         0  __scatter_copy.o ABSOLUTE
    ../clib/angel/handlers.s                 0x00000000   Number         0  __scatter_zi.o ABSOLUTE
    ../clib/angel/kernel.s                   0x00000000   Number         0  rtexit2.o ABSOLUTE
    ../clib/angel/kernel.s                   0x00000000   Number         0  rtexit.o ABSOLUTE
    ../clib/angel/kernel.s                   0x00000000   Number         0  __rtentry2.o ABSOLUTE
    ../clib/angel/kernel.s                   0x00000000   Number         0  __rtentry4.o ABSOLUTE
    ../clib/angel/kernel.s                   0x00000000   Number         0  __rtentry.o ABSOLUTE
    ../clib/angel/rt.s                       0x00000000   Number         0  aeabi_idiv0_sigfpe.o ABSOLUTE
    ../clib/angel/rt.s                       0x00000000   Number         0  rt_raise.o ABSOLUTE
    ../clib/angel/rt.s                       0x00000000   Number         0  rt_div0.o ABSOLUTE
    ../clib/angel/rt.s                       0x00000000   Number         0  aeabi_idiv0.o ABSOLUTE
    ../clib/angel/scatterp.s                 0x00000000   Number         0  __scatter.o ABSOLUTE
    ../clib/angel/startup.s                  0x00000000   Number         0  __main.o ABSOLUTE
    ../clib/angel/sys.s                      0x00000000   Number         0  indicate_semi.o ABSOLUTE
    ../clib/angel/sys.s                      0x00000000   Number         0  use_no_semi.o ABSOLUTE
    ../clib/angel/sys.s                      0x00000000   Number         0  libspace.o ABSOLUTE
    ../clib/angel/sys.s                      0x00000000   Number         0  sys_stackheap_outer.o ABSOLUTE
    ../clib/angel/sys.s                      0x00000000   Number         0  tempstk.o ABSOLUTE
    ../clib/angel/sysapp.c                   0x00000000   Number         0  sys_exit.o ABSOLUTE
    ../clib/angel/sysapp.c                   0x00000000   Number         0  sys_wrch.o ABSOLUTE
    ../clib/angel/sysapp.c                   0x00000000   Number         0  sys_command.o ABSOLUTE
    ../clib/armsys.c                         0x00000000   Number         0  argv_veneer.o ABSOLUTE
    ../clib/armsys.c                         0x00000000   Number         0  _get_argv_nomalloc.o ABSOLUTE
    ../clib/armsys.c                         0x00000000   Number         0  no_argv.o ABSOLUTE
    ../clib/division.s                       0x00000000   Number         0  aeabi_sdiv.o ABSOLUTE
    ../clib/division.s                       0x00000000   Number         0  aeabi_sdiv_div0.o ABSOLUTE
    ../clib/heapalloc.c                      0x00000000   Number         0  hrguard.o ABSOLUTE
    ../clib/heapaux.c                        0x00000000   Number         0  heapauxi.o ABSOLUTE
    ../clib/libinit.s                        0x00000000   Number         0  libshutdown.o ABSOLUTE
    ../clib/libinit.s                        0x00000000   Number         0  libshutdown2.o ABSOLUTE
    ../clib/libinit.s                        0x00000000   Number         0  libinit.o ABSOLUTE
    ../clib/libinit.s                        0x00000000   Number         0  libinit2.o ABSOLUTE
    ../clib/signal.c                         0x00000000   Number         0  defsig_stak_inner.o ABSOLUTE
    ../clib/signal.c                         0x00000000   Number         0  defsig_rtmem_formal.o ABSOLUTE
    ../clib/signal.c                         0x00000000   Number         0  defsig_rtmem_outer.o ABSOLUTE
    ../clib/signal.c                         0x00000000   Number         0  defsig_rtmem_inner.o ABSOLUTE
    ../clib/signal.c                         0x00000000   Number         0  defsig_rtred_inner.o ABSOLUTE
    ../clib/signal.c                         0x00000000   Number         0  __raise.o ABSOLUTE
    ../clib/signal.c                         0x00000000   Number         0  defsig_fpe_inner.o ABSOLUTE
    ../clib/signal.c                         0x00000000   Number         0  defsig_exit.o ABSOLUTE
    ../clib/signal.c                         0x00000000   Number         0  defsig_abrt_inner.o ABSOLUTE
    ../clib/signal.c                         0x00000000   Number         0  defsig_general.o ABSOLUTE
    ../clib/signal.c                         0x00000000   Number         0  defsig_fpe_formal.o ABSOLUTE
    ../clib/signal.c                         0x00000000   Number         0  defsig_other.o ABSOLUTE
    ../clib/signal.c                         0x00000000   Number         0  defsig_fpe_outer.o ABSOLUTE
    ../clib/signal.c                         0x00000000   Number         0  defsig_segv_inner.o ABSOLUTE
    ../clib/signal.c                         0x00000000   Number         0  defsig_cppl_inner.o ABSOLUTE
    ../clib/signal.c                         0x00000000   Number         0  defsig_pvfn_inner.o ABSOLUTE
    ../clib/signal.s                         0x00000000   Number         0  defsig.o ABSOLUTE
    ../clib/stdlib.c                         0x00000000   Number         0  exit.o ABSOLUTE
    ../fplib/cfplib/fpinit.c                 0x00000000   Number         0  fpinit.o ABSOLUTE
    ..\Src\Board Defintion\boards.c          0x00000000   Number         0  boards.o ABSOLUTE
    ..\Src\Board Support\bsp.c               0x00000000   Number         0  bsp.o ABSOLUTE
    ..\Src\Board Support\bsp_nfc.c           0x00000000   Number         0  bsp_nfc.o ABSOLUTE
    ..\Src\main.c                            0x00000000   Number         0  main.o ABSOLUTE
    ..\Src\nRF_Drivers\nrf_drv_common.c      0x00000000   Number         0  nrf_drv_common.o ABSOLUTE
    ..\Src\nRF_Drivers\nrf_drv_gpiote.c      0x00000000   Number         0  nrf_drv_gpiote.o ABSOLUTE
    ..\Src\nRF_Drivers\nrf_drv_spi.c         0x00000000   Number         0  nrf_drv_spi.o ABSOLUTE
    ..\Src\nRF_Drivers\nrf_drv_uart.c        0x00000000   Number         0  nrf_drv_uart.o ABSOLUTE
    ..\Src\nRF_Libraries\app_button.c        0x00000000   Number         0  app_button.o ABSOLUTE
    ..\Src\nRF_Libraries\app_error.c         0x00000000   Number         0  app_error.o ABSOLUTE
    ..\Src\nRF_Libraries\app_error_weak.c    0x00000000   Number         0  app_error_weak.o ABSOLUTE
    ..\Src\nRF_Libraries\app_timer.c         0x00000000   Number         0  app_timer.o ABSOLUTE
    ..\Src\nRF_Libraries\app_util_platform.c 0x00000000   Number         0  app_util_platform.o ABSOLUTE
    ..\Src\nRF_Libraries\nrf_assert.c        0x00000000   Number         0  nrf_assert.o ABSOLUTE
    ..\Src\nRF_Libraries\sdk_errors.c        0x00000000   Number         0  sdk_errors.o ABSOLUTE
    ..\Src\nRF_log\nrf_log_backend_serial.c  0x00000000   Number         0  nrf_log_backend_serial.o ABSOLUTE
    ..\Src\nRF_log\nrf_log_frontend.c        0x00000000   Number         0  nrf_log_frontend.o ABSOLUTE
    ..\\Src\\Board Defintion\\boards.c       0x00000000   Number         0  boards.o ABSOLUTE
    ..\\Src\\Board Support\\bsp.c            0x00000000   Number         0  bsp.o ABSOLUTE
    ..\\Src\\Board Support\\bsp_nfc.c        0x00000000   Number         0  bsp_nfc.o ABSOLUTE
    ..\\Src\\main.c                          0x00000000   Number         0  main.o ABSOLUTE
    ..\\Src\\nRF_Drivers\\nrf_drv_common.c   0x00000000   Number         0  nrf_drv_common.o ABSOLUTE
    ..\\Src\\nRF_Drivers\\nrf_drv_gpiote.c   0x00000000   Number         0  nrf_drv_gpiote.o ABSOLUTE
    ..\\Src\\nRF_Drivers\\nrf_drv_spi.c      0x00000000   Number         0  nrf_drv_spi.o ABSOLUTE
    ..\\Src\\nRF_Drivers\\nrf_drv_uart.c     0x00000000   Number         0  nrf_drv_uart.o ABSOLUTE
    ..\\Src\\nRF_Libraries\\app_button.c     0x00000000   Number         0  app_button.o ABSOLUTE
    ..\\Src\\nRF_Libraries\\app_error.c      0x00000000   Number         0  app_error.o ABSOLUTE
    ..\\Src\\nRF_Libraries\\app_error_weak.c 0x00000000   Number         0  app_error_weak.o ABSOLUTE
    ..\\Src\\nRF_Libraries\\app_timer.c      0x00000000   Number         0  app_timer.o ABSOLUTE
    ..\\Src\\nRF_Libraries\\app_util_platform.c 0x00000000   Number         0  app_util_platform.o ABSOLUTE
    ..\\Src\\nRF_Libraries\\nrf_assert.c     0x00000000   Number         0  nrf_assert.o ABSOLUTE
    ..\\Src\\nRF_log\\nrf_log_backend_serial.c 0x00000000   Number         0  nrf_log_backend_serial.o ABSOLUTE
    ..\\Src\\nRF_log\\nrf_log_frontend.c     0x00000000   Number         0  nrf_log_frontend.o ABSOLUTE
    RTE\Device\nRF51822_xxAA\arm_startup_nrf51.s 0x00000000   Number         0  arm_startup_nrf51.o ABSOLUTE
    RTE\Device\nRF51822_xxAA\system_nrf51.c  0x00000000   Number         0  system_nrf51.o ABSOLUTE
    RTE\\Device\\nRF51822_xxAA\\system_nrf51.c 0x00000000   Number         0  system_nrf51.o ABSOLUTE
    dc.s                                     0x00000000   Number         0  dc.o ABSOLUTE
    !!!main                                  0x000000c0   Section        8  __main.o(!!!main)
    !!!scatter                               0x000000c8   Section       60  __scatter.o(!!!scatter)
    !!handler_copy                           0x00000104   Section       26  __scatter_copy.o(!!handler_copy)
    !!handler_zi                             0x00000120   Section       28  __scatter_zi.o(!!handler_zi)
    .ARM.Collect$$libinit$$00000000          0x0000013c   Section        2  libinit.o(.ARM.Collect$$libinit$$00000000)
    .ARM.Collect$$libinit$$00000002          0x0000013e   Section        0  libinit2.o(.ARM.Collect$$libinit$$00000002)
    .ARM.Collect$$libinit$$00000004          0x0000013e   Section        0  libinit2.o(.ARM.Collect$$libinit$$00000004)
    .ARM.Collect$$libinit$$0000000A          0x0000013e   Section        0  libinit2.o(.ARM.Collect$$libinit$$0000000A)
    .ARM.Collect$$libinit$$0000000C          0x0000013e   Section        0  libinit2.o(.ARM.Collect$$libinit$$0000000C)
    .ARM.Collect$$libinit$$0000000E          0x0000013e   Section        0  libinit2.o(.ARM.Collect$$libinit$$0000000E)
    .ARM.Collect$$libinit$$00000011          0x0000013e   Section        0  libinit2.o(.ARM.Collect$$libinit$$00000011)
    .ARM.Collect$$libinit$$00000013          0x0000013e   Section        0  libinit2.o(.ARM.Collect$$libinit$$00000013)
    .ARM.Collect$$libinit$$00000015          0x0000013e   Section        0  libinit2.o(.ARM.Collect$$libinit$$00000015)
    .ARM.Collect$$libinit$$00000017          0x0000013e   Section        0  libinit2.o(.ARM.Collect$$libinit$$00000017)
    .ARM.Collect$$libinit$$00000019          0x0000013e   Section        0  libinit2.o(.ARM.Collect$$libinit$$00000019)
    .ARM.Collect$$libinit$$0000001B          0x0000013e   Section        0  libinit2.o(.ARM.Collect$$libinit$$0000001B)
    .ARM.Collect$$libinit$$0000001D          0x0000013e   Section        0  libinit2.o(.ARM.Collect$$libinit$$0000001D)
    .ARM.Collect$$libinit$$0000001F          0x0000013e   Section        0  libinit2.o(.ARM.Collect$$libinit$$0000001F)
    .ARM.Collect$$libinit$$00000021          0x0000013e   Section        0  libinit2.o(.ARM.Collect$$libinit$$00000021)
    .ARM.Collect$$libinit$$00000023          0x0000013e   Section        0  libinit2.o(.ARM.Collect$$libinit$$00000023)
    .ARM.Collect$$libinit$$00000025          0x0000013e   Section        0  libinit2.o(.ARM.Collect$$libinit$$00000025)
    .ARM.Collect$$libinit$$0000002C          0x0000013e   Section        0  libinit2.o(.ARM.Collect$$libinit$$0000002C)
    .ARM.Collect$$libinit$$0000002E          0x0000013e   Section        0  libinit2.o(.ARM.Collect$$libinit$$0000002E)
    .ARM.Collect$$libinit$$00000030          0x0000013e   Section        0  libinit2.o(.ARM.Collect$$libinit$$00000030)
    .ARM.Collect$$libinit$$00000032          0x0000013e   Section        0  libinit2.o(.ARM.Collect$$libinit$$00000032)
    .ARM.Collect$$libinit$$00000033          0x0000013e   Section        2  libinit2.o(.ARM.Collect$$libinit$$00000033)
    .ARM.Collect$$libshutdown$$00000000      0x00000140   Section        2  libshutdown.o(.ARM.Collect$$libshutdown$$00000000)
    .ARM.Collect$$libshutdown$$00000002      0x00000142   Section        0  libshutdown2.o(.ARM.Collect$$libshutdown$$00000002)
    .ARM.Collect$$libshutdown$$00000004      0x00000142   Section        0  libshutdown2.o(.ARM.Collect$$libshutdown$$00000004)
    .ARM.Collect$$libshutdown$$00000007      0x00000142   Section        0  libshutdown2.o(.ARM.Collect$$libshutdown$$00000007)
    .ARM.Collect$$libshutdown$$0000000A      0x00000142   Section        0  libshutdown2.o(.ARM.Collect$$libshutdown$$0000000A)
    .ARM.Collect$$libshutdown$$0000000C      0x00000142   Section        0  libshutdown2.o(.ARM.Collect$$libshutdown$$0000000C)
    .ARM.Collect$$libshutdown$$0000000F      0x00000142   Section        0  libshutdown2.o(.ARM.Collect$$libshutdown$$0000000F)
    .ARM.Collect$$libshutdown$$00000010      0x00000142   Section        2  libshutdown2.o(.ARM.Collect$$libshutdown$$00000010)
    .ARM.Collect$$rtentry$$00000000          0x00000144   Section        0  __rtentry.o(.ARM.Collect$$rtentry$$00000000)
    .ARM.Collect$$rtentry$$00000002          0x00000144   Section        0  __rtentry2.o(.ARM.Collect$$rtentry$$00000002)
    .ARM.Collect$$rtentry$$00000004          0x00000144   Section        6  __rtentry4.o(.ARM.Collect$$rtentry$$00000004)
    .ARM.Collect$$rtentry$$00000009          0x0000014a   Section        0  __rtentry2.o(.ARM.Collect$$rtentry$$00000009)
    .ARM.Collect$$rtentry$$0000000A          0x0000014a   Section        4  __rtentry2.o(.ARM.Collect$$rtentry$$0000000A)
    .ARM.Collect$$rtentry$$0000000C          0x0000014e   Section        0  __rtentry2.o(.ARM.Collect$$rtentry$$0000000C)
    .ARM.Collect$$rtentry$$0000000D          0x0000014e   Section        8  __rtentry2.o(.ARM.Collect$$rtentry$$0000000D)
    .ARM.Collect$$rtexit$$00000000           0x00000156   Section        2  rtexit.o(.ARM.Collect$$rtexit$$00000000)
    .ARM.Collect$$rtexit$$00000002           0x00000158   Section        0  rtexit2.o(.ARM.Collect$$rtexit$$00000002)
    .ARM.Collect$$rtexit$$00000003           0x00000158   Section        4  rtexit2.o(.ARM.Collect$$rtexit$$00000003)
    .ARM.Collect$$rtexit$$00000004           0x0000015c   Section        6  rtexit2.o(.ARM.Collect$$rtexit$$00000004)
    .text                                    0x00000164   Section       84  arm_startup_nrf51.o(.text)
    .text                                    0x000001b8   Section        0  heapauxi.o(.text)
    .text                                    0x000001be   Section       62  sys_stackheap_outer.o(.text)
    .text                                    0x000001fc   Section        0  exit.o(.text)
    .text                                    0x0000020c   Section        8  libspace.o(.text)
    .text                                    0x00000214   Section        0  sys_exit.o(.text)
    .text                                    0x00000220   Section        2  use_no_semi.o(.text)
    .text                                    0x00000222   Section        0  indicate_semi.o(.text)
    i.GPIOTE_IRQHandler                      0x00000224   Section        0  nrf_drv_gpiote.o(i.GPIOTE_IRQHandler)
    i.RTC1_IRQHandler                        0x0000049c   Section        0  app_timer.o(i.RTC1_IRQHandler)
    i.SPI0_TWI0_IRQHandler                   0x000004c4   Section        0  nrf_drv_spi.o(i.SPI0_TWI0_IRQHandler)
    i.SWI0_IRQHandler                        0x000004dc   Section        0  app_timer.o(i.SWI0_IRQHandler)
    i.SystemInit                             0x000004e4   Section        0  system_nrf51.o(i.SystemInit)
    i.UART0_IRQHandler                       0x00000548   Section        0  nrf_drv_uart.o(i.UART0_IRQHandler)
    i.__NVIC_ClearPendingIRQ                 0x0000055c   Section        0  app_timer.o(i.__NVIC_ClearPendingIRQ)
    __NVIC_ClearPendingIRQ                   0x0000055d   Thumb Code    18  app_timer.o(i.__NVIC_ClearPendingIRQ)
    i.__NVIC_EnableIRQ                       0x00000574   Section        0  app_timer.o(i.__NVIC_EnableIRQ)
    __NVIC_EnableIRQ                         0x00000575   Thumb Code    18  app_timer.o(i.__NVIC_EnableIRQ)
    i.__NVIC_SetPendingIRQ                   0x0000058c   Section        0  app_timer.o(i.__NVIC_SetPendingIRQ)
    __NVIC_SetPendingIRQ                     0x0000058d   Thumb Code    18  app_timer.o(i.__NVIC_SetPendingIRQ)
    i.__NVIC_SetPriority                     0x000005a4   Section        0  nrf_drv_common.o(i.__NVIC_SetPriority)
    __NVIC_SetPriority                       0x000005a5   Thumb Code   110  nrf_drv_common.o(i.__NVIC_SetPriority)
    i.app_error_fault_handler                0x0000061c   Section        0  app_error_weak.o(i.app_error_fault_handler)
    i.app_error_handler_bare                 0x00000654   Section        0  app_error.o(i.app_error_handler_bare)
    i.bsp_board_led_invert                   0x00000674   Section        0  boards.o(i.bsp_board_led_invert)
    i.bsp_board_led_off                      0x000006b0   Section        0  boards.o(i.bsp_board_led_off)
    i.bsp_board_leds_init                    0x000006c4   Section        0  boards.o(i.bsp_board_leds_init)
    i.bsp_board_leds_off                     0x000006f4   Section        0  boards.o(i.bsp_board_leds_off)
    i.channel_handler_get                    0x00000708   Section        0  nrf_drv_gpiote.o(i.channel_handler_get)
    channel_handler_get                      0x00000709   Thumb Code    10  nrf_drv_gpiote.o(i.channel_handler_get)
    i.channel_port_get                       0x00000718   Section        0  nrf_drv_gpiote.o(i.channel_port_get)
    channel_port_get                         0x00000719   Thumb Code     8  nrf_drv_gpiote.o(i.channel_port_get)
    i.compare_reg_update                     0x00000724   Section        0  app_timer.o(i.compare_reg_update)
    compare_reg_update                       0x00000725   Thumb Code   126  app_timer.o(i.compare_reg_update)
    i.elapsed_ticks_acquire                  0x000007b0   Section        0  app_timer.o(i.elapsed_ticks_acquire)
    elapsed_ticks_acquire                    0x000007b1   Thumb Code    82  app_timer.o(i.elapsed_ticks_acquire)
    i.expired_timers_handler                 0x00000814   Section        0  app_timer.o(i.expired_timers_handler)
    expired_timers_handler                   0x00000815   Thumb Code    86  app_timer.o(i.expired_timers_handler)
    i.finish_transfer                        0x00000870   Section        0  nrf_drv_spi.o(i.finish_transfer)
    finish_transfer                          0x00000871   Thumb Code    30  nrf_drv_spi.o(i.finish_transfer)
    i.irq_handler_spi                        0x0000088e   Section        0  nrf_drv_spi.o(i.irq_handler_spi)
    irq_handler_spi                          0x0000088f   Thumb Code    36  nrf_drv_spi.o(i.irq_handler_spi)
    i.is_disabled_in_debug_needed            0x000008b4   Section        0  system_nrf51.o(i.is_disabled_in_debug_needed)
    is_disabled_in_debug_needed              0x000008b5   Thumb Code    52  system_nrf51.o(i.is_disabled_in_debug_needed)
    i.is_manual_peripheral_setup_needed      0x000008ec   Section        0  system_nrf51.o(i.is_manual_peripheral_setup_needed)
    is_manual_peripheral_setup_needed        0x000008ed   Thumb Code   104  system_nrf51.o(i.is_manual_peripheral_setup_needed)
    i.is_peripheral_domain_setup_needed      0x00000958   Section        0  system_nrf51.o(i.is_peripheral_domain_setup_needed)
    is_peripheral_domain_setup_needed        0x00000959   Thumb Code    78  system_nrf51.o(i.is_peripheral_domain_setup_needed)
    i.list_deletions_handler                 0x000009ac   Section        0  app_timer.o(i.list_deletions_handler)
    list_deletions_handler                   0x000009ad   Thumb Code   114  app_timer.o(i.list_deletions_handler)
    i.list_insertions_handler                0x00000a28   Section        0  app_timer.o(i.list_insertions_handler)
    list_insertions_handler                  0x00000a29   Thumb Code   226  app_timer.o(i.list_insertions_handler)
    i.main                                   0x00000b20   Section        0  main.o(i.main)
    i.nrf_bitmask_bit_is_set                 0x00000c14   Section        0  nrf_drv_gpiote.o(i.nrf_bitmask_bit_is_set)
    nrf_bitmask_bit_is_set                   0x00000c15   Thumb Code    22  nrf_drv_gpiote.o(i.nrf_bitmask_bit_is_set)
    i.nrf_delay_us                           0x00000c2c   Section        0  app_timer.o(i.nrf_delay_us)
    nrf_delay_us                             0x00000c2d   Thumb Code    54  app_timer.o(i.nrf_delay_us)
    i.nrf_drv_common_irq_enable              0x00000c6c   Section        0  nrf_drv_common.o(i.nrf_drv_common_irq_enable)
    i.nrf_drv_spi_init                       0x00000cac   Section        0  nrf_drv_spi.o(i.nrf_drv_spi_init)
    i.nrf_drv_spi_transfer                   0x00000e20   Section        0  nrf_drv_spi.o(i.nrf_drv_spi_transfer)
    i.nrf_drv_spi_xfer                       0x00000e44   Section        0  nrf_drv_spi.o(i.nrf_drv_spi_xfer)
    i.nrf_gpio_cfg                           0x00000ec4   Section        0  boards.o(i.nrf_gpio_cfg)
    nrf_gpio_cfg                             0x00000ec5   Thumb Code    42  boards.o(i.nrf_gpio_cfg)
    i.nrf_gpio_cfg                           0x00000eee   Section        0  nrf_drv_spi.o(i.nrf_gpio_cfg)
    nrf_gpio_cfg                             0x00000eef   Thumb Code    42  nrf_drv_spi.o(i.nrf_gpio_cfg)
    i.nrf_gpio_cfg_output                    0x00000f18   Section        0  nrf_drv_spi.o(i.nrf_gpio_cfg_output)
    nrf_gpio_cfg_output                      0x00000f19   Thumb Code    24  nrf_drv_spi.o(i.nrf_gpio_cfg_output)
    i.nrf_gpio_cfg_sense_set                 0x00000f30   Section        0  nrf_drv_gpiote.o(i.nrf_gpio_cfg_sense_set)
    nrf_gpio_cfg_sense_set                   0x00000f31   Thumb Code    64  nrf_drv_gpiote.o(i.nrf_gpio_cfg_sense_set)
    i.nrf_gpio_pin_clear                     0x00000f70   Section        0  nrf_drv_spi.o(i.nrf_gpio_pin_clear)
    nrf_gpio_pin_clear                       0x00000f71   Thumb Code    24  nrf_drv_spi.o(i.nrf_gpio_pin_clear)
    i.nrf_gpio_pin_set                       0x00000f88   Section        0  nrf_drv_spi.o(i.nrf_gpio_pin_set)
    nrf_gpio_pin_set                         0x00000f89   Thumb Code    24  nrf_drv_spi.o(i.nrf_gpio_pin_set)
    i.nrf_gpio_pin_write                     0x00000fa0   Section        0  boards.o(i.nrf_gpio_pin_write)
    nrf_gpio_pin_write                       0x00000fa1   Thumb Code    64  boards.o(i.nrf_gpio_pin_write)
    i.nrf_gpio_ports_read                    0x00000fe0   Section        0  nrf_drv_gpiote.o(i.nrf_gpio_ports_read)
    nrf_gpio_ports_read                      0x00000fe1   Thumb Code    42  nrf_drv_gpiote.o(i.nrf_gpio_ports_read)
    i.nrf_gpiote_event_addr_get              0x00001010   Section        0  nrf_drv_gpiote.o(i.nrf_gpiote_event_addr_get)
    nrf_gpiote_event_addr_get                0x00001011   Thumb Code     8  nrf_drv_gpiote.o(i.nrf_gpiote_event_addr_get)
    i.nrf_gpiote_event_clear                 0x0000101c   Section        0  nrf_drv_gpiote.o(i.nrf_gpiote_event_clear)
    nrf_gpiote_event_clear                   0x0000101d   Thumb Code    16  nrf_drv_gpiote.o(i.nrf_gpiote_event_clear)
    i.nrf_gpiote_event_is_set                0x0000102c   Section        0  nrf_drv_gpiote.o(i.nrf_gpiote_event_is_set)
    nrf_gpiote_event_is_set                  0x0000102d   Thumb Code    22  nrf_drv_gpiote.o(i.nrf_gpiote_event_is_set)
    i.nrf_spi_event_clear                    0x00001042   Section        0  nrf_drv_spi.o(i.nrf_spi_event_clear)
    nrf_spi_event_clear                      0x00001043   Thumb Code     6  nrf_drv_spi.o(i.nrf_spi_event_clear)
    i.nrf_spi_int_disable                    0x00001048   Section        0  nrf_drv_spi.o(i.nrf_spi_int_disable)
    nrf_spi_int_disable                      0x00001049   Thumb Code    10  nrf_drv_spi.o(i.nrf_spi_int_disable)
    i.nrf_spi_int_enable                     0x00001052   Section        0  nrf_drv_spi.o(i.nrf_spi_int_enable)
    nrf_spi_int_enable                       0x00001053   Thumb Code    10  nrf_drv_spi.o(i.nrf_spi_int_enable)
    i.nrf_spi_txd_set                        0x0000105c   Section        0  nrf_drv_spi.o(i.nrf_spi_txd_set)
    nrf_spi_txd_set                          0x0000105d   Thumb Code    10  nrf_drv_spi.o(i.nrf_spi_txd_set)
    i.nrf_uart_errorsrc_get_and_clear        0x00001066   Section        0  nrf_drv_uart.o(i.nrf_uart_errorsrc_get_and_clear)
    nrf_uart_errorsrc_get_and_clear          0x00001067   Thumb Code    20  nrf_drv_uart.o(i.nrf_uart_errorsrc_get_and_clear)
    i.nrf_uart_event_check                   0x0000107a   Section        0  nrf_drv_uart.o(i.nrf_uart_event_check)
    nrf_uart_event_check                     0x0000107b   Thumb Code    16  nrf_drv_uart.o(i.nrf_uart_event_check)
    i.nrf_uart_event_clear                   0x0000108a   Section        0  nrf_drv_uart.o(i.nrf_uart_event_clear)
    nrf_uart_event_clear                     0x0000108b   Thumb Code     6  nrf_drv_uart.o(i.nrf_uart_event_clear)
    i.nrf_uart_int_disable                   0x00001090   Section        0  nrf_drv_uart.o(i.nrf_uart_int_disable)
    nrf_uart_int_disable                     0x00001091   Thumb Code    10  nrf_drv_uart.o(i.nrf_uart_int_disable)
    i.nrf_uart_int_enable_check              0x0000109a   Section        0  nrf_drv_uart.o(i.nrf_uart_int_enable_check)
    nrf_uart_int_enable_check                0x0000109b   Thumb Code    24  nrf_drv_uart.o(i.nrf_uart_int_enable_check)
    i.nrf_uart_task_trigger                  0x000010b2   Section        0  nrf_drv_uart.o(i.nrf_uart_task_trigger)
    nrf_uart_task_trigger                    0x000010b3   Thumb Code     6  nrf_drv_uart.o(i.nrf_uart_task_trigger)
    i.rtc1_compare0_set                      0x000010b8   Section        0  app_timer.o(i.rtc1_compare0_set)
    rtc1_compare0_set                        0x000010b9   Thumb Code     6  app_timer.o(i.rtc1_compare0_set)
    i.rtc1_counter_get                       0x000010c4   Section        0  app_timer.o(i.rtc1_counter_get)
    rtc1_counter_get                         0x000010c5   Thumb Code     6  app_timer.o(i.rtc1_counter_get)
    i.rtc1_start                             0x000010d0   Section        0  app_timer.o(i.rtc1_start)
    rtc1_start                               0x000010d1   Thumb Code    48  app_timer.o(i.rtc1_start)
    i.rtc1_stop                              0x0000110c   Section        0  app_timer.o(i.rtc1_stop)
    rtc1_stop                                0x0000110d   Thumb Code   106  app_timer.o(i.rtc1_stop)
    i.rx_byte                                0x0000118c   Section        0  nrf_drv_uart.o(i.rx_byte)
    rx_byte                                  0x0000118d   Thumb Code    72  nrf_drv_uart.o(i.rx_byte)
    i.rx_done_event                          0x000011d4   Section        0  nrf_drv_uart.o(i.rx_done_event)
    rx_done_event                            0x000011d5   Thumb Code    28  nrf_drv_uart.o(i.rx_done_event)
    i.spi_event_handler                      0x000011f0   Section        0  main.o(i.spi_event_handler)
    i.spi_xfer                               0x000011fc   Section        0  nrf_drv_spi.o(i.spi_xfer)
    spi_xfer                                 0x000011fd   Thumb Code   162  nrf_drv_spi.o(i.spi_xfer)
    i.ticks_diff_get                         0x0000129e   Section        0  app_timer.o(i.ticks_diff_get)
    ticks_diff_get                           0x0000129f   Thumb Code    10  app_timer.o(i.ticks_diff_get)
    i.timeout_handler_exec                   0x000012a8   Section        0  app_timer.o(i.timeout_handler_exec)
    timeout_handler_exec                     0x000012a9   Thumb Code    54  app_timer.o(i.timeout_handler_exec)
    i.timer_list_handler                     0x000012e4   Section        0  app_timer.o(i.timer_list_handler)
    timer_list_handler                       0x000012e5   Thumb Code    74  app_timer.o(i.timer_list_handler)
    i.timer_list_handler_sched               0x0000133c   Section        0  app_timer.o(i.timer_list_handler_sched)
    timer_list_handler_sched                 0x0000133d   Thumb Code    10  app_timer.o(i.timer_list_handler_sched)
    i.timer_list_insert                      0x00001348   Section        0  app_timer.o(i.timer_list_insert)
    timer_list_insert                        0x00001349   Thumb Code   104  app_timer.o(i.timer_list_insert)
    i.timer_list_remove                      0x000013b4   Section        0  app_timer.o(i.timer_list_remove)
    timer_list_remove                        0x000013b5   Thumb Code    96  app_timer.o(i.timer_list_remove)
    i.timer_timeouts_check                   0x00001424   Section        0  app_timer.o(i.timer_timeouts_check)
    timer_timeouts_check                     0x00001425   Thumb Code   128  app_timer.o(i.timer_timeouts_check)
    i.timer_timeouts_check_sched             0x000014b8   Section        0  app_timer.o(i.timer_timeouts_check_sched)
    timer_timeouts_check_sched               0x000014b9   Thumb Code    10  app_timer.o(i.timer_timeouts_check_sched)
    i.transfer_byte                          0x000014c2   Section        0  nrf_drv_spi.o(i.transfer_byte)
    transfer_byte                            0x000014c3   Thumb Code   110  nrf_drv_spi.o(i.transfer_byte)
    i.tx_byte                                0x00001530   Section        0  nrf_drv_uart.o(i.tx_byte)
    tx_byte                                  0x00001531   Thumb Code    42  nrf_drv_uart.o(i.tx_byte)
    i.tx_done_event                          0x0000155a   Section        0  nrf_drv_uart.o(i.tx_done_event)
    tx_done_event                            0x0000155b   Thumb Code    34  nrf_drv_uart.o(i.tx_done_event)
    i.uart_irq_handler                       0x0000157c   Section        0  nrf_drv_uart.o(i.uart_irq_handler)
    uart_irq_handler                         0x0000157d   Thumb Code   344  nrf_drv_uart.o(i.uart_irq_handler)
    .constdata                               0x000016d4   Section       24  main.o(.constdata)
    spi                                      0x000016d4   Data           8  main.o(.constdata)
    .constdata                               0x000016ec   Section        8  boards.o(.constdata)
    m_board_led_list                         0x000016ec   Data           4  boards.o(.constdata)
    m_board_btn_list                         0x000016f0   Data           4  boards.o(.constdata)
    .constdata                               0x000016f4   Section       71  nrf_drv_gpiote.o(.constdata)
    __func__                                 0x000016f8   Data          20  nrf_drv_gpiote.o(.constdata)
    __func__                                 0x0000170c   Data          24  nrf_drv_gpiote.o(.constdata)
    __func__                                 0x00001724   Data          23  nrf_drv_gpiote.o(.constdata)
    .data                                    0x20000000   Section       11  main.o(.data)
    spi_xfer_done                            0x20000000   Data           1  main.o(.data)
    m_tx_buf                                 0x20000001   Data           2  main.o(.data)
    m_rx_buf                                 0x20000003   Data           8  main.o(.data)
    .data                                    0x2000000c   Section       34  app_timer.o(.data)
    m_op_queue                               0x2000000c   Data           8  app_timer.o(.data)
    mp_timer_id_head                         0x20000014   Data           4  app_timer.o(.data)
    m_ticks_latest                           0x20000018   Data           4  app_timer.o(.data)
    m_ticks_elapsed                          0x2000001c   Data           8  app_timer.o(.data)
    m_ticks_elapsed_q_read_ind               0x20000024   Data           1  app_timer.o(.data)
    m_ticks_elapsed_q_write_ind              0x20000025   Data           1  app_timer.o(.data)
    m_evt_schedule_func                      0x20000028   Data           4  app_timer.o(.data)
    m_rtc1_running                           0x2000002c   Data           1  app_timer.o(.data)
    m_rtc1_reset                             0x2000002d   Data           1  app_timer.o(.data)
    .data                                    0x20000030   Section        4  system_nrf51.o(.data)
    __tagsym$$used                           0x20000030   Number         0  system_nrf51.o(.data)
    .bss                                     0x20000034   Section       72  nrf_drv_gpiote.o(.bss)
    m_cb                                     0x20000034   Data          72  nrf_drv_gpiote.o(.bss)
    .bss                                     0x2000007c   Section       32  nrf_drv_spi.o(.bss)
    m_cb                                     0x2000007c   Data          32  nrf_drv_spi.o(.bss)
    .bss                                     0x2000009c   Section       28  nrf_drv_uart.o(.bss)
    m_cb                                     0x2000009c   Data          28  nrf_drv_uart.o(.bss)
    .bss                                     0x200000b8   Section       96  libspace.o(.bss)
    HEAP                                     0x20000118   Section     2048  arm_startup_nrf51.o(HEAP)
    Heap_Mem                                 0x20000118   Data        2048  arm_startup_nrf51.o(HEAP)
    STACK                                    0x20000918   Section     2048  arm_startup_nrf51.o(STACK)
    Stack_Mem                                0x20000918   Data        2048  arm_startup_nrf51.o(STACK)
    __initial_sp                             0x20001118   Data           0  arm_startup_nrf51.o(STACK)

    Global Symbols

    Symbol Name                              Value     Ov Type        Size  Object(Section)

    BuildAttributes$$THM_ISAv3M$S$PE$A:L22$X:L11$S22$IEEE1$IW$USESV6$~STKCKD$USESV7$~SHL$OSPACE$ROPI$EBA8$UX$STANDARDLIB$REQ8$PRES8$EABIv2 0x00000000   Number         0  anon$$obj.o ABSOLUTE
    __ARM_use_no_argv                        0x00000000   Number         0  main.o ABSOLUTE
    __Vectors                                0x00000000   Data           4  arm_startup_nrf51.o(RESET)
    __ARM_exceptions_init                     - Undefined Weak Reference
    __alloca_initialize                       - Undefined Weak Reference
    __arm_preinit_                            - Undefined Weak Reference
    __cpp_initialize__aeabi_                  - Undefined Weak Reference
    __cxa_finalize                            - Undefined Weak Reference
    __rt_locale                               - Undefined Weak Reference
    __sigvec_lookup                           - Undefined Weak Reference
    _atexit_init                              - Undefined Weak Reference
    _call_atexit_fns                          - Undefined Weak Reference
    _clock_init                               - Undefined Weak Reference
    _fp_trap_init                             - Undefined Weak Reference
    _fp_trap_shutdown                         - Undefined Weak Reference
    _get_lc_collate                           - Undefined Weak Reference
    _get_lc_ctype                             - Undefined Weak Reference
    _get_lc_monetary                          - Undefined Weak Reference
    _get_lc_numeric                           - Undefined Weak Reference
    _get_lc_time                              - Undefined Weak Reference
    _getenv_init                              - Undefined Weak Reference
    _handle_redirection                       - Undefined Weak Reference
    _init_alloc                               - Undefined Weak Reference
    _init_user_alloc                          - Undefined Weak Reference
    _initio                                   - Undefined Weak Reference
    _rand_init                                - Undefined Weak Reference
    _signal_finish                            - Undefined Weak Reference
    _signal_init                              - Undefined Weak Reference
    _terminate_alloc                          - Undefined Weak Reference
    _terminate_user_alloc                     - Undefined Weak Reference
    _terminateio                              - Undefined Weak Reference
    __Vectors_End                            0x000000c0   Data           0  arm_startup_nrf51.o(RESET)
    __Vectors_Size                           0x000000c0   Number         0  arm_startup_nrf51.o ABSOLUTE
    __main                                   0x000000c1   Thumb Code     8  __main.o(!!!main)
    __scatterload                            0x000000c9   Thumb Code     0  __scatter.o(!!!scatter)
    __scatterload_rt2                        0x000000c9   Thumb Code    52  __scatter.o(!!!scatter)
    __scatterload_rt2_thumb_only             0x000000c9   Thumb Code     0  __scatter.o(!!!scatter)
    __scatterload_null                       0x000000d9   Thumb Code     0  __scatter.o(!!!scatter)
    __scatterload_copy                       0x00000105   Thumb Code    26  __scatter_copy.o(!!handler_copy)
    __scatterload_zeroinit                   0x00000121   Thumb Code    28  __scatter_zi.o(!!handler_zi)
    __rt_lib_init                            0x0000013d   Thumb Code     0  libinit.o(.ARM.Collect$$libinit$$00000000)
    __rt_lib_init_alloca_1                   0x0000013f   Thumb Code     0  libinit2.o(.ARM.Collect$$libinit$$0000002E)
    __rt_lib_init_argv_1                     0x0000013f   Thumb Code     0  libinit2.o(.ARM.Collect$$libinit$$0000002C)
    __rt_lib_init_atexit_1                   0x0000013f   Thumb Code     0  libinit2.o(.ARM.Collect$$libinit$$0000001B)
    __rt_lib_init_clock_1                    0x0000013f   Thumb Code     0  libinit2.o(.ARM.Collect$$libinit$$00000021)
    __rt_lib_init_cpp_1                      0x0000013f   Thumb Code     0  libinit2.o(.ARM.Collect$$libinit$$00000032)
    __rt_lib_init_exceptions_1               0x0000013f   Thumb Code     0  libinit2.o(.ARM.Collect$$libinit$$00000030)
    __rt_lib_init_fp_1                       0x0000013f   Thumb Code     0  libinit2.o(.ARM.Collect$$libinit$$00000002)
    __rt_lib_init_fp_trap_1                  0x0000013f   Thumb Code     0  libinit2.o(.ARM.Collect$$libinit$$0000001F)
    __rt_lib_init_getenv_1                   0x0000013f   Thumb Code     0  libinit2.o(.ARM.Collect$$libinit$$00000023)
    __rt_lib_init_heap_1                     0x0000013f   Thumb Code     0  libinit2.o(.ARM.Collect$$libinit$$0000000A)
    __rt_lib_init_lc_collate_1               0x0000013f   Thumb Code     0  libinit2.o(.ARM.Collect$$libinit$$00000011)
    __rt_lib_init_lc_ctype_1                 0x0000013f   Thumb Code     0  libinit2.o(.ARM.Collect$$libinit$$00000013)
    __rt_lib_init_lc_monetary_1              0x0000013f   Thumb Code     0  libinit2.o(.ARM.Collect$$libinit$$00000015)
    __rt_lib_init_lc_numeric_1               0x0000013f   Thumb Code     0  libinit2.o(.ARM.Collect$$libinit$$00000017)
    __rt_lib_init_lc_time_1                  0x0000013f   Thumb Code     0  libinit2.o(.ARM.Collect$$libinit$$00000019)
    __rt_lib_init_preinit_1                  0x0000013f   Thumb Code     0  libinit2.o(.ARM.Collect$$libinit$$00000004)
    __rt_lib_init_rand_1                     0x0000013f   Thumb Code     0  libinit2.o(.ARM.Collect$$libinit$$0000000E)
    __rt_lib_init_return                     0x0000013f   Thumb Code     0  libinit2.o(.ARM.Collect$$libinit$$00000033)
    __rt_lib_init_signal_1                   0x0000013f   Thumb Code     0  libinit2.o(.ARM.Collect$$libinit$$0000001D)
    __rt_lib_init_stdio_1                    0x0000013f   Thumb Code     0  libinit2.o(.ARM.Collect$$libinit$$00000025)
    __rt_lib_init_user_alloc_1               0x0000013f   Thumb Code     0  libinit2.o(.ARM.Collect$$libinit$$0000000C)
    __rt_lib_shutdown                        0x00000141   Thumb Code     0  libshutdown.o(.ARM.Collect$$libshutdown$$00000000)
    __rt_lib_shutdown_cpp_1                  0x00000143   Thumb Code     0  libshutdown2.o(.ARM.Collect$$libshutdown$$00000002)
    __rt_lib_shutdown_fp_trap_1              0x00000143   Thumb Code     0  libshutdown2.o(.ARM.Collect$$libshutdown$$00000007)
    __rt_lib_shutdown_heap_1                 0x00000143   Thumb Code     0  libshutdown2.o(.ARM.Collect$$libshutdown$$0000000F)
    __rt_lib_shutdown_return                 0x00000143   Thumb Code     0  libshutdown2.o(.ARM.Collect$$libshutdown$$00000010)
    __rt_lib_shutdown_signal_1               0x00000143   Thumb Code     0  libshutdown2.o(.ARM.Collect$$libshutdown$$0000000A)
    __rt_lib_shutdown_stdio_1                0x00000143   Thumb Code     0  libshutdown2.o(.ARM.Collect$$libshutdown$$00000004)
    __rt_lib_shutdown_user_alloc_1           0x00000143   Thumb Code     0  libshutdown2.o(.ARM.Collect$$libshutdown$$0000000C)
    __rt_entry                               0x00000145   Thumb Code     0  __rtentry.o(.ARM.Collect$$rtentry$$00000000)
    __rt_entry_presh_1                       0x00000145   Thumb Code     0  __rtentry2.o(.ARM.Collect$$rtentry$$00000002)
    __rt_entry_sh                            0x00000145   Thumb Code     0  __rtentry4.o(.ARM.Collect$$rtentry$$00000004)
    __rt_entry_li                            0x0000014b   Thumb Code     0  __rtentry2.o(.ARM.Collect$$rtentry$$0000000A)
    __rt_entry_postsh_1                      0x0000014b   Thumb Code     0  __rtentry2.o(.ARM.Collect$$rtentry$$00000009)
    __rt_entry_main                          0x0000014f   Thumb Code     0  __rtentry2.o(.ARM.Collect$$rtentry$$0000000D)
    __rt_entry_postli_1                      0x0000014f   Thumb Code     0  __rtentry2.o(.ARM.Collect$$rtentry$$0000000C)
    __rt_exit                                0x00000157   Thumb Code     0  rtexit.o(.ARM.Collect$$rtexit$$00000000)
    __rt_exit_ls                             0x00000159   Thumb Code     0  rtexit2.o(.ARM.Collect$$rtexit$$00000003)
    __rt_exit_prels_1                        0x00000159   Thumb Code     0  rtexit2.o(.ARM.Collect$$rtexit$$00000002)
    __rt_exit_exit                           0x0000015d   Thumb Code     0  rtexit2.o(.ARM.Collect$$rtexit$$00000004)
    Reset_Handler                            0x00000165   Thumb Code    26  arm_startup_nrf51.o(.text)
    NMI_Handler                              0x0000017f   Thumb Code     2  arm_startup_nrf51.o(.text)
    HardFault_Handler                        0x00000181   Thumb Code     2  arm_startup_nrf51.o(.text)
    SVC_Handler                              0x00000183   Thumb Code     2  arm_startup_nrf51.o(.text)
    PendSV_Handler                           0x00000185   Thumb Code     2  arm_startup_nrf51.o(.text)
    SysTick_Handler                          0x00000187   Thumb Code     2  arm_startup_nrf51.o(.text)
    ADC_IRQHandler                           0x00000189   Thumb Code     0  arm_startup_nrf51.o(.text)
    CCM_AAR_IRQHandler                       0x00000189   Thumb Code     0  arm_startup_nrf51.o(.text)
    ECB_IRQHandler                           0x00000189   Thumb Code     0  arm_startup_nrf51.o(.text)
    LPCOMP_IRQHandler                        0x00000189   Thumb Code     0  arm_startup_nrf51.o(.text)
    POWER_CLOCK_IRQHandler                   0x00000189   Thumb Code     0  arm_startup_nrf51.o(.text)
    QDEC_IRQHandler                          0x00000189   Thumb Code     0  arm_startup_nrf51.o(.text)
    RADIO_IRQHandler                         0x00000189   Thumb Code     0  arm_startup_nrf51.o(.text)
    RNG_IRQHandler                           0x00000189   Thumb Code     0  arm_startup_nrf51.o(.text)
    RTC0_IRQHandler                          0x00000189   Thumb Code     0  arm_startup_nrf51.o(.text)
    SPI1_TWI1_IRQHandler                     0x00000189   Thumb Code     0  arm_startup_nrf51.o(.text)
    SWI1_IRQHandler                          0x00000189   Thumb Code     0  arm_startup_nrf51.o(.text)
    SWI2_IRQHandler                          0x00000189   Thumb Code     0  arm_startup_nrf51.o(.text)
    SWI3_IRQHandler                          0x00000189   Thumb Code     0  arm_startup_nrf51.o(.text)
    SWI4_IRQHandler                          0x00000189   Thumb Code     0  arm_startup_nrf51.o(.text)
    SWI5_IRQHandler                          0x00000189   Thumb Code     0  arm_startup_nrf51.o(.text)
    TEMP_IRQHandler                          0x00000189   Thumb Code     0  arm_startup_nrf51.o(.text)
    TIMER0_IRQHandler                        0x00000189   Thumb Code     0  arm_startup_nrf51.o(.text)
    TIMER1_IRQHandler                        0x00000189   Thumb Code     0  arm_startup_nrf51.o(.text)
    TIMER2_IRQHandler                        0x00000189   Thumb Code     0  arm_startup_nrf51.o(.text)
    WDT_IRQHandler                           0x00000189   Thumb Code     0  arm_startup_nrf51.o(.text)
    __user_initial_stackheap                 0x0000018d   Thumb Code    10  arm_startup_nrf51.o(.text)
    __use_two_region_memory                  0x000001b9   Thumb Code     2  heapauxi.o(.text)
    __rt_heap_escrow$2region                 0x000001bb   Thumb Code     2  heapauxi.o(.text)
    __rt_heap_expand$2region                 0x000001bd   Thumb Code     2  heapauxi.o(.text)
    __user_setup_stackheap                   0x000001bf   Thumb Code    62  sys_stackheap_outer.o(.text)
    exit                                     0x000001fd   Thumb Code    16  exit.o(.text)
    __user_libspace                          0x0000020d   Thumb Code     8  libspace.o(.text)
    __user_perproc_libspace                  0x0000020d   Thumb Code     0  libspace.o(.text)
    __user_perthread_libspace                0x0000020d   Thumb Code     0  libspace.o(.text)
    _sys_exit                                0x00000215   Thumb Code     8  sys_exit.o(.text)
    __I$use$semihosting                      0x00000221   Thumb Code     0  use_no_semi.o(.text)
    __use_no_semihosting_swi                 0x00000221   Thumb Code     2  use_no_semi.o(.text)
    __semihosting_library_function           0x00000223   Thumb Code     0  indicate_semi.o(.text)
    GPIOTE_IRQHandler                        0x00000225   Thumb Code   618  nrf_drv_gpiote.o(i.GPIOTE_IRQHandler)
    RTC1_IRQHandler                          0x0000049d   Thumb Code    34  app_timer.o(i.RTC1_IRQHandler)
    SPI0_TWI0_IRQHandler                     0x000004c5   Thumb Code    14  nrf_drv_spi.o(i.SPI0_TWI0_IRQHandler)
    SWI0_IRQHandler                          0x000004dd   Thumb Code     8  app_timer.o(i.SWI0_IRQHandler)
    SystemInit                               0x000004e5   Thumb Code    76  system_nrf51.o(i.SystemInit)
    UART0_IRQHandler                         0x00000549   Thumb Code    12  nrf_drv_uart.o(i.UART0_IRQHandler)
    app_error_fault_handler                  0x0000061d   Thumb Code    48  app_error_weak.o(i.app_error_fault_handler)
    app_error_handler_bare                   0x00000655   Thumb Code    26  app_error.o(i.app_error_handler_bare)
    bsp_board_led_invert                     0x00000675   Thumb Code    54  boards.o(i.bsp_board_led_invert)
    bsp_board_led_off                        0x000006b1   Thumb Code    16  boards.o(i.bsp_board_led_off)
    bsp_board_leds_init                      0x000006c5   Thumb Code    42  boards.o(i.bsp_board_leds_init)
    bsp_board_leds_off                       0x000006f5   Thumb Code    20  boards.o(i.bsp_board_leds_off)
    main                                     0x00000b21   Thumb Code   212  main.o(i.main)
    nrf_drv_common_irq_enable                0x00000c6d   Thumb Code    56  nrf_drv_common.o(i.nrf_drv_common_irq_enable)
    nrf_drv_spi_init                         0x00000cad   Thumb Code   368  nrf_drv_spi.o(i.nrf_drv_spi_init)
    nrf_drv_spi_transfer                     0x00000e21   Thumb Code    36  nrf_drv_spi.o(i.nrf_drv_spi_transfer)
    nrf_drv_spi_xfer                         0x00000e45   Thumb Code   124  nrf_drv_spi.o(i.nrf_drv_spi_xfer)
    spi_event_handler                        0x000011f1   Thumb Code     8  main.o(i.spi_event_handler)
    Region$$Table$$Base                      0x0000173c   Number         0  anon$$obj.o(Region$$Table)
    Region$$Table$$Limit                     0x0000175c   Number         0  anon$$obj.o(Region$$Table)
    SystemCoreClock                          0x20000030   Data           4  system_nrf51.o(.data)
    __libspace_start                         0x200000b8   Data          96  libspace.o(.bss)
    __temporary_stack_top$libspace           0x20000118   Data           0  libspace.o(.bss)



==============================================================================

Memory Map of the image

  Image Entry point : 0x000000c1

  Load Region LR_IROM1 (Base: 0x00000000, Size: 0x00001790, Max: 0x00040000, ABSOLUTE)

    Execution Region ER_IROM1 (Exec base: 0x00000000, Load base: 0x00000000, Size: 0x0000175c, Max: 0x00040000, ABSOLUTE)

    Exec Addr    Load Addr    Size         Type   Attr      Idx    E Section Name        Object

    0x00000000   0x00000000   0x000000c0   Data   RO         1525    RESET               arm_startup_nrf51.o
    0x000000c0   0x000000c0   0x00000008   Code   RO         1585  * !!!main             c_p.l(__main.o)
    0x000000c8   0x000000c8   0x0000003c   Code   RO         1754    !!!scatter          c_p.l(__scatter.o)
    0x00000104   0x00000104   0x0000001a   Code   RO         1756    !!handler_copy      c_p.l(__scatter_copy.o)
    0x0000011e   0x0000011e   0x00000002   PAD
    0x00000120   0x00000120   0x0000001c   Code   RO         1758    !!handler_zi        c_p.l(__scatter_zi.o)
    0x0000013c   0x0000013c   0x00000002   Code   RO         1623    .ARM.Collect$$libinit$$00000000  c_p.l(libinit.o)
    0x0000013e   0x0000013e   0x00000000   Code   RO         1637    .ARM.Collect$$libinit$$00000002  c_p.l(libinit2.o)
    0x0000013e   0x0000013e   0x00000000   Code   RO         1639    .ARM.Collect$$libinit$$00000004  c_p.l(libinit2.o)
    0x0000013e   0x0000013e   0x00000000   Code   RO         1642    .ARM.Collect$$libinit$$0000000A  c_p.l(libinit2.o)
    0x0000013e   0x0000013e   0x00000000   Code   RO         1644    .ARM.Collect$$libinit$$0000000C  c_p.l(libinit2.o)
    0x0000013e   0x0000013e   0x00000000   Code   RO         1646    .ARM.Collect$$libinit$$0000000E  c_p.l(libinit2.o)
    0x0000013e   0x0000013e   0x00000000   Code   RO         1649    .ARM.Collect$$libinit$$00000011  c_p.l(libinit2.o)
    0x0000013e   0x0000013e   0x00000000   Code   RO         1651    .ARM.Collect$$libinit$$00000013  c_p.l(libinit2.o)
    0x0000013e   0x0000013e   0x00000000   Code   RO         1653    .ARM.Collect$$libinit$$00000015  c_p.l(libinit2.o)
    0x0000013e   0x0000013e   0x00000000   Code   RO         1655    .ARM.Collect$$libinit$$00000017  c_p.l(libinit2.o)
    0x0000013e   0x0000013e   0x00000000   Code   RO         1657    .ARM.Collect$$libinit$$00000019  c_p.l(libinit2.o)
    0x0000013e   0x0000013e   0x00000000   Code   RO         1659    .ARM.Collect$$libinit$$0000001B  c_p.l(libinit2.o)
    0x0000013e   0x0000013e   0x00000000   Code   RO         1661    .ARM.Collect$$libinit$$0000001D  c_p.l(libinit2.o)
    0x0000013e   0x0000013e   0x00000000   Code   RO         1663    .ARM.Collect$$libinit$$0000001F  c_p.l(libinit2.o)
    0x0000013e   0x0000013e   0x00000000   Code   RO         1665    .ARM.Collect$$libinit$$00000021  c_p.l(libinit2.o)
    0x0000013e   0x0000013e   0x00000000   Code   RO         1667    .ARM.Collect$$libinit$$00000023  c_p.l(libinit2.o)
    0x0000013e   0x0000013e   0x00000000   Code   RO         1669    .ARM.Collect$$libinit$$00000025  c_p.l(libinit2.o)
    0x0000013e   0x0000013e   0x00000000   Code   RO         1673    .ARM.Collect$$libinit$$0000002C  c_p.l(libinit2.o)
    0x0000013e   0x0000013e   0x00000000   Code   RO         1675    .ARM.Collect$$libinit$$0000002E  c_p.l(libinit2.o)
    0x0000013e   0x0000013e   0x00000000   Code   RO         1677    .ARM.Collect$$libinit$$00000030  c_p.l(libinit2.o)
    0x0000013e   0x0000013e   0x00000000   Code   RO         1679    .ARM.Collect$$libinit$$00000032  c_p.l(libinit2.o)
    0x0000013e   0x0000013e   0x00000002   Code   RO         1680    .ARM.Collect$$libinit$$00000033  c_p.l(libinit2.o)
    0x00000140   0x00000140   0x00000002   Code   RO         1711    .ARM.Collect$$libshutdown$$00000000  c_p.l(libshutdown.o)
    0x00000142   0x00000142   0x00000000   Code   RO         1737    .ARM.Collect$$libshutdown$$00000002  c_p.l(libshutdown2.o)
    0x00000142   0x00000142   0x00000000   Code   RO         1739    .ARM.Collect$$libshutdown$$00000004  c_p.l(libshutdown2.o)
    0x00000142   0x00000142   0x00000000   Code   RO         1742    .ARM.Collect$$libshutdown$$00000007  c_p.l(libshutdown2.o)
    0x00000142   0x00000142   0x00000000   Code   RO         1745    .ARM.Collect$$libshutdown$$0000000A  c_p.l(libshutdown2.o)
    0x00000142   0x00000142   0x00000000   Code   RO         1747    .ARM.Collect$$libshutdown$$0000000C  c_p.l(libshutdown2.o)
    0x00000142   0x00000142   0x00000000   Code   RO         1750    .ARM.Collect$$libshutdown$$0000000F  c_p.l(libshutdown2.o)
    0x00000142   0x00000142   0x00000002   Code   RO         1751    .ARM.Collect$$libshutdown$$00000010  c_p.l(libshutdown2.o)
    0x00000144   0x00000144   0x00000000   Code   RO         1587    .ARM.Collect$$rtentry$$00000000  c_p.l(__rtentry.o)
    0x00000144   0x00000144   0x00000000   Code   RO         1593    .ARM.Collect$$rtentry$$00000002  c_p.l(__rtentry2.o)
    0x00000144   0x00000144   0x00000006   Code   RO         1605    .ARM.Collect$$rtentry$$00000004  c_p.l(__rtentry4.o)
    0x0000014a   0x0000014a   0x00000000   Code   RO         1595    .ARM.Collect$$rtentry$$00000009  c_p.l(__rtentry2.o)
    0x0000014a   0x0000014a   0x00000004   Code   RO         1596    .ARM.Collect$$rtentry$$0000000A  c_p.l(__rtentry2.o)
    0x0000014e   0x0000014e   0x00000000   Code   RO         1598    .ARM.Collect$$rtentry$$0000000C  c_p.l(__rtentry2.o)
    0x0000014e   0x0000014e   0x00000008   Code   RO         1599    .ARM.Collect$$rtentry$$0000000D  c_p.l(__rtentry2.o)
    0x00000156   0x00000156   0x00000002   Code   RO         1628    .ARM.Collect$$rtexit$$00000000  c_p.l(rtexit.o)
    0x00000158   0x00000158   0x00000000   Code   RO         1684    .ARM.Collect$$rtexit$$00000002  c_p.l(rtexit2.o)
    0x00000158   0x00000158   0x00000004   Code   RO         1685    .ARM.Collect$$rtexit$$00000003  c_p.l(rtexit2.o)
    0x0000015c   0x0000015c   0x00000006   Code   RO         1686    .ARM.Collect$$rtexit$$00000004  c_p.l(rtexit2.o)
    0x00000162   0x00000162   0x00000002   PAD
    0x00000164   0x00000164   0x00000054   Code   RO         1526    .text               arm_startup_nrf51.o
    0x000001b8   0x000001b8   0x00000006   Code   RO         1583    .text               c_p.l(heapauxi.o)
    0x000001be   0x000001be   0x0000003e   Code   RO         1609    .text               c_p.l(sys_stackheap_outer.o)
    0x000001fc   0x000001fc   0x00000010   Code   RO         1612    .text               c_p.l(exit.o)
    0x0000020c   0x0000020c   0x00000008   Code   RO         1624    .text               c_p.l(libspace.o)
    0x00000214   0x00000214   0x0000000c   Code   RO         1681    .text               c_p.l(sys_exit.o)
    0x00000220   0x00000220   0x00000002   Code   RO         1700    .text               c_p.l(use_no_semi.o)
    0x00000222   0x00000222   0x00000000   Code   RO         1702    .text               c_p.l(indicate_semi.o)
    0x00000222   0x00000222   0x00000002   PAD
    0x00000224   0x00000224   0x00000278   Code   RO          463    i.GPIOTE_IRQHandler  nrf_drv_gpiote.o
    0x0000049c   0x0000049c   0x00000028   Code   RO         1210    i.RTC1_IRQHandler   app_timer.o
    0x000004c4   0x000004c4   0x00000018   Code   RO          739    i.SPI0_TWI0_IRQHandler  nrf_drv_spi.o
    0x000004dc   0x000004dc   0x00000008   Code   RO         1211    i.SWI0_IRQHandler   app_timer.o
    0x000004e4   0x000004e4   0x00000064   Code   RO         1533    i.SystemInit        system_nrf51.o
    0x00000548   0x00000548   0x00000014   Code   RO          858    i.UART0_IRQHandler  nrf_drv_uart.o
    0x0000055c   0x0000055c   0x00000018   Code   RO         1212    i.__NVIC_ClearPendingIRQ  app_timer.o
    0x00000574   0x00000574   0x00000018   Code   RO         1213    i.__NVIC_EnableIRQ  app_timer.o
    0x0000058c   0x0000058c   0x00000018   Code   RO         1214    i.__NVIC_SetPendingIRQ  app_timer.o
    0x000005a4   0x000005a4   0x00000078   Code   RO          432    i.__NVIC_SetPriority  nrf_drv_common.o
    0x0000061c   0x0000061c   0x00000038   Code   RO         1187    i.app_error_fault_handler  app_error_weak.o
    0x00000654   0x00000654   0x00000020   Code   RO         1143    i.app_error_handler_bare  app_error.o
    0x00000674   0x00000674   0x0000003c   Code   RO          159    i.bsp_board_led_invert  boards.o
    0x000006b0   0x000006b0   0x00000014   Code   RO          160    i.bsp_board_led_off  boards.o
    0x000006c4   0x000006c4   0x00000030   Code   RO          163    i.bsp_board_leds_init  boards.o
    0x000006f4   0x000006f4   0x00000014   Code   RO          164    i.bsp_board_leds_off  boards.o
    0x00000708   0x00000708   0x00000010   Code   RO          465    i.channel_handler_get  nrf_drv_gpiote.o
    0x00000718   0x00000718   0x0000000c   Code   RO          467    i.channel_port_get  nrf_drv_gpiote.o
    0x00000724   0x00000724   0x0000008c   Code   RO         1223    i.compare_reg_update  app_timer.o
    0x000007b0   0x000007b0   0x00000064   Code   RO         1224    i.elapsed_ticks_acquire  app_timer.o
    0x00000814   0x00000814   0x0000005c   Code   RO         1225    i.expired_timers_handler  app_timer.o
    0x00000870   0x00000870   0x0000001e   Code   RO          740    i.finish_transfer   nrf_drv_spi.o
    0x0000088e   0x0000088e   0x00000024   Code   RO          741    i.irq_handler_spi   nrf_drv_spi.o
    0x000008b2   0x000008b2   0x00000002   PAD
    0x000008b4   0x000008b4   0x00000038   Code   RO         1534    i.is_disabled_in_debug_needed  system_nrf51.o
    0x000008ec   0x000008ec   0x0000006c   Code   RO         1535    i.is_manual_peripheral_setup_needed  system_nrf51.o
    0x00000958   0x00000958   0x00000054   Code   RO         1536    i.is_peripheral_domain_setup_needed  system_nrf51.o
    0x000009ac   0x000009ac   0x0000007c   Code   RO         1226    i.list_deletions_handler  app_timer.o
    0x00000a28   0x00000a28   0x000000f8   Code   RO         1227    i.list_insertions_handler  app_timer.o
    0x00000b20   0x00000b20   0x000000f4   Code   RO            3    i.main              main.o
    0x00000c14   0x00000c14   0x00000016   Code   RO          468    i.nrf_bitmask_bit_is_set  nrf_drv_gpiote.o
    0x00000c2a   0x00000c2a   0x00000002   PAD
    0x00000c2c   0x00000c2c   0x00000040   Code   RO         1228    i.nrf_delay_us      app_timer.o
    0x00000c6c   0x00000c6c   0x00000040   Code   RO          433    i.nrf_drv_common_irq_enable  nrf_drv_common.o
    0x00000cac   0x00000cac   0x00000174   Code   RO          742    i.nrf_drv_spi_init  nrf_drv_spi.o
    0x00000e20   0x00000e20   0x00000024   Code   RO          743    i.nrf_drv_spi_transfer  nrf_drv_spi.o
    0x00000e44   0x00000e44   0x00000080   Code   RO          745    i.nrf_drv_spi_xfer  nrf_drv_spi.o
    0x00000ec4   0x00000ec4   0x0000002a   Code   RO          168    i.nrf_gpio_cfg      boards.o
    0x00000eee   0x00000eee   0x0000002a   Code   RO          746    i.nrf_gpio_cfg      nrf_drv_spi.o
    0x00000f18   0x00000f18   0x00000018   Code   RO          747    i.nrf_gpio_cfg_output  nrf_drv_spi.o
    0x00000f30   0x00000f30   0x00000040   Code   RO          490    i.nrf_gpio_cfg_sense_set  nrf_drv_gpiote.o
    0x00000f70   0x00000f70   0x00000018   Code   RO          748    i.nrf_gpio_pin_clear  nrf_drv_spi.o
    0x00000f88   0x00000f88   0x00000018   Code   RO          749    i.nrf_gpio_pin_set  nrf_drv_spi.o
    0x00000fa0   0x00000fa0   0x00000040   Code   RO          169    i.nrf_gpio_pin_write  boards.o
    0x00000fe0   0x00000fe0   0x00000030   Code   RO          494    i.nrf_gpio_ports_read  nrf_drv_gpiote.o
    0x00001010   0x00001010   0x0000000c   Code   RO          495    i.nrf_gpiote_event_addr_get  nrf_drv_gpiote.o
    0x0000101c   0x0000101c   0x00000010   Code   RO          496    i.nrf_gpiote_event_clear  nrf_drv_gpiote.o
    0x0000102c   0x0000102c   0x00000016   Code   RO          497    i.nrf_gpiote_event_is_set  nrf_drv_gpiote.o
    0x00001042   0x00001042   0x00000006   Code   RO          750    i.nrf_spi_event_clear  nrf_drv_spi.o
    0x00001048   0x00001048   0x0000000a   Code   RO          751    i.nrf_spi_int_disable  nrf_drv_spi.o
    0x00001052   0x00001052   0x0000000a   Code   RO          752    i.nrf_spi_int_enable  nrf_drv_spi.o
    0x0000105c   0x0000105c   0x0000000a   Code   RO          753    i.nrf_spi_txd_set   nrf_drv_spi.o
    0x00001066   0x00001066   0x00000014   Code   RO          878    i.nrf_uart_errorsrc_get_and_clear  nrf_drv_uart.o
    0x0000107a   0x0000107a   0x00000010   Code   RO          879    i.nrf_uart_event_check  nrf_drv_uart.o
    0x0000108a   0x0000108a   0x00000006   Code   RO          880    i.nrf_uart_event_clear  nrf_drv_uart.o
    0x00001090   0x00001090   0x0000000a   Code   RO          882    i.nrf_uart_int_disable  nrf_drv_uart.o
    0x0000109a   0x0000109a   0x00000018   Code   RO          884    i.nrf_uart_int_enable_check  nrf_drv_uart.o
    0x000010b2   0x000010b2   0x00000006   Code   RO          885    i.nrf_uart_task_trigger  nrf_drv_uart.o
    0x000010b8   0x000010b8   0x0000000c   Code   RO         1229    i.rtc1_compare0_set  app_timer.o
    0x000010c4   0x000010c4   0x0000000c   Code   RO         1230    i.rtc1_counter_get  app_timer.o
    0x000010d0   0x000010d0   0x0000003c   Code   RO         1232    i.rtc1_start        app_timer.o
    0x0000110c   0x0000110c   0x00000080   Code   RO         1233    i.rtc1_stop         app_timer.o
    0x0000118c   0x0000118c   0x00000048   Code   RO          888    i.rx_byte           nrf_drv_uart.o
    0x000011d4   0x000011d4   0x0000001c   Code   RO          889    i.rx_done_event     nrf_drv_uart.o
    0x000011f0   0x000011f0   0x0000000c   Code   RO            4    i.spi_event_handler  main.o
    0x000011fc   0x000011fc   0x000000a2   Code   RO          754    i.spi_xfer          nrf_drv_spi.o
    0x0000129e   0x0000129e   0x0000000a   Code   RO         1234    i.ticks_diff_get    app_timer.o
    0x000012a8   0x000012a8   0x0000003c   Code   RO         1235    i.timeout_handler_exec  app_timer.o
    0x000012e4   0x000012e4   0x00000058   Code   RO         1236    i.timer_list_handler  app_timer.o
    0x0000133c   0x0000133c   0x0000000a   Code   RO         1237    i.timer_list_handler_sched  app_timer.o
    0x00001346   0x00001346   0x00000002   PAD
    0x00001348   0x00001348   0x0000006c   Code   RO         1238    i.timer_list_insert  app_timer.o
    0x000013b4   0x000013b4   0x00000070   Code   RO         1239    i.timer_list_remove  app_timer.o
    0x00001424   0x00001424   0x00000094   Code   RO         1242    i.timer_timeouts_check  app_timer.o
    0x000014b8   0x000014b8   0x0000000a   Code   RO         1243    i.timer_timeouts_check_sched  app_timer.o
    0x000014c2   0x000014c2   0x0000006e   Code   RO          755    i.transfer_byte     nrf_drv_spi.o
    0x00001530   0x00001530   0x0000002a   Code   RO          891    i.tx_byte           nrf_drv_uart.o
    0x0000155a   0x0000155a   0x00000022   Code   RO          892    i.tx_done_event     nrf_drv_uart.o
    0x0000157c   0x0000157c   0x00000158   Code   RO          893    i.uart_irq_handler  nrf_drv_uart.o
    0x000016d4   0x000016d4   0x00000018   Data   RO            5    .constdata          main.o
    0x000016ec   0x000016ec   0x00000008   Data   RO          170    .constdata          boards.o
    0x000016f4   0x000016f4   0x00000047   Data   RO          505    .constdata          nrf_drv_gpiote.o
    0x0000173b   0x0000173b   0x00000001   PAD
    0x0000173c   0x0000173c   0x00000020   Data   RO         1752    Region$$Table       anon$$obj.o


    Execution Region RW_IRAM1 (Exec base: 0x20000000, Load base: 0x0000175c, Size: 0x00001118, Max: 0x00004000, ABSOLUTE)

    Exec Addr    Load Addr    Size         Type   Attr      Idx    E Section Name        Object

    0x20000000   0x0000175c   0x0000000b   Data   RW            6    .data               main.o
    0x2000000b   0x00001767   0x00000001   PAD
    0x2000000c   0x00001768   0x00000022   Data   RW         1246    .data               app_timer.o
    0x2000002e   0x0000178a   0x00000002   PAD
    0x20000030   0x0000178c   0x00000004   Data   RW         1537    .data               system_nrf51.o
    0x20000034        -       0x00000048   Zero   RW          504    .bss                nrf_drv_gpiote.o
    0x2000007c        -       0x00000020   Zero   RW          756    .bss                nrf_drv_spi.o
    0x2000009c        -       0x0000001c   Zero   RW          894    .bss                nrf_drv_uart.o
    0x200000b8        -       0x00000060   Zero   RW         1625    .bss                c_p.l(libspace.o)
    0x20000118        -       0x00000800   Zero   RW         1524    HEAP                arm_startup_nrf51.o
    0x20000918        -       0x00000800   Zero   RW         1523    STACK               arm_startup_nrf51.o


==============================================================================

Image component sizes


      Code (inc. data)   RO Data    RW Data    ZI Data      Debug   Object Name

        32          6          0          0          0       3793   app_error.o
        56          8          0          0          0       7710   app_error_weak.o
      1646        210          0         34          0      22936   app_timer.o
        84         36        192          0       4096        732   arm_startup_nrf51.o
       254         16          8          0          0       7678   boards.o
         0          0          0          0          0       1612   bsp.o
       256         36         24         11          0      27615   main.o
       184         18          0          0          0       9848   nrf_drv_common.o
       844         34         71          0         72      19685   nrf_drv_gpiote.o
      1048         18          0          0         32      18424   nrf_drv_spi.o
       622          8          0          0         28      15179   nrf_drv_uart.o
       348         38          0          4          0       2439   system_nrf51.o

    ----------------------------------------------------------------------
      5380        428        328         52       4228     137651   Object Totals
         0          0         32          0          0          0   (incl. Generated)
         6          0          1          3          0          0   (incl. Padding)

    ----------------------------------------------------------------------

      Code (inc. data)   RO Data    RW Data    ZI Data      Debug   Library Member Name

         8          0          0          0          0         68   __main.o
         0          0          0          0          0          0   __rtentry.o
        12          0          0          0          0          0   __rtentry2.o
         6          0          0          0          0          0   __rtentry4.o
        60          8          0          0          0          0   __scatter.o
        26          0          0          0          0          0   __scatter_copy.o
        28          0          0          0          0          0   __scatter_zi.o
        16          0          0          0          0         68   exit.o
         6          0          0          0          0        136   heapauxi.o
         0          0          0          0          0          0   indicate_semi.o
         2          0          0          0          0          0   libinit.o
         2          0          0          0          0          0   libinit2.o
         2          0          0          0          0          0   libshutdown.o
         2          0          0          0          0          0   libshutdown2.o
         8          4          0          0         96         68   libspace.o
         2          0          0          0          0          0   rtexit.o
        10          0          0          0          0          0   rtexit2.o
        12          4          0          0          0         60   sys_exit.o
        62          0          0          0          0         80   sys_stackheap_outer.o
         2          0          0          0          0         68   use_no_semi.o

    ----------------------------------------------------------------------
       272         16          0          0         96        548   Library Totals
         6          0          0          0          0          0   (incl. Padding)

    ----------------------------------------------------------------------

      Code (inc. data)   RO Data    RW Data    ZI Data      Debug   Library Name

       266         16          0          0         96        548   c_p.l

    ----------------------------------------------------------------------
       272         16          0          0         96        548   Library Totals

    ----------------------------------------------------------------------

==============================================================================


      Code (inc. data)   RO Data    RW Data    ZI Data      Debug   

      5652        444        328         52       4324     134807   Grand Totals
      5652        444        328         52       4324     134807   ELF Image Totals
      5652        444        328         52          0          0   ROM Totals

==============================================================================

    Total RO  Size (Code + RO Data)                 5980 (   5.84kB)
    Total RW  Size (RW Data + ZI Data)              4376 (   4.27kB)
    Total ROM Size (Code + RO Data + RW Data)       6032 (   5.89kB)

==============================================================================

