Component: ARM Compiler 5.06 update 5 (build 528) Tool: armlink [4d35e2]

==============================================================================

Section Cross References

    main.o(i.main) refers to _printf_percent.o(.ARM.Collect$$_printf_percent$$00000000) for _printf_percent
    main.o(i.main) refers to _printf_x.o(.ARM.Collect$$_printf_percent$$0000000C) for _printf_x
    main.o(i.main) refers to _printf_hex_int.o(.text) for _printf_longlong_hex
    main.o(i.main) refers to boards.o(i.bsp_board_leds_init) for bsp_board_leds_init
    main.o(i.main) refers to main.o(i.spi_init) for spi_init
    main.o(i.main) refers to main.o(i.twi_init) for twi_init
    main.o(i.main) refers to ssd1306.o(i.SSD1306_begin) for SSD1306_begin
    main.o(i.main) refers to adafruit_gfx.o(i.Adafruit_GFX_init) for Adafruit_GFX_init
    main.o(i.main) refers to ssd1306.o(i.SSD1306_clearDisplay) for SSD1306_clearDisplay
    main.o(i.main) refers to adafruit_gfx.o(i.Adafruit_GFX_setTextSize) for Adafruit_GFX_setTextSize
    main.o(i.main) refers to adafruit_gfx.o(i.Adafruit_GFX_setTextColor) for Adafruit_GFX_setTextColor
    main.o(i.main) refers to adafruit_gfx.o(i.Adafruit_GFX_setCursor) for Adafruit_GFX_setCursor
    main.o(i.main) refers to main.o(i.printStr) for printStr
    main.o(i.main) refers to nrf_drv_spi.o(i.nrf_drv_spi_transfer) for nrf_drv_spi_transfer
    main.o(i.main) refers to app_error.o(i.app_error_handler_bare) for app_error_handler_bare
    main.o(i.main) refers to noretval__2sprintf.o(.text) for __2sprintf
    main.o(i.main) refers to boards.o(i.bsp_board_led_invert) for bsp_board_led_invert
    main.o(i.main) refers to main.o(i.nrf_delay_ms) for nrf_delay_ms
    main.o(i.main) refers to ssd1306.o(i.SSD1306_drawPixel) for SSD1306_drawPixel
    main.o(i.main) refers to main.o(.data) for m_rx_buf
    main.o(i.main) refers to main.o(.constdata) for spi
    main.o(i.main) refers to main.o(.bss) for displ_rx
    main.o(i.nrf_delay_ms) refers to system_nrf51.o(.data) for SystemCoreClock
    main.o(i.printStr) refers to adafruit_gfx.o(i.Adafruit_GFX_write) for Adafruit_GFX_write
    main.o(i.printStr) refers to aeabi_sdiv.o(.text) for __aeabi_idivmod
    main.o(i.printStr) refers to strlen.o(.text) for strlen
    main.o(i.printStr) refers to ssd1306.o(i.SSD1306_display) for SSD1306_display
    main.o(i.spi_event_handler) refers to main.o(.data) for spi_xfer_done
    main.o(i.spi_init) refers to nrf_drv_spi.o(i.nrf_drv_spi_init) for nrf_drv_spi_init
    main.o(i.spi_init) refers to app_error.o(i.app_error_handler_bare) for app_error_handler_bare
    main.o(i.spi_init) refers to main.o(.constdata) for .constdata
    main.o(i.testdrawcircle) refers to adafruit_gfx.o(i.Adafruit_GFX_height) for Adafruit_GFX_height
    main.o(i.testdrawcircle) refers to adafruit_gfx.o(i.Adafruit_GFX_width) for Adafruit_GFX_width
    main.o(i.testdrawcircle) refers to adafruit_gfx.o(i.Adafruit_GFX_drawCircle) for Adafruit_GFX_drawCircle
    main.o(i.testdrawcircle) refers to ssd1306.o(i.SSD1306_display) for SSD1306_display
    main.o(i.testdrawcircle) refers to main.o(i.nrf_delay_ms) for nrf_delay_ms
    main.o(i.twi_init) refers to nrf_drv_twi.o(i.nrf_drv_twi_init) for nrf_drv_twi_init
    main.o(i.twi_init) refers to app_error.o(i.app_error_handler_bare) for app_error_handler_bare
    main.o(i.twi_init) refers to nrf_drv_twi.o(i.nrf_drv_twi_enable) for nrf_drv_twi_enable
    main.o(i.twi_init) refers to main.o(.constdata) for .constdata
    boards.o(i.bsp_board_button_idx_to_pin) refers to boards.o(.constdata) for m_board_btn_list
    boards.o(i.bsp_board_button_state_get) refers to boards.o(.constdata) for m_board_btn_list
    boards.o(i.bsp_board_buttons_init) refers to boards.o(i.nrf_gpio_cfg) for nrf_gpio_cfg
    boards.o(i.bsp_board_buttons_init) refers to boards.o(.constdata) for m_board_btn_list
    boards.o(i.bsp_board_led_idx_to_pin) refers to boards.o(.constdata) for m_board_led_list
    boards.o(i.bsp_board_led_invert) refers to boards.o(.constdata) for m_board_led_list
    boards.o(i.bsp_board_led_off) refers to boards.o(i.nrf_gpio_pin_write) for nrf_gpio_pin_write
    boards.o(i.bsp_board_led_off) refers to boards.o(.constdata) for m_board_led_list
    boards.o(i.bsp_board_led_on) refers to boards.o(i.nrf_gpio_pin_write) for nrf_gpio_pin_write
    boards.o(i.bsp_board_led_on) refers to boards.o(.constdata) for m_board_led_list
    boards.o(i.bsp_board_led_state_get) refers to boards.o(.constdata) for m_board_led_list
    boards.o(i.bsp_board_leds_init) refers to boards.o(i.nrf_gpio_cfg) for nrf_gpio_cfg
    boards.o(i.bsp_board_leds_init) refers to boards.o(i.bsp_board_leds_off) for bsp_board_leds_off
    boards.o(i.bsp_board_leds_init) refers to boards.o(.constdata) for m_board_led_list
    boards.o(i.bsp_board_leds_off) refers to boards.o(i.bsp_board_led_off) for bsp_board_led_off
    boards.o(i.bsp_board_leds_on) refers to boards.o(i.bsp_board_led_on) for bsp_board_led_on
[...]
    ../clib/division.s                       0x00000000   Number         0  aeabi_sdiv.o ABSOLUTE
    ../clib/division.s                       0x00000000   Number         0  aeabi_sdiv_div0.o ABSOLUTE
    ../clib/heapalloc.c                      0x00000000   Number         0  hrguard.o ABSOLUTE
    ../clib/heapaux.c                        0x00000000   Number         0  heapauxi.o ABSOLUTE
    ../clib/libinit.s                        0x00000000   Number         0  libshutdown2.o ABSOLUTE
    ../clib/libinit.s                        0x00000000   Number         0  libinit.o ABSOLUTE
    ../clib/libinit.s                        0x00000000   Number         0  libshutdown.o ABSOLUTE
    ../clib/libinit.s                        0x00000000   Number         0  libinit2.o ABSOLUTE
    ../clib/memcpset.c                       0x00000000   Number         0  rt_memclr.o ABSOLUTE
    ../clib/printf.c                         0x00000000   Number         0  _printf_hex_int_ll_ptr.o ABSOLUTE
    ../clib/printf.c                         0x00000000   Number         0  _sputc.o ABSOLUTE
    ../clib/printf.c                         0x00000000   Number         0  _printf_hex_ll_ptr.o ABSOLUTE
    ../clib/printf.c                         0x00000000   Number         0  _printf_hex_int_ptr.o ABSOLUTE
    ../clib/printf.c                         0x00000000   Number         0  _printf_hex_ptr.o ABSOLUTE
    ../clib/printf.c                         0x00000000   Number         0  _printf_char_common.o ABSOLUTE
    ../clib/printf.c                         0x00000000   Number         0  __printf_nopercent.o ABSOLUTE
    ../clib/printf.c                         0x00000000   Number         0  __2sprintf.o ABSOLUTE
    ../clib/printf.c                         0x00000000   Number         0  __printf_flags_ss_wp.o ABSOLUTE
    ../clib/printf.c                         0x00000000   Number         0  _printf_intcommon.o ABSOLUTE
    ../clib/printf.c                         0x00000000   Number         0  __printf_ss_wp.o ABSOLUTE
    ../clib/printf.c                         0x00000000   Number         0  __printf_flags_wp.o ABSOLUTE
    ../clib/printf.c                         0x00000000   Number         0  _printf_hex_int.o ABSOLUTE
    ../clib/printf.c                         0x00000000   Number         0  __printf_wp.o ABSOLUTE
    ../clib/printf.c                         0x00000000   Number         0  __printf_flags_ss.o ABSOLUTE
    ../clib/printf.c                         0x00000000   Number         0  __printf_ss.o ABSOLUTE
    ../clib/printf.c                         0x00000000   Number         0  _printf_hex_int_ll.o ABSOLUTE
    ../clib/printf.c                         0x00000000   Number         0  noretval__2sprintf.o ABSOLUTE
    ../clib/printf.c                         0x00000000   Number         0  __printf.o ABSOLUTE
    ../clib/printf.c                         0x00000000   Number         0  __printf_flags.o ABSOLUTE
    ../clib/printf.c                         0x00000000   Number         0  _printf_hex_ll.o ABSOLUTE
    ../clib/printf_percent.s                 0x00000000   Number         0  _printf_percent_end.o ABSOLUTE
    ../clib/printf_percent.s                 0x00000000   Number         0  _printf_x.o ABSOLUTE
    ../clib/printf_percent.s                 0x00000000   Number         0  _printf_percent.o ABSOLUTE
    ../clib/signal.c                         0x00000000   Number         0  defsig_fpe_formal.o ABSOLUTE
    ../clib/signal.c                         0x00000000   Number         0  defsig_segv_inner.o ABSOLUTE
    ../clib/signal.c                         0x00000000   Number         0  defsig_cppl_inner.o ABSOLUTE
    ../clib/signal.c                         0x00000000   Number         0  defsig_pvfn_inner.o ABSOLUTE
    ../clib/signal.c                         0x00000000   Number         0  defsig_exit.o ABSOLUTE
    ../clib/signal.c                         0x00000000   Number         0  defsig_fpe_outer.o ABSOLUTE
    ../clib/signal.c                         0x00000000   Number         0  defsig_stak_inner.o ABSOLUTE
    ../clib/signal.c                         0x00000000   Number         0  defsig_general.o ABSOLUTE
    ../clib/signal.c                         0x00000000   Number         0  defsig_fpe_inner.o ABSOLUTE
    ../clib/signal.c                         0x00000000   Number         0  defsig_rtmem_formal.o ABSOLUTE
    ../clib/signal.c                         0x00000000   Number         0  defsig_rtmem_inner.o ABSOLUTE
    ../clib/signal.c                         0x00000000   Number         0  defsig_rtred_inner.o ABSOLUTE
    ../clib/signal.c                         0x00000000   Number         0  defsig_abrt_inner.o ABSOLUTE
    ../clib/signal.c                         0x00000000   Number         0  defsig_rtmem_outer.o ABSOLUTE
    ../clib/signal.c                         0x00000000   Number         0  __raise.o ABSOLUTE
    ../clib/signal.c                         0x00000000   Number         0  defsig_other.o ABSOLUTE
    ../clib/signal.s                         0x00000000   Number         0  defsig.o ABSOLUTE
    ../clib/stdlib.c                         0x00000000   Number         0  exit.o ABSOLUTE
    ../clib/string.c                         0x00000000   Number         0  strlen.o ABSOLUTE
    ../fplib/cfplib/fpinit.c                 0x00000000   Number         0  fpinit.o ABSOLUTE
    ..\Src\Board Defintion\boards.c          0x00000000   Number         0  boards.o ABSOLUTE
    ..\Src\Board Support\bsp.c               0x00000000   Number         0  bsp.o ABSOLUTE
    ..\Src\Board Support\bsp_nfc.c           0x00000000   Number         0  bsp_nfc.o ABSOLUTE
    ..\Src\Display\SSD1306\Adafruit_GFX.c    0x00000000   Number         0  adafruit_gfx.o ABSOLUTE
    ..\Src\Display\SSD1306\SSD1306.c         0x00000000   Number         0  ssd1306.o ABSOLUTE
    ..\Src\Display\SSD1306\glcdfont.c        0x00000000   Number         0  glcdfont.o ABSOLUTE
    ..\Src\main.c                            0x00000000   Number         0  main.o ABSOLUTE
    ..\Src\nRF_Drivers\nrf_drv_common.c      0x00000000   Number         0  nrf_drv_common.o ABSOLUTE
    ..\Src\nRF_Drivers\nrf_drv_gpiote.c      0x00000000   Number         0  nrf_drv_gpiote.o ABSOLUTE
    ..\Src\nRF_Drivers\nrf_drv_spi.c         0x00000000   Number         0  nrf_drv_spi.o ABSOLUTE
    ..\Src\nRF_Drivers\nrf_drv_twi.c         0x00000000   Number         0  nrf_drv_twi.o ABSOLUTE
    ..\Src\nRF_Drivers\nrf_drv_uart.c        0x00000000   Number         0  nrf_drv_uart.o ABSOLUTE
    ..\Src\nRF_Libraries\app_button.c        0x00000000   Number         0  app_button.o ABSOLUTE
    ..\Src\nRF_Libraries\app_error.c         0x00000000   Number         0  app_error.o ABSOLUTE
    ..\Src\nRF_Libraries\app_error_weak.c    0x00000000   Number         0  app_error_weak.o ABSOLUTE
    ..\Src\nRF_Libraries\app_timer.c         0x00000000   Number         0  app_timer.o ABSOLUTE
    ..\Src\nRF_Libraries\app_util_platform.c 0x00000000   Number         0  app_util_platform.o ABSOLUTE
    ..\Src\nRF_Libraries\nrf_assert.c        0x00000000   Number         0  nrf_assert.o ABSOLUTE
    ..\Src\nRF_Libraries\sdk_errors.c        0x00000000   Number         0  sdk_errors.o ABSOLUTE
    ..\Src\nRF_log\nrf_log_backend_serial.c  0x00000000   Number         0  nrf_log_backend_serial.o ABSOLUTE
    ..\Src\nRF_log\nrf_log_frontend.c        0x00000000   Number         0  nrf_log_frontend.o ABSOLUTE
    ..\\Src\\Board Defintion\\boards.c       0x00000000   Number         0  boards.o ABSOLUTE
    ..\\Src\\Board Support\\bsp.c            0x00000000   Number         0  bsp.o ABSOLUTE
    ..\\Src\\Board Support\\bsp_nfc.c        0x00000000   Number         0  bsp_nfc.o ABSOLUTE
    ..\\Src\\Display\\SSD1306\\SSD1306.c     0x00000000   Number         0  ssd1306.o ABSOLUTE
    ..\\Src\\main.c                          0x00000000   Number         0  main.o ABSOLUTE
    ..\\Src\\nRF_Drivers\\nrf_drv_common.c   0x00000000   Number         0  nrf_drv_common.o ABSOLUTE
    ..\\Src\\nRF_Drivers\\nrf_drv_gpiote.c   0x00000000   Number         0  nrf_drv_gpiote.o ABSOLUTE
    ..\\Src\\nRF_Drivers\\nrf_drv_spi.c      0x00000000   Number         0  nrf_drv_spi.o ABSOLUTE
    ..\\Src\\nRF_Drivers\\nrf_drv_twi.c      0x00000000   Number         0  nrf_drv_twi.o ABSOLUTE
    ..\\Src\\nRF_Drivers\\nrf_drv_uart.c     0x00000000   Number         0  nrf_drv_uart.o ABSOLUTE
    ..\\Src\\nRF_Libraries\\app_button.c     0x00000000   Number         0  app_button.o ABSOLUTE
    ..\\Src\\nRF_Libraries\\app_error.c      0x00000000   Number         0  app_error.o ABSOLUTE
    ..\\Src\\nRF_Libraries\\app_error_weak.c 0x00000000   Number         0  app_error_weak.o ABSOLUTE
    ..\\Src\\nRF_Libraries\\app_timer.c      0x00000000   Number         0  app_timer.o ABSOLUTE
    ..\\Src\\nRF_Libraries\\app_util_platform.c 0x00000000   Number         0  app_util_platform.o ABSOLUTE
    ..\\Src\\nRF_Libraries\\nrf_assert.c     0x00000000   Number         0  nrf_assert.o ABSOLUTE
    ..\\Src\\nRF_log\\nrf_log_backend_serial.c 0x00000000   Number         0  nrf_log_backend_serial.o ABSOLUTE
    ..\\Src\\nRF_log\\nrf_log_frontend.c     0x00000000   Number         0  nrf_log_frontend.o ABSOLUTE
    RTE\Device\nRF51822_xxAA\arm_startup_nrf51.s 0x00000000   Number         0  arm_startup_nrf51.o ABSOLUTE
    RTE\Device\nRF51822_xxAA\system_nrf51.c  0x00000000   Number         0  system_nrf51.o ABSOLUTE
    RTE\\Device\\nRF51822_xxAA\\system_nrf51.c 0x00000000   Number         0  system_nrf51.o ABSOLUTE
    dc.s                                     0x00000000   Number         0  dc.o ABSOLUTE
    !!!main                                  0x000000c0   Section        8  __main.o(!!!main)
    !!!scatter                               0x000000c8   Section       60  __scatter.o(!!!scatter)
    !!handler_zi                             0x00000104   Section       28  __scatter_zi.o(!!handler_zi)
    .ARM.Collect$$_printf_percent$$00000000  0x00000120   Section        2  _printf_percent.o(.ARM.Collect$$_printf_percent$$00000000)
    .ARM.Collect$$_printf_percent$$0000000C  0x00000122   Section       10  _printf_x.o(.ARM.Collect$$_printf_percent$$0000000C)
    .ARM.Collect$$_printf_percent$$00000017  0x0000012c   Section        4  _printf_percent_end.o(.ARM.Collect$$_printf_percent$$00000017)
    .ARM.Collect$$libinit$$00000000          0x00000130   Section        2  libinit.o(.ARM.Collect$$libinit$$00000000)
    .ARM.Collect$$libinit$$00000002          0x00000132   Section        0  libinit2.o(.ARM.Collect$$libinit$$00000002)
    .ARM.Collect$$libinit$$00000004          0x00000132   Section        0  libinit2.o(.ARM.Collect$$libinit$$00000004)
    .ARM.Collect$$libinit$$0000000A          0x00000132   Section        0  libinit2.o(.ARM.Collect$$libinit$$0000000A)
    .ARM.Collect$$libinit$$0000000C          0x00000132   Section        0  libinit2.o(.ARM.Collect$$libinit$$0000000C)
    .ARM.Collect$$libinit$$0000000E          0x00000132   Section        0  libinit2.o(.ARM.Collect$$libinit$$0000000E)
    .ARM.Collect$$libinit$$00000011          0x00000132   Section        0  libinit2.o(.ARM.Collect$$libinit$$00000011)
    .ARM.Collect$$libinit$$00000013          0x00000132   Section        0  libinit2.o(.ARM.Collect$$libinit$$00000013)
    .ARM.Collect$$libinit$$00000015          0x00000132   Section        0  libinit2.o(.ARM.Collect$$libinit$$00000015)
    .ARM.Collect$$libinit$$00000017          0x00000132   Section        0  libinit2.o(.ARM.Collect$$libinit$$00000017)
    .ARM.Collect$$libinit$$00000019          0x00000132   Section        0  libinit2.o(.ARM.Collect$$libinit$$00000019)
    .ARM.Collect$$libinit$$0000001B          0x00000132   Section        0  libinit2.o(.ARM.Collect$$libinit$$0000001B)
    .ARM.Collect$$libinit$$0000001D          0x00000132   Section        0  libinit2.o(.ARM.Collect$$libinit$$0000001D)
    .ARM.Collect$$libinit$$0000001F          0x00000132   Section        0  libinit2.o(.ARM.Collect$$libinit$$0000001F)
    .ARM.Collect$$libinit$$00000021          0x00000132   Section        0  libinit2.o(.ARM.Collect$$libinit$$00000021)
    .ARM.Collect$$libinit$$00000023          0x00000132   Section        0  libinit2.o(.ARM.Collect$$libinit$$00000023)
    .ARM.Collect$$libinit$$00000025          0x00000132   Section        0  libinit2.o(.ARM.Collect$$libinit$$00000025)
    .ARM.Collect$$libinit$$0000002C          0x00000132   Section        0  libinit2.o(.ARM.Collect$$libinit$$0000002C)
    .ARM.Collect$$libinit$$0000002E          0x00000132   Section        0  libinit2.o(.ARM.Collect$$libinit$$0000002E)
    .ARM.Collect$$libinit$$00000030          0x00000132   Section        0  libinit2.o(.ARM.Collect$$libinit$$00000030)
    .ARM.Collect$$libinit$$00000032          0x00000132   Section        0  libinit2.o(.ARM.Collect$$libinit$$00000032)
    .ARM.Collect$$libinit$$00000033          0x00000132   Section        2  libinit2.o(.ARM.Collect$$libinit$$00000033)
    .ARM.Collect$$libshutdown$$00000000      0x00000134   Section        2  libshutdown.o(.ARM.Collect$$libshutdown$$00000000)
    .ARM.Collect$$libshutdown$$00000002      0x00000136   Section        0  libshutdown2.o(.ARM.Collect$$libshutdown$$00000002)
    .ARM.Collect$$libshutdown$$00000004      0x00000136   Section        0  libshutdown2.o(.ARM.Collect$$libshutdown$$00000004)
    .ARM.Collect$$libshutdown$$00000007      0x00000136   Section        0  libshutdown2.o(.ARM.Collect$$libshutdown$$00000007)
    .ARM.Collect$$libshutdown$$0000000A      0x00000136   Section        0  libshutdown2.o(.ARM.Collect$$libshutdown$$0000000A)
    .ARM.Collect$$libshutdown$$0000000C      0x00000136   Section        0  libshutdown2.o(.ARM.Collect$$libshutdown$$0000000C)
    .ARM.Collect$$libshutdown$$0000000F      0x00000136   Section        0  libshutdown2.o(.ARM.Collect$$libshutdown$$0000000F)
    .ARM.Collect$$libshutdown$$00000010      0x00000136   Section        2  libshutdown2.o(.ARM.Collect$$libshutdown$$00000010)
    .ARM.Collect$$rtentry$$00000000          0x00000138   Section        0  __rtentry.o(.ARM.Collect$$rtentry$$00000000)
    .ARM.Collect$$rtentry$$00000002          0x00000138   Section        0  __rtentry2.o(.ARM.Collect$$rtentry$$00000002)
    .ARM.Collect$$rtentry$$00000004          0x00000138   Section        6  __rtentry4.o(.ARM.Collect$$rtentry$$00000004)
    .ARM.Collect$$rtentry$$00000009          0x0000013e   Section        0  __rtentry2.o(.ARM.Collect$$rtentry$$00000009)
    .ARM.Collect$$rtentry$$0000000A          0x0000013e   Section        4  __rtentry2.o(.ARM.Collect$$rtentry$$0000000A)
    .ARM.Collect$$rtentry$$0000000C          0x00000142   Section        0  __rtentry2.o(.ARM.Collect$$rtentry$$0000000C)
    .ARM.Collect$$rtentry$$0000000D          0x00000142   Section        8  __rtentry2.o(.ARM.Collect$$rtentry$$0000000D)
    .ARM.Collect$$rtexit$$00000000           0x0000014a   Section        2  rtexit.o(.ARM.Collect$$rtexit$$00000000)
    .ARM.Collect$$rtexit$$00000002           0x0000014c   Section        0  rtexit2.o(.ARM.Collect$$rtexit$$00000002)
    .ARM.Collect$$rtexit$$00000003           0x0000014c   Section        4  rtexit2.o(.ARM.Collect$$rtexit$$00000003)
    .ARM.Collect$$rtexit$$00000004           0x00000150   Section        6  rtexit2.o(.ARM.Collect$$rtexit$$00000004)
    .text                                    0x00000158   Section       84  arm_startup_nrf51.o(.text)
    .text                                    0x000001ac   Section        0  noretval__2sprintf.o(.text)
    .text                                    0x000001d4   Section        0  __printf.o(.text)
    .text                                    0x00000240   Section        0  _printf_hex_int.o(.text)
    .text                                    0x00000298   Section        0  strlen.o(.text)
    .text                                    0x000002dc   Section        0  rt_memclr.o(.text)
    .text                                    0x0000031c   Section      346  aeabi_sdiv.o(.text)
    .text                                    0x00000476   Section        0  heapauxi.o(.text)
    .text                                    0x0000047c   Section        0  _printf_intcommon.o(.text)
    .text                                    0x0000052c   Section        0  _printf_char_common.o(.text)
    _printf_input_char                       0x0000052d   Thumb Code    10  _printf_char_common.o(.text)
    .text                                    0x0000055c   Section        0  _sputc.o(.text)
    .text                                    0x00000566   Section       62  sys_stackheap_outer.o(.text)
    .text                                    0x000005a4   Section        0  exit.o(.text)
    .text                                    0x000005b4   Section        8  libspace.o(.text)
    .text                                    0x000005bc   Section        0  sys_exit.o(.text)
    .text                                    0x000005c8   Section        2  use_no_semi.o(.text)
    .text                                    0x000005ca   Section        0  indicate_semi.o(.text)
    .text                                    0x000005ca   Section        0  __dczerorl2.o(.text)
    i.Adafruit_GFX_drawChar                  0x00000620   Section        0  adafruit_gfx.o(i.Adafruit_GFX_drawChar)
    i.Adafruit_GFX_drawFastVLine             0x00000724   Section        0  adafruit_gfx.o(i.Adafruit_GFX_drawFastVLine)
    i.Adafruit_GFX_drawLine                  0x00000742   Section        0  adafruit_gfx.o(i.Adafruit_GFX_drawLine)
    i.Adafruit_GFX_drawPixel                 0x00000814   Section        0  adafruit_gfx.o(i.Adafruit_GFX_drawPixel)
    i.Adafruit_GFX_fillRect                  0x00000838   Section        0  adafruit_gfx.o(i.Adafruit_GFX_fillRect)
    i.Adafruit_GFX_init                      0x00000860   Section        0  adafruit_gfx.o(i.Adafruit_GFX_init)
    i.Adafruit_GFX_setCursor                 0x000008c0   Section        0  adafruit_gfx.o(i.Adafruit_GFX_setCursor)
    i.Adafruit_GFX_setTextColor              0x000008d4   Section        0  adafruit_gfx.o(i.Adafruit_GFX_setTextColor)
    i.Adafruit_GFX_setTextSize               0x000008e8   Section        0  adafruit_gfx.o(i.Adafruit_GFX_setTextSize)
    i.Adafruit_GFX_write                     0x000008fc   Section        0  adafruit_gfx.o(i.Adafruit_GFX_write)
    i.GPIOTE_IRQHandler                      0x000009b0   Section        0  nrf_drv_gpiote.o(i.GPIOTE_IRQHandler)
    i.RTC1_IRQHandler                        0x00000c28   Section        0  app_timer.o(i.RTC1_IRQHandler)
    i.SPI0_TWI0_IRQHandler                   0x00000c50   Section        0  nrf_drv_twi.o(i.SPI0_TWI0_IRQHandler)
    i.SSD1306_begin                          0x00000c64   Section        0  ssd1306.o(i.SSD1306_begin)
    i.SSD1306_clearDisplay                   0x00000d44   Section        0  ssd1306.o(i.SSD1306_clearDisplay)
    i.SSD1306_command                        0x00000d58   Section        0  ssd1306.o(i.SSD1306_command)
    i.SSD1306_display                        0x00000d98   Section        0  ssd1306.o(i.SSD1306_display)
    i.SSD1306_drawPixel                      0x00000e2c   Section        0  ssd1306.o(i.SSD1306_drawPixel)
    i.SWI0_IRQHandler                        0x00000f08   Section        0  app_timer.o(i.SWI0_IRQHandler)
    i.SystemInit                             0x00000f10   Section        0  system_nrf51.o(i.SystemInit)
    i.UART0_IRQHandler                       0x00000f74   Section        0  nrf_drv_uart.o(i.UART0_IRQHandler)
    i.__NVIC_ClearPendingIRQ                 0x00000f88   Section        0  app_timer.o(i.__NVIC_ClearPendingIRQ)
    __NVIC_ClearPendingIRQ                   0x00000f89   Thumb Code    18  app_timer.o(i.__NVIC_ClearPendingIRQ)
    i.__NVIC_EnableIRQ                       0x00000fa0   Section        0  app_timer.o(i.__NVIC_EnableIRQ)
    __NVIC_EnableIRQ                         0x00000fa1   Thumb Code    18  app_timer.o(i.__NVIC_EnableIRQ)
    i.__NVIC_SetPendingIRQ                   0x00000fb8   Section        0  app_timer.o(i.__NVIC_SetPendingIRQ)
    __NVIC_SetPendingIRQ                     0x00000fb9   Thumb Code    18  app_timer.o(i.__NVIC_SetPendingIRQ)
    i.__NVIC_SetPriority                     0x00000fd0   Section        0  nrf_drv_common.o(i.__NVIC_SetPriority)
    __NVIC_SetPriority                       0x00000fd1   Thumb Code   110  nrf_drv_common.o(i.__NVIC_SetPriority)
    i.app_error_fault_handler                0x00001048   Section        0  app_error_weak.o(i.app_error_fault_handler)
    i.app_error_handler_bare                 0x00001080   Section        0  app_error.o(i.app_error_handler_bare)
    i.bsp_board_led_invert                   0x000010a0   Section        0  boards.o(i.bsp_board_led_invert)
    i.bsp_board_led_off                      0x000010dc   Section        0  boards.o(i.bsp_board_led_off)
    i.bsp_board_leds_init                    0x000010f0   Section        0  boards.o(i.bsp_board_leds_init)
    i.bsp_board_leds_off                     0x00001120   Section        0  boards.o(i.bsp_board_leds_off)
    i.channel_handler_get                    0x00001134   Section        0  nrf_drv_gpiote.o(i.channel_handler_get)
    channel_handler_get                      0x00001135   Thumb Code    10  nrf_drv_gpiote.o(i.channel_handler_get)
    i.channel_port_get                       0x00001144   Section        0  nrf_drv_gpiote.o(i.channel_port_get)
    channel_port_get                         0x00001145   Thumb Code     8  nrf_drv_gpiote.o(i.channel_port_get)
    i.compare_reg_update                     0x00001150   Section        0  app_timer.o(i.compare_reg_update)
    compare_reg_update                       0x00001151   Thumb Code   126  app_timer.o(i.compare_reg_update)
    i.elapsed_ticks_acquire                  0x000011dc   Section        0  app_timer.o(i.elapsed_ticks_acquire)
    elapsed_ticks_acquire                    0x000011dd   Thumb Code    82  app_timer.o(i.elapsed_ticks_acquire)
    i.expired_timers_handler                 0x00001240   Section        0  app_timer.o(i.expired_timers_handler)
    expired_timers_handler                   0x00001241   Thumb Code    86  app_timer.o(i.expired_timers_handler)
    i.getRotation                            0x0000129c   Section        0  ssd1306.o(i.getRotation)
    getRotation                              0x0000129d   Thumb Code     4  ssd1306.o(i.getRotation)
    i.height                                 0x000012a0   Section        0  ssd1306.o(i.height)
    height                                   0x000012a1   Thumb Code     4  ssd1306.o(i.height)
    i.irq_handler_twi                        0x000012a4   Section        0  nrf_drv_twi.o(i.irq_handler_twi)
    irq_handler_twi                          0x000012a5   Thumb Code   226  nrf_drv_twi.o(i.irq_handler_twi)
    i.is_disabled_in_debug_needed            0x00001388   Section        0  system_nrf51.o(i.is_disabled_in_debug_needed)
    is_disabled_in_debug_needed              0x00001389   Thumb Code    52  system_nrf51.o(i.is_disabled_in_debug_needed)
    i.is_manual_peripheral_setup_needed      0x000013c0   Section        0  system_nrf51.o(i.is_manual_peripheral_setup_needed)
    is_manual_peripheral_setup_needed        0x000013c1   Thumb Code   104  system_nrf51.o(i.is_manual_peripheral_setup_needed)
    i.is_peripheral_domain_setup_needed      0x0000142c   Section        0  system_nrf51.o(i.is_peripheral_domain_setup_needed)
    is_peripheral_domain_setup_needed        0x0000142d   Thumb Code    78  system_nrf51.o(i.is_peripheral_domain_setup_needed)
    i.list_deletions_handler                 0x00001480   Section        0  app_timer.o(i.list_deletions_handler)
    list_deletions_handler                   0x00001481   Thumb Code   114  app_timer.o(i.list_deletions_handler)
    i.list_insertions_handler                0x000014fc   Section        0  app_timer.o(i.list_insertions_handler)
    list_insertions_handler                  0x000014fd   Thumb Code   226  app_timer.o(i.list_insertions_handler)
    i.main                                   0x000015f4   Section        0  main.o(i.main)
    i.nrf_bitmask_bit_is_set                 0x000016d4   Section        0  nrf_drv_gpiote.o(i.nrf_bitmask_bit_is_set)
    nrf_bitmask_bit_is_set                   0x000016d5   Thumb Code    22  nrf_drv_gpiote.o(i.nrf_bitmask_bit_is_set)
    i.nrf_delay_ms                           0x000016ec   Section        0  main.o(i.nrf_delay_ms)
    nrf_delay_ms                             0x000016ed   Thumb Code    62  main.o(i.nrf_delay_ms)
    i.nrf_delay_us                           0x00001734   Section        0  nrf_drv_twi.o(i.nrf_delay_us)
    nrf_delay_us                             0x00001735   Thumb Code    54  nrf_drv_twi.o(i.nrf_delay_us)
    i.nrf_delay_us                           0x00001774   Section        0  app_timer.o(i.nrf_delay_us)
    nrf_delay_us                             0x00001775   Thumb Code    54  app_timer.o(i.nrf_delay_us)
    i.nrf_drv_common_irq_enable              0x000017b4   Section        0  nrf_drv_common.o(i.nrf_drv_common_irq_enable)
    i.nrf_drv_get_IRQn                       0x000017f4   Section        0  nrf_drv_twi.o(i.nrf_drv_get_IRQn)
    nrf_drv_get_IRQn                         0x000017f5   Thumb Code    10  nrf_drv_twi.o(i.nrf_drv_get_IRQn)
    i.nrf_drv_spi_init                       0x00001800   Section        0  nrf_drv_spi.o(i.nrf_drv_spi_init)
    i.nrf_drv_spi_transfer                   0x00001974   Section        0  nrf_drv_spi.o(i.nrf_drv_spi_transfer)
    i.nrf_drv_spi_xfer                       0x00001998   Section        0  nrf_drv_spi.o(i.nrf_drv_spi_xfer)
    i.nrf_drv_twi_enable                     0x00001a18   Section        0  nrf_drv_twi.o(i.nrf_drv_twi_enable)
    i.nrf_drv_twi_init                       0x00001a40   Section        0  nrf_drv_twi.o(i.nrf_drv_twi_init)
    i.nrf_drv_twi_tx                         0x00001afc   Section        0  nrf_drv_twi.o(i.nrf_drv_twi_tx)
    i.nrf_drv_twi_xfer                       0x00001b30   Section        0  nrf_drv_twi.o(i.nrf_drv_twi_xfer)
    i.nrf_gpio_cfg                           0x00001b6c   Section        0  boards.o(i.nrf_gpio_cfg)
    nrf_gpio_cfg                             0x00001b6d   Thumb Code    42  boards.o(i.nrf_gpio_cfg)
    i.nrf_gpio_cfg                           0x00001b96   Section        0  nrf_drv_spi.o(i.nrf_gpio_cfg)
    nrf_gpio_cfg                             0x00001b97   Thumb Code    42  nrf_drv_spi.o(i.nrf_gpio_cfg)
    i.nrf_gpio_cfg_output                    0x00001bc0   Section        0  nrf_drv_spi.o(i.nrf_gpio_cfg_output)
    nrf_gpio_cfg_output                      0x00001bc1   Thumb Code    24  nrf_drv_spi.o(i.nrf_gpio_cfg_output)
    i.nrf_gpio_cfg_sense_set                 0x00001bd8   Section        0  nrf_drv_gpiote.o(i.nrf_gpio_cfg_sense_set)
    nrf_gpio_cfg_sense_set                   0x00001bd9   Thumb Code    64  nrf_drv_gpiote.o(i.nrf_gpio_cfg_sense_set)
    i.nrf_gpio_pin_clear                     0x00001c18   Section        0  nrf_drv_spi.o(i.nrf_gpio_pin_clear)
    nrf_gpio_pin_clear                       0x00001c19   Thumb Code    24  nrf_drv_spi.o(i.nrf_gpio_pin_clear)
    i.nrf_gpio_pin_clear                     0x00001c30   Section        0  nrf_drv_twi.o(i.nrf_gpio_pin_clear)
    nrf_gpio_pin_clear                       0x00001c31   Thumb Code    24  nrf_drv_twi.o(i.nrf_gpio_pin_clear)
    i.nrf_gpio_pin_set                       0x00001c48   Section        0  nrf_drv_spi.o(i.nrf_gpio_pin_set)
    nrf_gpio_pin_set                         0x00001c49   Thumb Code    24  nrf_drv_spi.o(i.nrf_gpio_pin_set)
    i.nrf_gpio_pin_set                       0x00001c60   Section        0  nrf_drv_twi.o(i.nrf_gpio_pin_set)
    nrf_gpio_pin_set                         0x00001c61   Thumb Code    24  nrf_drv_twi.o(i.nrf_gpio_pin_set)
    i.nrf_gpio_pin_write                     0x00001c78   Section        0  boards.o(i.nrf_gpio_pin_write)
    nrf_gpio_pin_write                       0x00001c79   Thumb Code    64  boards.o(i.nrf_gpio_pin_write)
    i.nrf_gpio_ports_read                    0x00001cb8   Section        0  nrf_drv_gpiote.o(i.nrf_gpio_ports_read)
    nrf_gpio_ports_read                      0x00001cb9   Thumb Code    42  nrf_drv_gpiote.o(i.nrf_gpio_ports_read)
    i.nrf_gpiote_event_addr_get              0x00001ce8   Section        0  nrf_drv_gpiote.o(i.nrf_gpiote_event_addr_get)
    nrf_gpiote_event_addr_get                0x00001ce9   Thumb Code     8  nrf_drv_gpiote.o(i.nrf_gpiote_event_addr_get)
    i.nrf_gpiote_event_clear                 0x00001cf4   Section        0  nrf_drv_gpiote.o(i.nrf_gpiote_event_clear)
    nrf_gpiote_event_clear                   0x00001cf5   Thumb Code    16  nrf_drv_gpiote.o(i.nrf_gpiote_event_clear)
    i.nrf_gpiote_event_is_set                0x00001d04   Section        0  nrf_drv_gpiote.o(i.nrf_gpiote_event_is_set)
    nrf_gpiote_event_is_set                  0x00001d05   Thumb Code    22  nrf_drv_gpiote.o(i.nrf_gpiote_event_is_set)
    i.nrf_spi_event_clear                    0x00001d1a   Section        0  nrf_drv_spi.o(i.nrf_spi_event_clear)
    nrf_spi_event_clear                      0x00001d1b   Thumb Code     6  nrf_drv_spi.o(i.nrf_spi_event_clear)
    i.nrf_spi_int_disable                    0x00001d20   Section        0  nrf_drv_spi.o(i.nrf_spi_int_disable)
    nrf_spi_int_disable                      0x00001d21   Thumb Code    10  nrf_drv_spi.o(i.nrf_spi_int_disable)
    i.nrf_spi_int_enable                     0x00001d2a   Section        0  nrf_drv_spi.o(i.nrf_spi_int_enable)
    nrf_spi_int_enable                       0x00001d2b   Thumb Code    10  nrf_drv_spi.o(i.nrf_spi_int_enable)
    i.nrf_spi_txd_set                        0x00001d34   Section        0  nrf_drv_spi.o(i.nrf_spi_txd_set)
    nrf_spi_txd_set                          0x00001d35   Thumb Code    10  nrf_drv_spi.o(i.nrf_spi_txd_set)
    i.nrf_twi_errorsrc_get_and_clear         0x00001d3e   Section        0  nrf_drv_twi.o(i.nrf_twi_errorsrc_get_and_clear)
    nrf_twi_errorsrc_get_and_clear           0x00001d3f   Thumb Code    20  nrf_drv_twi.o(i.nrf_twi_errorsrc_get_and_clear)
    i.nrf_twi_event_check                    0x00001d52   Section        0  nrf_drv_twi.o(i.nrf_twi_event_check)
    nrf_twi_event_check                      0x00001d53   Thumb Code    16  nrf_drv_twi.o(i.nrf_twi_event_check)
    i.nrf_twi_event_clear                    0x00001d62   Section        0  nrf_drv_twi.o(i.nrf_twi_event_clear)
    nrf_twi_event_clear                      0x00001d63   Thumb Code     6  nrf_drv_twi.o(i.nrf_twi_event_clear)
    i.nrf_twi_int_disable                    0x00001d68   Section        0  nrf_drv_twi.o(i.nrf_twi_int_disable)
    nrf_twi_int_disable                      0x00001d69   Thumb Code    10  nrf_drv_twi.o(i.nrf_twi_int_disable)
    i.nrf_twi_int_enable                     0x00001d72   Section        0  nrf_drv_twi.o(i.nrf_twi_int_enable)
    nrf_twi_int_enable                       0x00001d73   Thumb Code    10  nrf_drv_twi.o(i.nrf_twi_int_enable)
    i.nrf_twi_shorts_set                     0x00001d7c   Section        0  nrf_drv_twi.o(i.nrf_twi_shorts_set)
    nrf_twi_shorts_set                       0x00001d7d   Thumb Code     8  nrf_drv_twi.o(i.nrf_twi_shorts_set)
    i.nrf_twi_task_trigger                   0x00001d84   Section        0  nrf_drv_twi.o(i.nrf_twi_task_trigger)
    nrf_twi_task_trigger                     0x00001d85   Thumb Code     6  nrf_drv_twi.o(i.nrf_twi_task_trigger)
    i.nrf_uart_errorsrc_get_and_clear        0x00001d8a   Section        0  nrf_drv_uart.o(i.nrf_uart_errorsrc_get_and_clear)
    nrf_uart_errorsrc_get_and_clear          0x00001d8b   Thumb Code    20  nrf_drv_uart.o(i.nrf_uart_errorsrc_get_and_clear)
    i.nrf_uart_event_check                   0x00001d9e   Section        0  nrf_drv_uart.o(i.nrf_uart_event_check)
    nrf_uart_event_check                     0x00001d9f   Thumb Code    16  nrf_drv_uart.o(i.nrf_uart_event_check)
    i.nrf_uart_event_clear                   0x00001dae   Section        0  nrf_drv_uart.o(i.nrf_uart_event_clear)
    nrf_uart_event_clear                     0x00001daf   Thumb Code     6  nrf_drv_uart.o(i.nrf_uart_event_clear)
    i.nrf_uart_int_disable                   0x00001db4   Section        0  nrf_drv_uart.o(i.nrf_uart_int_disable)
    nrf_uart_int_disable                     0x00001db5   Thumb Code    10  nrf_drv_uart.o(i.nrf_uart_int_disable)
    i.nrf_uart_int_enable_check              0x00001dbe   Section        0  nrf_drv_uart.o(i.nrf_uart_int_enable_check)
    nrf_uart_int_enable_check                0x00001dbf   Thumb Code    24  nrf_drv_uart.o(i.nrf_uart_int_enable_check)
    i.nrf_uart_task_trigger                  0x00001dd6   Section        0  nrf_drv_uart.o(i.nrf_uart_task_trigger)
    nrf_uart_task_trigger                    0x00001dd7   Thumb Code     6  nrf_drv_uart.o(i.nrf_uart_task_trigger)
    i.printStr                               0x00001ddc   Section        0  main.o(i.printStr)
    i.rtc1_compare0_set                      0x00001e1c   Section        0  app_timer.o(i.rtc1_compare0_set)
    rtc1_compare0_set                        0x00001e1d   Thumb Code     6  app_timer.o(i.rtc1_compare0_set)
    i.rtc1_counter_get                       0x00001e28   Section        0  app_timer.o(i.rtc1_counter_get)
    rtc1_counter_get                         0x00001e29   Thumb Code     6  app_timer.o(i.rtc1_counter_get)
    i.rtc1_start                             0x00001e34   Section        0  app_timer.o(i.rtc1_start)
    rtc1_start                               0x00001e35   Thumb Code    48  app_timer.o(i.rtc1_start)
    i.rtc1_stop                              0x00001e70   Section        0  app_timer.o(i.rtc1_stop)
    rtc1_stop                                0x00001e71   Thumb Code   106  app_timer.o(i.rtc1_stop)
    i.rx_byte                                0x00001ef0   Section        0  nrf_drv_uart.o(i.rx_byte)
    rx_byte                                  0x00001ef1   Thumb Code    72  nrf_drv_uart.o(i.rx_byte)
    i.rx_done_event                          0x00001f38   Section        0  nrf_drv_uart.o(i.rx_done_event)
    rx_done_event                            0x00001f39   Thumb Code    28  nrf_drv_uart.o(i.rx_done_event)
    i.spi_init                               0x00001f54   Section        0  main.o(i.spi_init)
    i.spi_xfer                               0x00001fa4   Section        0  nrf_drv_spi.o(i.spi_xfer)
    spi_xfer                                 0x00001fa5   Thumb Code   162  nrf_drv_spi.o(i.spi_xfer)
    i.ticks_diff_get                         0x00002046   Section        0  app_timer.o(i.ticks_diff_get)
    ticks_diff_get                           0x00002047   Thumb Code    10  app_timer.o(i.ticks_diff_get)
    i.timeout_handler_exec                   0x00002050   Section        0  app_timer.o(i.timeout_handler_exec)
    timeout_handler_exec                     0x00002051   Thumb Code    54  app_timer.o(i.timeout_handler_exec)
    i.timer_list_handler                     0x0000208c   Section        0  app_timer.o(i.timer_list_handler)
    timer_list_handler                       0x0000208d   Thumb Code    74  app_timer.o(i.timer_list_handler)
    i.timer_list_handler_sched               0x000020e4   Section        0  app_timer.o(i.timer_list_handler_sched)
    timer_list_handler_sched                 0x000020e5   Thumb Code    10  app_timer.o(i.timer_list_handler_sched)
    i.timer_list_insert                      0x000020f0   Section        0  app_timer.o(i.timer_list_insert)
    timer_list_insert                        0x000020f1   Thumb Code   104  app_timer.o(i.timer_list_insert)
    i.timer_list_remove                      0x0000215c   Section        0  app_timer.o(i.timer_list_remove)
    timer_list_remove                        0x0000215d   Thumb Code    96  app_timer.o(i.timer_list_remove)
    i.timer_timeouts_check                   0x000021cc   Section        0  app_timer.o(i.timer_timeouts_check)
    timer_timeouts_check                     0x000021cd   Thumb Code   128  app_timer.o(i.timer_timeouts_check)
    i.timer_timeouts_check_sched             0x00002260   Section        0  app_timer.o(i.timer_timeouts_check_sched)
    timer_timeouts_check_sched               0x00002261   Thumb Code    10  app_timer.o(i.timer_timeouts_check_sched)
    i.transfer_byte                          0x0000226a   Section        0  nrf_drv_spi.o(i.transfer_byte)
    transfer_byte                            0x0000226b   Thumb Code   110  nrf_drv_spi.o(i.transfer_byte)
    i.twi_clear_bus                          0x000022d8   Section        0  nrf_drv_twi.o(i.twi_clear_bus)
    twi_clear_bus                            0x000022d9   Thumb Code   188  nrf_drv_twi.o(i.twi_clear_bus)
    i.twi_init                               0x00002398   Section        0  main.o(i.twi_init)
    i.twi_process_error                      0x000023d4   Section        0  nrf_drv_twi.o(i.twi_process_error)
    twi_process_error                        0x000023d5   Thumb Code    40  nrf_drv_twi.o(i.twi_process_error)
    i.twi_receive_byte                       0x00002400   Section        0  nrf_drv_twi.o(i.twi_receive_byte)
    twi_receive_byte                         0x00002401   Thumb Code    76  nrf_drv_twi.o(i.twi_receive_byte)
    i.twi_rx_start_transfer                  0x0000244c   Section        0  nrf_drv_twi.o(i.twi_rx_start_transfer)
    twi_rx_start_transfer                    0x0000244d   Thumb Code   184  nrf_drv_twi.o(i.twi_rx_start_transfer)
    i.twi_send_byte                          0x00002508   Section        0  nrf_drv_twi.o(i.twi_send_byte)
    twi_send_byte                            0x00002509   Thumb Code    68  nrf_drv_twi.o(i.twi_send_byte)
    i.twi_transfer                           0x0000254c   Section        0  nrf_drv_twi.o(i.twi_transfer)
    twi_transfer                             0x0000254d   Thumb Code   306  nrf_drv_twi.o(i.twi_transfer)
    i.twi_tx_start_transfer                  0x00002680   Section        0  nrf_drv_twi.o(i.twi_tx_start_transfer)
    twi_tx_start_transfer                    0x00002681   Thumb Code   188  nrf_drv_twi.o(i.twi_tx_start_transfer)
    i.twi_xfer                               0x00002740   Section        0  nrf_drv_twi.o(i.twi_xfer)
    twi_xfer                                 0x00002741   Thumb Code   200  nrf_drv_twi.o(i.twi_xfer)
    i.tx_byte                                0x00002808   Section        0  nrf_drv_uart.o(i.tx_byte)
    tx_byte                                  0x00002809   Thumb Code    42  nrf_drv_uart.o(i.tx_byte)
    i.tx_done_event                          0x00002832   Section        0  nrf_drv_uart.o(i.tx_done_event)
    tx_done_event                            0x00002833   Thumb Code    34  nrf_drv_uart.o(i.tx_done_event)
    i.uart_irq_handler                       0x00002854   Section        0  nrf_drv_uart.o(i.uart_irq_handler)
    uart_irq_handler                         0x00002855   Thumb Code   344  nrf_drv_uart.o(i.uart_irq_handler)
    i.width                                  0x000029ac   Section        0  ssd1306.o(i.width)
    width                                    0x000029ad   Thumb Code     4  ssd1306.o(i.width)
    .constdata                               0x000029b0   Section     1072  main.o(.constdata)
    el_logo                                  0x000029b0   Data        1024  main.o(.constdata)
    spi                                      0x00002db0   Data           8  main.o(.constdata)
    .constdata                               0x00002de0   Section        8  boards.o(.constdata)
    m_board_led_list                         0x00002de0   Data           4  boards.o(.constdata)
    m_board_btn_list                         0x00002de4   Data           4  boards.o(.constdata)
    .constdata                               0x00002de8   Section       71  nrf_drv_gpiote.o(.constdata)
    __func__                                 0x00002dec   Data          20  nrf_drv_gpiote.o(.constdata)
    __func__                                 0x00002e00   Data          24  nrf_drv_gpiote.o(.constdata)
    __func__                                 0x00002e18   Data          23  nrf_drv_gpiote.o(.constdata)
    .constdata                               0x00002e2f   Section       40  _printf_hex_int.o(.constdata)
    uc_hextab                                0x00002e2f   Data          20  _printf_hex_int.o(.constdata)
    lc_hextab                                0x00002e43   Data          20  _printf_hex_int.o(.constdata)
    .data                                    0x20000000   Section       21  main.o(.data)
    spi_xfer_done                            0x20000000   Data           1  main.o(.data)
    m_tx_buf                                 0x20000001   Data           2  main.o(.data)
    m_rx_buf                                 0x20000003   Data           3  main.o(.data)
    displ_string                             0x20000006   Data          15  main.o(.data)
    .data                                    0x20000018   Section       34  app_timer.o(.data)
    m_op_queue                               0x20000018   Data           8  app_timer.o(.data)
    mp_timer_id_head                         0x20000020   Data           4  app_timer.o(.data)
    m_ticks_latest                           0x20000024   Data           4  app_timer.o(.data)
    m_ticks_elapsed                          0x20000028   Data           8  app_timer.o(.data)
    m_ticks_elapsed_q_read_ind               0x20000030   Data           1  app_timer.o(.data)
    m_ticks_elapsed_q_write_ind              0x20000031   Data           1  app_timer.o(.data)
    m_evt_schedule_func                      0x20000034   Data           4  app_timer.o(.data)
    m_rtc1_running                           0x20000038   Data           1  app_timer.o(.data)
    m_rtc1_reset                             0x20000039   Data           1  app_timer.o(.data)
    .data                                    0x2000003c   Section     1296  adafruit_gfx.o(.data)
    font                                     0x2000003c   Data        1275  adafruit_gfx.o(.data)
    .data                                    0x2000054c   Section     1052  ssd1306.o(.data)
    buffer                                   0x2000054e   Data        1024  ssd1306.o(.data)
    premask                                  0x20000958   Data           8  ssd1306.o(.data)
    postmask                                 0x20000960   Data           8  ssd1306.o(.data)
    .data                                    0x20000968   Section        4  system_nrf51.o(.data)
    __tagsym$$used                           0x20000968   Number         0  system_nrf51.o(.data)
    .bss                                     0x2000096c   Section       20  main.o(.bss)
    displ_rx                                 0x2000096c   Data          20  main.o(.bss)
    .bss                                     0x20000980   Section       72  nrf_drv_gpiote.o(.bss)
    m_cb                                     0x20000980   Data          72  nrf_drv_gpiote.o(.bss)
    .bss                                     0x200009c8   Section       32  nrf_drv_spi.o(.bss)
    m_cb                                     0x200009c8   Data          32  nrf_drv_spi.o(.bss)
    .bss                                     0x200009e8   Section       28  nrf_drv_uart.o(.bss)
    m_cb                                     0x200009e8   Data          28  nrf_drv_uart.o(.bss)
    .bss                                     0x20000a04   Section       40  nrf_drv_twi.o(.bss)
    m_cb                                     0x20000a04   Data          40  nrf_drv_twi.o(.bss)
    .bss                                     0x20000a2c   Section       96  libspace.o(.bss)
    HEAP                                     0x20000a90   Section     2048  arm_startup_nrf51.o(HEAP)
    Heap_Mem                                 0x20000a90   Data        2048  arm_startup_nrf51.o(HEAP)
    STACK                                    0x20001290   Section     2048  arm_startup_nrf51.o(STACK)
    Stack_Mem                                0x20001290   Data        2048  arm_startup_nrf51.o(STACK)
    __initial_sp                             0x20001a90   Data           0  arm_startup_nrf51.o(STACK)

    Global Symbols

    Symbol Name                              Value     Ov Type        Size  Object(Section)

    BuildAttributes$$THM_ISAv3M$S$PE$A:L22$X:L11$S22$IEEE1$IW$USESV6$~STKCKD$USESV7$~SHL$OSPACE$ROPI$EBA8$UX$STANDARDLIB$REQ8$PRES8$EABIv2 0x00000000   Number         0  anon$$obj.o ABSOLUTE
    __ARM_use_no_argv                        0x00000000   Number         0  main.o ABSOLUTE
    __Vectors                                0x00000000   Data           4  arm_startup_nrf51.o(RESET)
    __ARM_exceptions_init                     - Undefined Weak Reference
    __alloca_initialize                       - Undefined Weak Reference
    __arm_preinit_                            - Undefined Weak Reference
    __cpp_initialize__aeabi_                  - Undefined Weak Reference
    __cxa_finalize                            - Undefined Weak Reference
    __rt_locale                               - Undefined Weak Reference
    __sigvec_lookup                           - Undefined Weak Reference
    _atexit_init                              - Undefined Weak Reference
    _call_atexit_fns                          - Undefined Weak Reference
    _clock_init                               - Undefined Weak Reference
    _fp_trap_init                             - Undefined Weak Reference
    _fp_trap_shutdown                         - Undefined Weak Reference
    _get_lc_collate                           - Undefined Weak Reference
    _get_lc_ctype                             - Undefined Weak Reference
    _get_lc_monetary                          - Undefined Weak Reference
    _get_lc_numeric                           - Undefined Weak Reference
    _get_lc_time                              - Undefined Weak Reference
    _getenv_init                              - Undefined Weak Reference
    _handle_redirection                       - Undefined Weak Reference
    _init_alloc                               - Undefined Weak Reference
    _init_user_alloc                          - Undefined Weak Reference
    _initio                                   - Undefined Weak Reference
    _printf_post_padding                      - Undefined Weak Reference
    _printf_pre_padding                       - Undefined Weak Reference
    _printf_truncate_unsigned                 - Undefined Weak Reference
    _rand_init                                - Undefined Weak Reference
    _signal_finish                            - Undefined Weak Reference
    _signal_init                              - Undefined Weak Reference
    _terminate_alloc                          - Undefined Weak Reference
    _terminate_user_alloc                     - Undefined Weak Reference
    _terminateio                              - Undefined Weak Reference
    __Vectors_End                            0x000000c0   Data           0  arm_startup_nrf51.o(RESET)
    __Vectors_Size                           0x000000c0   Number         0  arm_startup_nrf51.o ABSOLUTE
    __main                                   0x000000c1   Thumb Code     8  __main.o(!!!main)
    __scatterload                            0x000000c9   Thumb Code     0  __scatter.o(!!!scatter)
    __scatterload_rt2                        0x000000c9   Thumb Code    52  __scatter.o(!!!scatter)
    __scatterload_rt2_thumb_only             0x000000c9   Thumb Code     0  __scatter.o(!!!scatter)
    __scatterload_null                       0x000000d9   Thumb Code     0  __scatter.o(!!!scatter)
    __scatterload_zeroinit                   0x00000105   Thumb Code    28  __scatter_zi.o(!!handler_zi)
    _printf_percent                          0x00000121   Thumb Code     0  _printf_percent.o(.ARM.Collect$$_printf_percent$$00000000)
    _printf_x                                0x00000123   Thumb Code     0  _printf_x.o(.ARM.Collect$$_printf_percent$$0000000C)
    _printf_percent_end                      0x0000012d   Thumb Code     0  _printf_percent_end.o(.ARM.Collect$$_printf_percent$$00000017)
    __rt_lib_init                            0x00000131   Thumb Code     0  libinit.o(.ARM.Collect$$libinit$$00000000)
    __rt_lib_init_alloca_1                   0x00000133   Thumb Code     0  libinit2.o(.ARM.Collect$$libinit$$0000002E)
    __rt_lib_init_argv_1                     0x00000133   Thumb Code     0  libinit2.o(.ARM.Collect$$libinit$$0000002C)
    __rt_lib_init_atexit_1                   0x00000133   Thumb Code     0  libinit2.o(.ARM.Collect$$libinit$$0000001B)
    __rt_lib_init_clock_1                    0x00000133   Thumb Code     0  libinit2.o(.ARM.Collect$$libinit$$00000021)
    __rt_lib_init_cpp_1                      0x00000133   Thumb Code     0  libinit2.o(.ARM.Collect$$libinit$$00000032)
    __rt_lib_init_exceptions_1               0x00000133   Thumb Code     0  libinit2.o(.ARM.Collect$$libinit$$00000030)
    __rt_lib_init_fp_1                       0x00000133   Thumb Code     0  libinit2.o(.ARM.Collect$$libinit$$00000002)
    __rt_lib_init_fp_trap_1                  0x00000133   Thumb Code     0  libinit2.o(.ARM.Collect$$libinit$$0000001F)
    __rt_lib_init_getenv_1                   0x00000133   Thumb Code     0  libinit2.o(.ARM.Collect$$libinit$$00000023)
    __rt_lib_init_heap_1                     0x00000133   Thumb Code     0  libinit2.o(.ARM.Collect$$libinit$$0000000A)
    __rt_lib_init_lc_collate_1               0x00000133   Thumb Code     0  libinit2.o(.ARM.Collect$$libinit$$00000011)
    __rt_lib_init_lc_ctype_1                 0x00000133   Thumb Code     0  libinit2.o(.ARM.Collect$$libinit$$00000013)
    __rt_lib_init_lc_monetary_1              0x00000133   Thumb Code     0  libinit2.o(.ARM.Collect$$libinit$$00000015)
    __rt_lib_init_lc_numeric_1               0x00000133   Thumb Code     0  libinit2.o(.ARM.Collect$$libinit$$00000017)
    __rt_lib_init_lc_time_1                  0x00000133   Thumb Code     0  libinit2.o(.ARM.Collect$$libinit$$00000019)
    __rt_lib_init_preinit_1                  0x00000133   Thumb Code     0  libinit2.o(.ARM.Collect$$libinit$$00000004)
    __rt_lib_init_rand_1                     0x00000133   Thumb Code     0  libinit2.o(.ARM.Collect$$libinit$$0000000E)
    __rt_lib_init_return                     0x00000133   Thumb Code     0  libinit2.o(.ARM.Collect$$libinit$$00000033)
    __rt_lib_init_signal_1                   0x00000133   Thumb Code     0  libinit2.o(.ARM.Collect$$libinit$$0000001D)
    __rt_lib_init_stdio_1                    0x00000133   Thumb Code     0  libinit2.o(.ARM.Collect$$libinit$$00000025)
    __rt_lib_init_user_alloc_1               0x00000133   Thumb Code     0  libinit2.o(.ARM.Collect$$libinit$$0000000C)
    __rt_lib_shutdown                        0x00000135   Thumb Code     0  libshutdown.o(.ARM.Collect$$libshutdown$$00000000)
    __rt_lib_shutdown_cpp_1                  0x00000137   Thumb Code     0  libshutdown2.o(.ARM.Collect$$libshutdown$$00000002)
    __rt_lib_shutdown_fp_trap_1              0x00000137   Thumb Code     0  libshutdown2.o(.ARM.Collect$$libshutdown$$00000007)
    __rt_lib_shutdown_heap_1                 0x00000137   Thumb Code     0  libshutdown2.o(.ARM.Collect$$libshutdown$$0000000F)
    __rt_lib_shutdown_return                 0x00000137   Thumb Code     0  libshutdown2.o(.ARM.Collect$$libshutdown$$00000010)
    __rt_lib_shutdown_signal_1               0x00000137   Thumb Code     0  libshutdown2.o(.ARM.Collect$$libshutdown$$0000000A)
    __rt_lib_shutdown_stdio_1                0x00000137   Thumb Code     0  libshutdown2.o(.ARM.Collect$$libshutdown$$00000004)
    __rt_lib_shutdown_user_alloc_1           0x00000137   Thumb Code     0  libshutdown2.o(.ARM.Collect$$libshutdown$$0000000C)
    __rt_entry                               0x00000139   Thumb Code     0  __rtentry.o(.ARM.Collect$$rtentry$$00000000)
    __rt_entry_presh_1                       0x00000139   Thumb Code     0  __rtentry2.o(.ARM.Collect$$rtentry$$00000002)
    __rt_entry_sh                            0x00000139   Thumb Code     0  __rtentry4.o(.ARM.Collect$$rtentry$$00000004)
    __rt_entry_li                            0x0000013f   Thumb Code     0  __rtentry2.o(.ARM.Collect$$rtentry$$0000000A)
    __rt_entry_postsh_1                      0x0000013f   Thumb Code     0  __rtentry2.o(.ARM.Collect$$rtentry$$00000009)
    __rt_entry_main                          0x00000143   Thumb Code     0  __rtentry2.o(.ARM.Collect$$rtentry$$0000000D)
    __rt_entry_postli_1                      0x00000143   Thumb Code     0  __rtentry2.o(.ARM.Collect$$rtentry$$0000000C)
    __rt_exit                                0x0000014b   Thumb Code     0  rtexit.o(.ARM.Collect$$rtexit$$00000000)
    __rt_exit_ls                             0x0000014d   Thumb Code     0  rtexit2.o(.ARM.Collect$$rtexit$$00000003)
    __rt_exit_prels_1                        0x0000014d   Thumb Code     0  rtexit2.o(.ARM.Collect$$rtexit$$00000002)
    __rt_exit_exit                           0x00000151   Thumb Code     0  rtexit2.o(.ARM.Collect$$rtexit$$00000004)
    Reset_Handler                            0x00000159   Thumb Code    26  arm_startup_nrf51.o(.text)
    NMI_Handler                              0x00000173   Thumb Code     2  arm_startup_nrf51.o(.text)
    HardFault_Handler                        0x00000175   Thumb Code     2  arm_startup_nrf51.o(.text)
    SVC_Handler                              0x00000177   Thumb Code     2  arm_startup_nrf51.o(.text)
    PendSV_Handler                           0x00000179   Thumb Code     2  arm_startup_nrf51.o(.text)
    SysTick_Handler                          0x0000017b   Thumb Code     2  arm_startup_nrf51.o(.text)
    ADC_IRQHandler                           0x0000017d   Thumb Code     0  arm_startup_nrf51.o(.text)
    CCM_AAR_IRQHandler                       0x0000017d   Thumb Code     0  arm_startup_nrf51.o(.text)
    ECB_IRQHandler                           0x0000017d   Thumb Code     0  arm_startup_nrf51.o(.text)
    LPCOMP_IRQHandler                        0x0000017d   Thumb Code     0  arm_startup_nrf51.o(.text)
    POWER_CLOCK_IRQHandler                   0x0000017d   Thumb Code     0  arm_startup_nrf51.o(.text)
    QDEC_IRQHandler                          0x0000017d   Thumb Code     0  arm_startup_nrf51.o(.text)
    RADIO_IRQHandler                         0x0000017d   Thumb Code     0  arm_startup_nrf51.o(.text)
    RNG_IRQHandler                           0x0000017d   Thumb Code     0  arm_startup_nrf51.o(.text)
    RTC0_IRQHandler                          0x0000017d   Thumb Code     0  arm_startup_nrf51.o(.text)
    SPI1_TWI1_IRQHandler                     0x0000017d   Thumb Code     0  arm_startup_nrf51.o(.text)
    SWI1_IRQHandler                          0x0000017d   Thumb Code     0  arm_startup_nrf51.o(.text)
    SWI2_IRQHandler                          0x0000017d   Thumb Code     0  arm_startup_nrf51.o(.text)
    SWI3_IRQHandler                          0x0000017d   Thumb Code     0  arm_startup_nrf51.o(.text)
    SWI4_IRQHandler                          0x0000017d   Thumb Code     0  arm_startup_nrf51.o(.text)
    SWI5_IRQHandler                          0x0000017d   Thumb Code     0  arm_startup_nrf51.o(.text)
    TEMP_IRQHandler                          0x0000017d   Thumb Code     0  arm_startup_nrf51.o(.text)
    TIMER0_IRQHandler                        0x0000017d   Thumb Code     0  arm_startup_nrf51.o(.text)
    TIMER1_IRQHandler                        0x0000017d   Thumb Code     0  arm_startup_nrf51.o(.text)
    TIMER2_IRQHandler                        0x0000017d   Thumb Code     0  arm_startup_nrf51.o(.text)
    WDT_IRQHandler                           0x0000017d   Thumb Code     0  arm_startup_nrf51.o(.text)
    __user_initial_stackheap                 0x00000181   Thumb Code    10  arm_startup_nrf51.o(.text)
    __2sprintf                               0x000001ad   Thumb Code    36  noretval__2sprintf.o(.text)
    __printf                                 0x000001d5   Thumb Code   108  __printf.o(.text)
    _printf_int_hex                          0x00000241   Thumb Code    84  _printf_hex_int.o(.text)
    _printf_longlong_hex                     0x00000241   Thumb Code     0  _printf_hex_int.o(.text)
    strlen                                   0x00000299   Thumb Code    62  strlen.o(.text)
    _memset_w                                0x000002dd   Thumb Code    26  rt_memclr.o(.text)
    _memset                                  0x000002f7   Thumb Code    30  rt_memclr.o(.text)
    __aeabi_memclr                           0x00000315   Thumb Code     4  rt_memclr.o(.text)
    __rt_memclr                              0x00000315   Thumb Code     0  rt_memclr.o(.text)
    __aeabi_memclr4                          0x00000319   Thumb Code     0  rt_memclr.o(.text)
    __aeabi_memclr8                          0x00000319   Thumb Code     0  rt_memclr.o(.text)
    __rt_memclr_w                            0x00000319   Thumb Code     4  rt_memclr.o(.text)
    __aeabi_uidiv                            0x0000031d   Thumb Code     0  aeabi_sdiv.o(.text)
    __aeabi_uidivmod                         0x0000031d   Thumb Code    20  aeabi_sdiv.o(.text)
    __aeabi_idiv                             0x00000331   Thumb Code     0  aeabi_sdiv.o(.text)
    __aeabi_idivmod                          0x00000331   Thumb Code   326  aeabi_sdiv.o(.text)
    __use_two_region_memory                  0x00000477   Thumb Code     2  heapauxi.o(.text)
    __rt_heap_escrow$2region                 0x00000479   Thumb Code     2  heapauxi.o(.text)
    __rt_heap_expand$2region                 0x0000047b   Thumb Code     2  heapauxi.o(.text)
    _printf_int_common                       0x0000047d   Thumb Code   176  _printf_intcommon.o(.text)
    _printf_char_common                      0x00000537   Thumb Code    32  _printf_char_common.o(.text)
    _sputc                                   0x0000055d   Thumb Code    10  _sputc.o(.text)
    __user_setup_stackheap                   0x00000567   Thumb Code    62  sys_stackheap_outer.o(.text)
    exit                                     0x000005a5   Thumb Code    16  exit.o(.text)
    __user_libspace                          0x000005b5   Thumb Code     8  libspace.o(.text)
    __user_perproc_libspace                  0x000005b5   Thumb Code     0  libspace.o(.text)
    __user_perthread_libspace                0x000005b5   Thumb Code     0  libspace.o(.text)
    _sys_exit                                0x000005bd   Thumb Code     8  sys_exit.o(.text)
    __I$use$semihosting                      0x000005c9   Thumb Code     0  use_no_semi.o(.text)
    __use_no_semihosting_swi                 0x000005c9   Thumb Code     2  use_no_semi.o(.text)
    __decompress                             0x000005cb   Thumb Code     0  __dczerorl2.o(.text)
    __decompress1                            0x000005cb   Thumb Code    86  __dczerorl2.o(.text)
    __semihosting_library_function           0x000005cb   Thumb Code     0  indicate_semi.o(.text)
    Adafruit_GFX_drawChar                    0x00000621   Thumb Code   246  adafruit_gfx.o(i.Adafruit_GFX_drawChar)
    Adafruit_GFX_drawFastVLine               0x00000725   Thumb Code    30  adafruit_gfx.o(i.Adafruit_GFX_drawFastVLine)
    Adafruit_GFX_drawLine                    0x00000743   Thumb Code   210  adafruit_gfx.o(i.Adafruit_GFX_drawLine)
    Adafruit_GFX_drawPixel                   0x00000815   Thumb Code    30  adafruit_gfx.o(i.Adafruit_GFX_drawPixel)
    Adafruit_GFX_fillRect                    0x00000839   Thumb Code    40  adafruit_gfx.o(i.Adafruit_GFX_fillRect)
    Adafruit_GFX_init                        0x00000861   Thumb Code    52  adafruit_gfx.o(i.Adafruit_GFX_init)
    Adafruit_GFX_setCursor                   0x000008c1   Thumb Code    10  adafruit_gfx.o(i.Adafruit_GFX_setCursor)
    Adafruit_GFX_setTextColor                0x000008d5   Thumb Code    10  adafruit_gfx.o(i.Adafruit_GFX_setTextColor)
    Adafruit_GFX_setTextSize                 0x000008e9   Thumb Code    16  adafruit_gfx.o(i.Adafruit_GFX_setTextSize)
    Adafruit_GFX_write                       0x000008fd   Thumb Code   152  adafruit_gfx.o(i.Adafruit_GFX_write)
    GPIOTE_IRQHandler                        0x000009b1   Thumb Code   618  nrf_drv_gpiote.o(i.GPIOTE_IRQHandler)
    RTC1_IRQHandler                          0x00000c29   Thumb Code    34  app_timer.o(i.RTC1_IRQHandler)
    SPI0_TWI0_IRQHandler                     0x00000c51   Thumb Code    12  nrf_drv_twi.o(i.SPI0_TWI0_IRQHandler)
    SSD1306_begin                            0x00000c65   Thumb Code   214  ssd1306.o(i.SSD1306_begin)
    SSD1306_clearDisplay                     0x00000d45   Thumb Code    14  ssd1306.o(i.SSD1306_clearDisplay)
    SSD1306_command                          0x00000d59   Thumb Code    54  ssd1306.o(i.SSD1306_command)
    SSD1306_display                          0x00000d99   Thumb Code   136  ssd1306.o(i.SSD1306_display)
    SSD1306_drawPixel                        0x00000e2d   Thumb Code   206  ssd1306.o(i.SSD1306_drawPixel)
    SWI0_IRQHandler                          0x00000f09   Thumb Code     8  app_timer.o(i.SWI0_IRQHandler)
    SystemInit                               0x00000f11   Thumb Code    76  system_nrf51.o(i.SystemInit)
    UART0_IRQHandler                         0x00000f75   Thumb Code    12  nrf_drv_uart.o(i.UART0_IRQHandler)
    app_error_fault_handler                  0x00001049   Thumb Code    48  app_error_weak.o(i.app_error_fault_handler)
    app_error_handler_bare                   0x00001081   Thumb Code    26  app_error.o(i.app_error_handler_bare)
    bsp_board_led_invert                     0x000010a1   Thumb Code    54  boards.o(i.bsp_board_led_invert)
    bsp_board_led_off                        0x000010dd   Thumb Code    16  boards.o(i.bsp_board_led_off)
    bsp_board_leds_init                      0x000010f1   Thumb Code    42  boards.o(i.bsp_board_leds_init)
    bsp_board_leds_off                       0x00001121   Thumb Code    20  boards.o(i.bsp_board_leds_off)
    main                                     0x000015f5   Thumb Code   160  main.o(i.main)
    nrf_drv_common_irq_enable                0x000017b5   Thumb Code    56  nrf_drv_common.o(i.nrf_drv_common_irq_enable)
    nrf_drv_spi_init                         0x00001801   Thumb Code   368  nrf_drv_spi.o(i.nrf_drv_spi_init)
    nrf_drv_spi_transfer                     0x00001975   Thumb Code    36  nrf_drv_spi.o(i.nrf_drv_spi_transfer)
    nrf_drv_spi_xfer                         0x00001999   Thumb Code   124  nrf_drv_spi.o(i.nrf_drv_spi_xfer)
    nrf_drv_twi_enable                       0x00001a19   Thumb Code    34  nrf_drv_twi.o(i.nrf_drv_twi_enable)
    nrf_drv_twi_init                         0x00001a41   Thumb Code   180  nrf_drv_twi.o(i.nrf_drv_twi_init)
    nrf_drv_twi_tx                           0x00001afd   Thumb Code    52  nrf_drv_twi.o(i.nrf_drv_twi_tx)
    nrf_drv_twi_xfer                         0x00001b31   Thumb Code    54  nrf_drv_twi.o(i.nrf_drv_twi_xfer)
    printStr                                 0x00001ddd   Thumb Code    62  main.o(i.printStr)
    spi_init                                 0x00001f55   Thumb Code    70  main.o(i.spi_init)
    twi_init                                 0x00002399   Thumb Code    52  main.o(i.twi_init)
    m_twi_master                             0x00002db8   Data           8  main.o(.constdata)
    Region$$Table$$Base                      0x00002e58   Number         0  anon$$obj.o(Region$$Table)
    Region$$Table$$Limit                     0x00002e78   Number         0  anon$$obj.o(Region$$Table)
    _width                                   0x20000538   Data           2  adafruit_gfx.o(.data)
    _height                                  0x2000053a   Data           2  adafruit_gfx.o(.data)
    cursor_x                                 0x2000053c   Data           2  adafruit_gfx.o(.data)
    cursor_y                                 0x2000053e   Data           2  adafruit_gfx.o(.data)
    textcolor                                0x20000540   Data           2  adafruit_gfx.o(.data)
    textbgcolor                              0x20000542   Data           2  adafruit_gfx.o(.data)
    textsize                                 0x20000544   Data           1  adafruit_gfx.o(.data)
    rotation                                 0x20000545   Data           1  adafruit_gfx.o(.data)
    wrap                                     0x20000546   Data           1  adafruit_gfx.o(.data)
    _drawPixel                               0x20000548   Data           4  adafruit_gfx.o(.data)
    _i2caddr                                 0x2000054c   Data           1  ssd1306.o(.data)
    _vccstate                                0x2000054d   Data           1  ssd1306.o(.data)
    WIDTH                                    0x20000950   Data           4  ssd1306.o(.data)
    HEIGHT                                   0x20000954   Data           4  ssd1306.o(.data)
    SystemCoreClock                          0x20000968   Data           4  system_nrf51.o(.data)
    __libspace_start                         0x20000a2c   Data          96  libspace.o(.bss)
    __temporary_stack_top$libspace           0x20000a8c   Data           0  libspace.o(.bss)



==============================================================================

Memory Map of the image

  Image Entry point : 0x000000c1

  Load Region LR_IROM1 (Base: 0x00000000, Size: 0x000037e4, Max: 0x00040000, ABSOLUTE, COMPRESSED[0x0000343c])

    Execution Region ER_IROM1 (Exec base: 0x00000000, Load base: 0x00000000, Size: 0x00002e78, Max: 0x00040000, ABSOLUTE)

    Exec Addr    Load Addr    Size         Type   Attr      Idx    E Section Name        Object

    0x00000000   0x00000000   0x000000c0   Data   RO         2085    RESET               arm_startup_nrf51.o
    0x000000c0   0x000000c0   0x00000008   Code   RO         2198  * !!!main             c_p.l(__main.o)
    0x000000c8   0x000000c8   0x0000003c   Code   RO         2378    !!!scatter          c_p.l(__scatter.o)
    0x00000104   0x00000104   0x0000001c   Code   RO         2380    !!handler_zi        c_p.l(__scatter_zi.o)
    0x00000120   0x00000120   0x00000002   Code   RO         2187    .ARM.Collect$$_printf_percent$$00000000  c_p.l(_printf_percent.o)
    0x00000122   0x00000122   0x0000000a   Code   RO         2186    .ARM.Collect$$_printf_percent$$0000000C  c_p.l(_printf_x.o)
    0x0000012c   0x0000012c   0x00000004   Code   RO         2211    .ARM.Collect$$_printf_percent$$00000017  c_p.l(_printf_percent_end.o)
    0x00000130   0x00000130   0x00000002   Code   RO         2245    .ARM.Collect$$libinit$$00000000  c_p.l(libinit.o)
    0x00000132   0x00000132   0x00000000   Code   RO         2259    .ARM.Collect$$libinit$$00000002  c_p.l(libinit2.o)
    0x00000132   0x00000132   0x00000000   Code   RO         2261    .ARM.Collect$$libinit$$00000004  c_p.l(libinit2.o)
    0x00000132   0x00000132   0x00000000   Code   RO         2264    .ARM.Collect$$libinit$$0000000A  c_p.l(libinit2.o)
    0x00000132   0x00000132   0x00000000   Code   RO         2266    .ARM.Collect$$libinit$$0000000C  c_p.l(libinit2.o)
    0x00000132   0x00000132   0x00000000   Code   RO         2268    .ARM.Collect$$libinit$$0000000E  c_p.l(libinit2.o)
    0x00000132   0x00000132   0x00000000   Code   RO         2271    .ARM.Collect$$libinit$$00000011  c_p.l(libinit2.o)
    0x00000132   0x00000132   0x00000000   Code   RO         2273    .ARM.Collect$$libinit$$00000013  c_p.l(libinit2.o)
    0x00000132   0x00000132   0x00000000   Code   RO         2275    .ARM.Collect$$libinit$$00000015  c_p.l(libinit2.o)
    0x00000132   0x00000132   0x00000000   Code   RO         2277    .ARM.Collect$$libinit$$00000017  c_p.l(libinit2.o)
    0x00000132   0x00000132   0x00000000   Code   RO         2279    .ARM.Collect$$libinit$$00000019  c_p.l(libinit2.o)
    0x00000132   0x00000132   0x00000000   Code   RO         2281    .ARM.Collect$$libinit$$0000001B  c_p.l(libinit2.o)
    0x00000132   0x00000132   0x00000000   Code   RO         2283    .ARM.Collect$$libinit$$0000001D  c_p.l(libinit2.o)
    0x00000132   0x00000132   0x00000000   Code   RO         2285    .ARM.Collect$$libinit$$0000001F  c_p.l(libinit2.o)
    0x00000132   0x00000132   0x00000000   Code   RO         2287    .ARM.Collect$$libinit$$00000021  c_p.l(libinit2.o)
    0x00000132   0x00000132   0x00000000   Code   RO         2289    .ARM.Collect$$libinit$$00000023  c_p.l(libinit2.o)
    0x00000132   0x00000132   0x00000000   Code   RO         2291    .ARM.Collect$$libinit$$00000025  c_p.l(libinit2.o)
    0x00000132   0x00000132   0x00000000   Code   RO         2295    .ARM.Collect$$libinit$$0000002C  c_p.l(libinit2.o)
    0x00000132   0x00000132   0x00000000   Code   RO         2297    .ARM.Collect$$libinit$$0000002E  c_p.l(libinit2.o)
    0x00000132   0x00000132   0x00000000   Code   RO         2299    .ARM.Collect$$libinit$$00000030  c_p.l(libinit2.o)
    0x00000132   0x00000132   0x00000000   Code   RO         2301    .ARM.Collect$$libinit$$00000032  c_p.l(libinit2.o)
    0x00000132   0x00000132   0x00000002   Code   RO         2302    .ARM.Collect$$libinit$$00000033  c_p.l(libinit2.o)
    0x00000134   0x00000134   0x00000002   Code   RO         2333    .ARM.Collect$$libshutdown$$00000000  c_p.l(libshutdown.o)
    0x00000136   0x00000136   0x00000000   Code   RO         2359    .ARM.Collect$$libshutdown$$00000002  c_p.l(libshutdown2.o)
    0x00000136   0x00000136   0x00000000   Code   RO         2361    .ARM.Collect$$libshutdown$$00000004  c_p.l(libshutdown2.o)
    0x00000136   0x00000136   0x00000000   Code   RO         2364    .ARM.Collect$$libshutdown$$00000007  c_p.l(libshutdown2.o)
    0x00000136   0x00000136   0x00000000   Code   RO         2367    .ARM.Collect$$libshutdown$$0000000A  c_p.l(libshutdown2.o)
    0x00000136   0x00000136   0x00000000   Code   RO         2369    .ARM.Collect$$libshutdown$$0000000C  c_p.l(libshutdown2.o)
    0x00000136   0x00000136   0x00000000   Code   RO         2372    .ARM.Collect$$libshutdown$$0000000F  c_p.l(libshutdown2.o)
    0x00000136   0x00000136   0x00000002   Code   RO         2373    .ARM.Collect$$libshutdown$$00000010  c_p.l(libshutdown2.o)
    0x00000138   0x00000138   0x00000000   Code   RO         2200    .ARM.Collect$$rtentry$$00000000  c_p.l(__rtentry.o)
    0x00000138   0x00000138   0x00000000   Code   RO         2213    .ARM.Collect$$rtentry$$00000002  c_p.l(__rtentry2.o)
    0x00000138   0x00000138   0x00000006   Code   RO         2225    .ARM.Collect$$rtentry$$00000004  c_p.l(__rtentry4.o)
    0x0000013e   0x0000013e   0x00000000   Code   RO         2215    .ARM.Collect$$rtentry$$00000009  c_p.l(__rtentry2.o)
    0x0000013e   0x0000013e   0x00000004   Code   RO         2216    .ARM.Collect$$rtentry$$0000000A  c_p.l(__rtentry2.o)
    0x00000142   0x00000142   0x00000000   Code   RO         2218    .ARM.Collect$$rtentry$$0000000C  c_p.l(__rtentry2.o)
    0x00000142   0x00000142   0x00000008   Code   RO         2219    .ARM.Collect$$rtentry$$0000000D  c_p.l(__rtentry2.o)
    0x0000014a   0x0000014a   0x00000002   Code   RO         2250    .ARM.Collect$$rtexit$$00000000  c_p.l(rtexit.o)
    0x0000014c   0x0000014c   0x00000000   Code   RO         2306    .ARM.Collect$$rtexit$$00000002  c_p.l(rtexit2.o)
    0x0000014c   0x0000014c   0x00000004   Code   RO         2307    .ARM.Collect$$rtexit$$00000003  c_p.l(rtexit2.o)
    0x00000150   0x00000150   0x00000006   Code   RO         2308    .ARM.Collect$$rtexit$$00000004  c_p.l(rtexit2.o)
    0x00000156   0x00000156   0x00000002   PAD
    0x00000158   0x00000158   0x00000054   Code   RO         2086    .text               arm_startup_nrf51.o
    0x000001ac   0x000001ac   0x00000028   Code   RO         2141    .text               c_p.l(noretval__2sprintf.o)
    0x000001d4   0x000001d4   0x0000006c   Code   RO         2143    .text               c_p.l(__printf.o)
    0x00000240   0x00000240   0x00000058   Code   RO         2148    .text               c_p.l(_printf_hex_int.o)
    0x00000298   0x00000298   0x00000044   Code   RO         2188    .text               c_p.l(strlen.o)
    0x000002dc   0x000002dc   0x00000040   Code   RO         2190    .text               c_p.l(rt_memclr.o)
    0x0000031c   0x0000031c   0x0000015a   Code   RO         2192    .text               c_p.l(aeabi_sdiv.o)
    0x00000476   0x00000476   0x00000006   Code   RO         2196    .text               c_p.l(heapauxi.o)
    0x0000047c   0x0000047c   0x000000b0   Code   RO         2205    .text               c_p.l(_printf_intcommon.o)
    0x0000052c   0x0000052c   0x00000030   Code   RO         2207    .text               c_p.l(_printf_char_common.o)
    0x0000055c   0x0000055c   0x0000000a   Code   RO         2209    .text               c_p.l(_sputc.o)
    0x00000566   0x00000566   0x0000003e   Code   RO         2231    .text               c_p.l(sys_stackheap_outer.o)
    0x000005a4   0x000005a4   0x00000010   Code   RO         2234    .text               c_p.l(exit.o)
    0x000005b4   0x000005b4   0x00000008   Code   RO         2246    .text               c_p.l(libspace.o)
    0x000005bc   0x000005bc   0x0000000c   Code   RO         2303    .text               c_p.l(sys_exit.o)
    0x000005c8   0x000005c8   0x00000002   Code   RO         2322    .text               c_p.l(use_no_semi.o)
    0x000005ca   0x000005ca   0x00000000   Code   RO         2324    .text               c_p.l(indicate_semi.o)
    0x000005ca   0x000005ca   0x00000056   Code   RO         2376    .text               c_p.l(__dczerorl2.o)
    0x00000620   0x00000620   0x00000104   Code   RO         1759    i.Adafruit_GFX_drawChar  adafruit_gfx.o
    0x00000724   0x00000724   0x0000001e   Code   RO         1763    i.Adafruit_GFX_drawFastVLine  adafruit_gfx.o
    0x00000742   0x00000742   0x000000d2   Code   RO         1764    i.Adafruit_GFX_drawLine  adafruit_gfx.o
    0x00000814   0x00000814   0x00000024   Code   RO         1765    i.Adafruit_GFX_drawPixel  adafruit_gfx.o
    0x00000838   0x00000838   0x00000028   Code   RO         1771    i.Adafruit_GFX_fillRect  adafruit_gfx.o
    0x00000860   0x00000860   0x00000060   Code   RO         1777    i.Adafruit_GFX_init  adafruit_gfx.o
    0x000008c0   0x000008c0   0x00000014   Code   RO         1779    i.Adafruit_GFX_setCursor  adafruit_gfx.o
    0x000008d4   0x000008d4   0x00000014   Code   RO         1780    i.Adafruit_GFX_setTextColor  adafruit_gfx.o
    0x000008e8   0x000008e8   0x00000014   Code   RO         1781    i.Adafruit_GFX_setTextSize  adafruit_gfx.o
    0x000008fc   0x000008fc   0x000000b4   Code   RO         1784    i.Adafruit_GFX_write  adafruit_gfx.o
    0x000009b0   0x000009b0   0x00000278   Code   RO          506    i.GPIOTE_IRQHandler  nrf_drv_gpiote.o
    0x00000c28   0x00000c28   0x00000028   Code   RO         1448    i.RTC1_IRQHandler   app_timer.o
    0x00000c50   0x00000c50   0x00000014   Code   RO         1121    i.SPI0_TWI0_IRQHandler  nrf_drv_twi.o
    0x00000c64   0x00000c64   0x000000e0   Code   RO         1945    i.SSD1306_begin     ssd1306.o
    0x00000d44   0x00000d44   0x00000014   Code   RO         1946    i.SSD1306_clearDisplay  ssd1306.o
    0x00000d58   0x00000d58   0x00000040   Code   RO         1947    i.SSD1306_command   ssd1306.o
    0x00000d98   0x00000d98   0x00000094   Code   RO         1949    i.SSD1306_display   ssd1306.o
    0x00000e2c   0x00000e2c   0x000000dc   Code   RO         1954    i.SSD1306_drawPixel  ssd1306.o
    0x00000f08   0x00000f08   0x00000008   Code   RO         1449    i.SWI0_IRQHandler   app_timer.o
    0x00000f10   0x00000f10   0x00000064   Code   RO         2093    i.SystemInit        system_nrf51.o
    0x00000f74   0x00000f74   0x00000014   Code   RO          901    i.UART0_IRQHandler  nrf_drv_uart.o
    0x00000f88   0x00000f88   0x00000018   Code   RO         1450    i.__NVIC_ClearPendingIRQ  app_timer.o
    0x00000fa0   0x00000fa0   0x00000018   Code   RO         1451    i.__NVIC_EnableIRQ  app_timer.o
    0x00000fb8   0x00000fb8   0x00000018   Code   RO         1452    i.__NVIC_SetPendingIRQ  app_timer.o
    0x00000fd0   0x00000fd0   0x00000078   Code   RO          475    i.__NVIC_SetPriority  nrf_drv_common.o
    0x00001048   0x00001048   0x00000038   Code   RO         1425    i.app_error_fault_handler  app_error_weak.o
    0x00001080   0x00001080   0x00000020   Code   RO         1381    i.app_error_handler_bare  app_error.o
    0x000010a0   0x000010a0   0x0000003c   Code   RO          202    i.bsp_board_led_invert  boards.o
    0x000010dc   0x000010dc   0x00000014   Code   RO          203    i.bsp_board_led_off  boards.o
    0x000010f0   0x000010f0   0x00000030   Code   RO          206    i.bsp_board_leds_init  boards.o
    0x00001120   0x00001120   0x00000014   Code   RO          207    i.bsp_board_leds_off  boards.o
    0x00001134   0x00001134   0x00000010   Code   RO          508    i.channel_handler_get  nrf_drv_gpiote.o
    0x00001144   0x00001144   0x0000000c   Code   RO          510    i.channel_port_get  nrf_drv_gpiote.o
    0x00001150   0x00001150   0x0000008c   Code   RO         1461    i.compare_reg_update  app_timer.o
    0x000011dc   0x000011dc   0x00000064   Code   RO         1462    i.elapsed_ticks_acquire  app_timer.o
    0x00001240   0x00001240   0x0000005c   Code   RO         1463    i.expired_timers_handler  app_timer.o
    0x0000129c   0x0000129c   0x00000004   Code   RO         1961    i.getRotation       ssd1306.o
    0x000012a0   0x000012a0   0x00000004   Code   RO         1962    i.height            ssd1306.o
    0x000012a4   0x000012a4   0x000000e2   Code   RO         1122    i.irq_handler_twi   nrf_drv_twi.o
    0x00001386   0x00001386   0x00000002   PAD
    0x00001388   0x00001388   0x00000038   Code   RO         2094    i.is_disabled_in_debug_needed  system_nrf51.o
    0x000013c0   0x000013c0   0x0000006c   Code   RO         2095    i.is_manual_peripheral_setup_needed  system_nrf51.o
    0x0000142c   0x0000142c   0x00000054   Code   RO         2096    i.is_peripheral_domain_setup_needed  system_nrf51.o
    0x00001480   0x00001480   0x0000007c   Code   RO         1464    i.list_deletions_handler  app_timer.o
    0x000014fc   0x000014fc   0x000000f8   Code   RO         1465    i.list_insertions_handler  app_timer.o
    0x000015f4   0x000015f4   0x000000e0   Code   RO            3    i.main              main.o
    0x000016d4   0x000016d4   0x00000016   Code   RO          511    i.nrf_bitmask_bit_is_set  nrf_drv_gpiote.o
    0x000016ea   0x000016ea   0x00000002   PAD
    0x000016ec   0x000016ec   0x00000048   Code   RO            4    i.nrf_delay_ms      main.o
    0x00001734   0x00001734   0x00000040   Code   RO         1123    i.nrf_delay_us      nrf_drv_twi.o
    0x00001774   0x00001774   0x00000040   Code   RO         1466    i.nrf_delay_us      app_timer.o
    0x000017b4   0x000017b4   0x00000040   Code   RO          476    i.nrf_drv_common_irq_enable  nrf_drv_common.o
    0x000017f4   0x000017f4   0x0000000a   Code   RO         1124    i.nrf_drv_get_IRQn  nrf_drv_twi.o
    0x000017fe   0x000017fe   0x00000002   PAD
    0x00001800   0x00001800   0x00000174   Code   RO          785    i.nrf_drv_spi_init  nrf_drv_spi.o
    0x00001974   0x00001974   0x00000024   Code   RO          786    i.nrf_drv_spi_transfer  nrf_drv_spi.o
    0x00001998   0x00001998   0x00000080   Code   RO          788    i.nrf_drv_spi_xfer  nrf_drv_spi.o
    0x00001a18   0x00001a18   0x00000028   Code   RO         1127    i.nrf_drv_twi_enable  nrf_drv_twi.o
    0x00001a40   0x00001a40   0x000000bc   Code   RO         1128    i.nrf_drv_twi_init  nrf_drv_twi.o
    0x00001afc   0x00001afc   0x00000034   Code   RO         1132    i.nrf_drv_twi_tx    nrf_drv_twi.o
    0x00001b30   0x00001b30   0x0000003c   Code   RO         1134    i.nrf_drv_twi_xfer  nrf_drv_twi.o
    0x00001b6c   0x00001b6c   0x0000002a   Code   RO          211    i.nrf_gpio_cfg      boards.o
    0x00001b96   0x00001b96   0x0000002a   Code   RO          789    i.nrf_gpio_cfg      nrf_drv_spi.o
    0x00001bc0   0x00001bc0   0x00000018   Code   RO          790    i.nrf_gpio_cfg_output  nrf_drv_spi.o
    0x00001bd8   0x00001bd8   0x00000040   Code   RO          533    i.nrf_gpio_cfg_sense_set  nrf_drv_gpiote.o
    0x00001c18   0x00001c18   0x00000018   Code   RO          791    i.nrf_gpio_pin_clear  nrf_drv_spi.o
    0x00001c30   0x00001c30   0x00000018   Code   RO         1135    i.nrf_gpio_pin_clear  nrf_drv_twi.o
    0x00001c48   0x00001c48   0x00000018   Code   RO          792    i.nrf_gpio_pin_set  nrf_drv_spi.o
    0x00001c60   0x00001c60   0x00000018   Code   RO         1136    i.nrf_gpio_pin_set  nrf_drv_twi.o
    0x00001c78   0x00001c78   0x00000040   Code   RO          212    i.nrf_gpio_pin_write  boards.o
    0x00001cb8   0x00001cb8   0x00000030   Code   RO          537    i.nrf_gpio_ports_read  nrf_drv_gpiote.o
    0x00001ce8   0x00001ce8   0x0000000c   Code   RO          538    i.nrf_gpiote_event_addr_get  nrf_drv_gpiote.o
    0x00001cf4   0x00001cf4   0x00000010   Code   RO          539    i.nrf_gpiote_event_clear  nrf_drv_gpiote.o
    0x00001d04   0x00001d04   0x00000016   Code   RO          540    i.nrf_gpiote_event_is_set  nrf_drv_gpiote.o
    0x00001d1a   0x00001d1a   0x00000006   Code   RO          793    i.nrf_spi_event_clear  nrf_drv_spi.o
    0x00001d20   0x00001d20   0x0000000a   Code   RO          794    i.nrf_spi_int_disable  nrf_drv_spi.o
    0x00001d2a   0x00001d2a   0x0000000a   Code   RO          795    i.nrf_spi_int_enable  nrf_drv_spi.o
    0x00001d34   0x00001d34   0x0000000a   Code   RO          796    i.nrf_spi_txd_set   nrf_drv_spi.o
    0x00001d3e   0x00001d3e   0x00000014   Code   RO         1137    i.nrf_twi_errorsrc_get_and_clear  nrf_drv_twi.o
    0x00001d52   0x00001d52   0x00000010   Code   RO         1138    i.nrf_twi_event_check  nrf_drv_twi.o
    0x00001d62   0x00001d62   0x00000006   Code   RO         1139    i.nrf_twi_event_clear  nrf_drv_twi.o
    0x00001d68   0x00001d68   0x0000000a   Code   RO         1140    i.nrf_twi_int_disable  nrf_drv_twi.o
    0x00001d72   0x00001d72   0x0000000a   Code   RO         1141    i.nrf_twi_int_enable  nrf_drv_twi.o
    0x00001d7c   0x00001d7c   0x00000008   Code   RO         1142    i.nrf_twi_shorts_set  nrf_drv_twi.o
    0x00001d84   0x00001d84   0x00000006   Code   RO         1143    i.nrf_twi_task_trigger  nrf_drv_twi.o
    0x00001d8a   0x00001d8a   0x00000014   Code   RO          921    i.nrf_uart_errorsrc_get_and_clear  nrf_drv_uart.o
    0x00001d9e   0x00001d9e   0x00000010   Code   RO          922    i.nrf_uart_event_check  nrf_drv_uart.o
    0x00001dae   0x00001dae   0x00000006   Code   RO          923    i.nrf_uart_event_clear  nrf_drv_uart.o
    0x00001db4   0x00001db4   0x0000000a   Code   RO          925    i.nrf_uart_int_disable  nrf_drv_uart.o
    0x00001dbe   0x00001dbe   0x00000018   Code   RO          927    i.nrf_uart_int_enable_check  nrf_drv_uart.o
    0x00001dd6   0x00001dd6   0x00000006   Code   RO          928    i.nrf_uart_task_trigger  nrf_drv_uart.o
    0x00001ddc   0x00001ddc   0x0000003e   Code   RO            5    i.printStr          main.o
    0x00001e1a   0x00001e1a   0x00000002   PAD
    0x00001e1c   0x00001e1c   0x0000000c   Code   RO         1467    i.rtc1_compare0_set  app_timer.o
    0x00001e28   0x00001e28   0x0000000c   Code   RO         1468    i.rtc1_counter_get  app_timer.o
    0x00001e34   0x00001e34   0x0000003c   Code   RO         1470    i.rtc1_start        app_timer.o
    0x00001e70   0x00001e70   0x00000080   Code   RO         1471    i.rtc1_stop         app_timer.o
    0x00001ef0   0x00001ef0   0x00000048   Code   RO          931    i.rx_byte           nrf_drv_uart.o
    0x00001f38   0x00001f38   0x0000001c   Code   RO          932    i.rx_done_event     nrf_drv_uart.o
    0x00001f54   0x00001f54   0x00000050   Code   RO            7    i.spi_init          main.o
    0x00001fa4   0x00001fa4   0x000000a2   Code   RO          797    i.spi_xfer          nrf_drv_spi.o
    0x00002046   0x00002046   0x0000000a   Code   RO         1472    i.ticks_diff_get    app_timer.o
    0x00002050   0x00002050   0x0000003c   Code   RO         1473    i.timeout_handler_exec  app_timer.o
    0x0000208c   0x0000208c   0x00000058   Code   RO         1474    i.timer_list_handler  app_timer.o
    0x000020e4   0x000020e4   0x0000000a   Code   RO         1475    i.timer_list_handler_sched  app_timer.o
    0x000020ee   0x000020ee   0x00000002   PAD
    0x000020f0   0x000020f0   0x0000006c   Code   RO         1476    i.timer_list_insert  app_timer.o
    0x0000215c   0x0000215c   0x00000070   Code   RO         1477    i.timer_list_remove  app_timer.o
    0x000021cc   0x000021cc   0x00000094   Code   RO         1480    i.timer_timeouts_check  app_timer.o
    0x00002260   0x00002260   0x0000000a   Code   RO         1481    i.timer_timeouts_check_sched  app_timer.o
    0x0000226a   0x0000226a   0x0000006e   Code   RO          798    i.transfer_byte     nrf_drv_spi.o
    0x000022d8   0x000022d8   0x000000c0   Code   RO         1144    i.twi_clear_bus     nrf_drv_twi.o
    0x00002398   0x00002398   0x0000003c   Code   RO            9    i.twi_init          main.o
    0x000023d4   0x000023d4   0x0000002c   Code   RO         1145    i.twi_process_error  nrf_drv_twi.o
    0x00002400   0x00002400   0x0000004c   Code   RO         1146    i.twi_receive_byte  nrf_drv_twi.o
    0x0000244c   0x0000244c   0x000000bc   Code   RO         1147    i.twi_rx_start_transfer  nrf_drv_twi.o
    0x00002508   0x00002508   0x00000044   Code   RO         1148    i.twi_send_byte     nrf_drv_twi.o
    0x0000254c   0x0000254c   0x00000132   Code   RO         1149    i.twi_transfer      nrf_drv_twi.o
    0x0000267e   0x0000267e   0x00000002   PAD
    0x00002680   0x00002680   0x000000c0   Code   RO         1150    i.twi_tx_start_transfer  nrf_drv_twi.o
    0x00002740   0x00002740   0x000000c8   Code   RO         1151    i.twi_xfer          nrf_drv_twi.o
    0x00002808   0x00002808   0x0000002a   Code   RO          934    i.tx_byte           nrf_drv_uart.o
    0x00002832   0x00002832   0x00000022   Code   RO          935    i.tx_done_event     nrf_drv_uart.o
    0x00002854   0x00002854   0x00000158   Code   RO          936    i.uart_irq_handler  nrf_drv_uart.o
    0x000029ac   0x000029ac   0x00000004   Code   RO         1963    i.width             ssd1306.o
    0x000029b0   0x000029b0   0x00000430   Data   RO           11    .constdata          main.o
    0x00002de0   0x00002de0   0x00000008   Data   RO          213    .constdata          boards.o
    0x00002de8   0x00002de8   0x00000047   Data   RO          548    .constdata          nrf_drv_gpiote.o
    0x00002e2f   0x00002e2f   0x00000028   Data   RO         2149    .constdata          c_p.l(_printf_hex_int.o)
    0x00002e57   0x00002e57   0x00000001   PAD
    0x00002e58   0x00002e58   0x00000020   Data   RO         2374    Region$$Table       anon$$obj.o


    Execution Region RW_IRAM1 (Exec base: 0x20000000, Load base: 0x00002e78, Size: 0x00001a90, Max: 0x00004000, ABSOLUTE, COMPRESSED[0x000005c4])

    Exec Addr    Load Addr    Size         Type   Attr      Idx    E Section Name        Object

    0x20000000   COMPRESSED   0x00000015   Data   RW           12    .data               main.o
    0x20000015   COMPRESSED   0x00000003   PAD
    0x20000018   COMPRESSED   0x00000022   Data   RW         1484    .data               app_timer.o
    0x2000003a   COMPRESSED   0x00000002   PAD
    0x2000003c   COMPRESSED   0x00000510   Data   RW         1785    .data               adafruit_gfx.o
    0x2000054c   COMPRESSED   0x0000041c   Data   RW         1965    .data               ssd1306.o
    0x20000968   COMPRESSED   0x00000004   Data   RW         2097    .data               system_nrf51.o
    0x2000096c        -       0x00000014   Zero   RW           10    .bss                main.o
    0x20000980        -       0x00000048   Zero   RW          547    .bss                nrf_drv_gpiote.o
    0x200009c8        -       0x00000020   Zero   RW          799    .bss                nrf_drv_spi.o
    0x200009e8        -       0x0000001c   Zero   RW          937    .bss                nrf_drv_uart.o
    0x20000a04        -       0x00000028   Zero   RW         1152    .bss                nrf_drv_twi.o
    0x20000a2c        -       0x00000060   Zero   RW         2247    .bss                c_p.l(libspace.o)
    0x20000a8c   COMPRESSED   0x00000004   PAD
    0x20000a90        -       0x00000800   Zero   RW         2084    HEAP                arm_startup_nrf51.o
    0x20001290        -       0x00000800   Zero   RW         2083    STACK               arm_startup_nrf51.o


==============================================================================

Image component sizes


      Code (inc. data)   RO Data    RW Data    ZI Data      Debug   Object Name

       912        116          0       1296          0       8082   adafruit_gfx.o
        32          6          0          0          0       3793   app_error.o
        56          8          0          0          0       7710   app_error_weak.o
      1646        210          0         34          0      22936   app_timer.o
        84         36        192          0       4096        732   arm_startup_nrf51.o
       254         16          8          0          0       7678   boards.o
         0          0          0          0          0       1612   bsp.o
       498         92       1072         21         20      36643   main.o
       184         18          0          0          0       9848   nrf_drv_common.o
       844         34         71          0         72      19685   nrf_drv_gpiote.o
       958          8          0          0         32      16861   nrf_drv_spi.o
      2050         54          0          0         40      27779   nrf_drv_twi.o
       622          8          0          0         28      15179   nrf_drv_uart.o
       688         52          0       1052          0       7160   ssd1306.o
       348         38          0          4          0       2439   system_nrf51.o

    ----------------------------------------------------------------------
      9188        696       1375       2412       4288     188137   Object Totals
         0          0         32          0          0          0   (incl. Generated)
        12          0          0          5          0          0   (incl. Padding)

    ----------------------------------------------------------------------

      Code (inc. data)   RO Data    RW Data    ZI Data      Debug   Library Member Name

        86          0          0          0          0          0   __dczerorl2.o
         8          0          0          0          0         68   __main.o
       108          0          0          0          0         76   __printf.o
         0          0          0          0          0          0   __rtentry.o
        12          0          0          0          0          0   __rtentry2.o
         6          0          0          0          0          0   __rtentry4.o
        60          8          0          0          0          0   __scatter.o
        28          0          0          0          0          0   __scatter_zi.o
        48          6          0          0          0         88   _printf_char_common.o
        88          4         40          0          0         72   _printf_hex_int.o
       176          0          0          0          0         84   _printf_intcommon.o
         2          0          0          0          0          0   _printf_percent.o
         4          0          0          0          0          0   _printf_percent_end.o
        10          0          0          0          0          0   _printf_x.o
        10          0          0          0          0         60   _sputc.o
       346          0          0          0          0         92   aeabi_sdiv.o
        16          0          0          0          0         68   exit.o
         6          0          0          0          0        136   heapauxi.o
         0          0          0          0          0          0   indicate_semi.o
         2          0          0          0          0          0   libinit.o
         2          0          0          0          0          0   libinit2.o
         2          0          0          0          0          0   libshutdown.o
         2          0          0          0          0          0   libshutdown2.o
         8          4          0          0         96         68   libspace.o
        40          4          0          0          0         84   noretval__2sprintf.o
        64          0          0          0          0        108   rt_memclr.o
         2          0          0          0          0          0   rtexit.o
        10          0          0          0          0          0   rtexit2.o
        68          6          0          0          0         72   strlen.o
        12          4          0          0          0         60   sys_exit.o
        62          0          0          0          0         80   sys_stackheap_outer.o
         2          0          0          0          0         68   use_no_semi.o

    ----------------------------------------------------------------------
      1292         36         41          0        100       1284   Library Totals
         2          0          1          0          4          0   (incl. Padding)

    ----------------------------------------------------------------------

      Code (inc. data)   RO Data    RW Data    ZI Data      Debug   Library Name

      1290         36         40          0         96       1284   c_p.l

    ----------------------------------------------------------------------
      1292         36         41          0        100       1284   Library Totals

    ----------------------------------------------------------------------

==============================================================================


      Code (inc. data)   RO Data    RW Data    ZI Data      Debug   

     10480        732       1416       2412       4388     183737   Grand Totals
     10480        732       1416       1476       4388     183737   ELF Image Totals (compressed)
     10480        732       1416       1476          0          0   ROM Totals

==============================================================================

    Total RO  Size (Code + RO Data)                11896 (  11.62kB)
    Total RW  Size (RW Data + ZI Data)              6800 (   6.64kB)
    Total ROM Size (Code + RO Data + RW Data)      13372 (  13.06kB)

==============================================================================

